../Core/Src/bmp280.cpp:31:1:BMP280::BMP280(BMP280_HandleTypedef*)	16	static
../Core/Src/bmp280.cpp:35:1:BMP280::~BMP280()	16	static
../Core/Src/bmp280.cpp:37:6:void BMP280::bmp280_init_default_params()	16	static
../Core/Src/bmp280.cpp:46:6:bool BMP280::read_register16(uint8_t, uint16_t*)	48	static
../Core/Src/bmp280.cpp:60:12:int BMP280::read_data(uint8_t, uint8_t*, uint8_t)	56	static
../Core/Src/bmp280.cpp:70:6:bool BMP280::read_calibration_data()	16	static
../Core/Src/bmp280.cpp:91:6:bool BMP280::read_hum_calibration_data()	24	static
../Core/Src/bmp280.cpp:109:5:int BMP280::write_register8(uint8_t, uint8_t)	40	static
../Core/Src/bmp280.cpp:120:6:bool BMP280::bmp280_init()	24	static
../Core/Src/bmp280.cpp:185:6:bool BMP280::bmp280_force_measurement()	24	static
../Core/Src/bmp280.cpp:197:6:bool BMP280::bmp280_is_measuring()	24	static
../Core/Src/bmp280.cpp:212:16:int32_t BMP280::compensate_temperature(int32_t, int32_t*)	32	static
../Core/Src/bmp280.cpp:230:17:uint32_t BMP280::compensate_pressure(int32_t, int32_t)	336	static
../Core/Src/bmp280.cpp:259:17:uint32_t BMP280::compensate_humidity(int32_t, int32_t)	32	static
../Core/Src/bmp280.cpp:277:6:bool BMP280::bmp280_read_fixed(int32_t*, uint32_t*, uint32_t*)	56	static
../Core/Src/bmp280.cpp:311:6:bool BMP280::bmp280_read_float(float*, float*, float*)	40	static
