2025-06-28 21:42:54,250 [INFO] Activator:176 - 


2025-06-28 21:42:54,255 [INFO] Activator:177 - !SESSION log4j initialized
2025-06-28 21:43:03,270 [INFO] LogOutputStream:77 - [STDOUT_REDIRECT] 
2025-06-28 21:43:07,294 [INFO] ApplicationProperties:184 - Using Application install path: C:\ST\STM32CubeIDE_1.15.1\STM32CubeIDE\plugins\com.st.stm32cube.common.mx_6.11.1.202404110753
2025-06-28 21:43:07,310 [INFO] DbMcusXml:78 - Set database path to: C:\ST\STM32CubeIDE_1.15.1\STM32CubeIDE\plugins\com.st.stm32cube.common.mx_6.11.1.202404110753\\db\/mcu/
2025-06-28 21:43:07,310 [INFO] ApiDb:274 - Set plugin database path to: C:\ST\STM32CubeIDE_1.15.1\STM32CubeIDE\plugins\com.st.stm32cube.common.mx_6.11.1.202404110753\\db\/plugins/boardmanager/
2025-06-28 21:43:07,312 [WARN] ApiDb:259 - Overriding images path with different value:  => C:\ST\STM32CubeIDE_1.15.1\STM32CubeIDE\plugins\com.st.stm32cube.common.mx_6.11.1.202404110753\\db\/plugins/mcufinder/images/
2025-06-28 21:43:07,324 [INFO] ApiDb:250 - Set database path to: C:\Users\Robin\.stmcufinder\plugins\mcufinder//mcu/
2025-06-28 21:43:07,325 [INFO] DbMcusAds:125 - Set database path to: C:\Users\Robin\.stmcufinder\plugins\mcufinder//mcu/
2025-06-28 21:43:07,326 [INFO] CrossReferenceDbSqlite:203 - Set database path to: C:\Users\Robin\.stmcufinder\plugins\mcufinder//mcu/cs/
2025-06-28 21:43:07,420 [INFO] RulesReader:64 - Compatibility file has been processed (297 Rules)
2025-06-28 21:43:07,505 [INFO] DbMcusXml:78 - Set database path to: C:\ST\STM32CubeIDE_1.15.1\STM32CubeIDE\plugins\com.st.stm32cube.common.mx_6.11.1.202404110753\\db\/mcu/
2025-06-28 21:43:07,505 [INFO] ApiDb:274 - Set plugin database path to: C:\ST\STM32CubeIDE_1.15.1\STM32CubeIDE\plugins\com.st.stm32cube.common.mx_6.11.1.202404110753\\db\/plugins/boardmanager/
2025-06-28 21:43:07,505 [INFO] ApiDb:261 - Set plugin images path to: C:\ST\STM32CubeIDE_1.15.1\STM32CubeIDE\plugins\com.st.stm32cube.common.mx_6.11.1.202404110753\\db\/plugins/mcufinder/images/
2025-06-28 21:43:07,505 [WARN] DbFile:41 - Overriding database path with different value: C:\Users\Robin\.stmcufinder\plugins\mcufinder/ => C:\Users\Robin\.stmcufinder\plugins\mcufinder
2025-06-28 21:43:07,505 [INFO] ApiDb:250 - Set database path to: C:\Users\Robin\.stmcufinder\plugins\mcufinder//mcu/
2025-06-28 21:43:07,505 [WARN] DbFile:41 - Overriding database path with different value: C:\Users\Robin\.stmcufinder\plugins\mcufinder/ => C:\Users\Robin\.stmcufinder\plugins\mcufinder
2025-06-28 21:43:07,506 [INFO] DbMcusAds:125 - Set database path to: C:\Users\Robin\.stmcufinder\plugins\mcufinder//mcu/
2025-06-28 21:43:07,506 [WARN] DbFile:41 - Overriding database path with different value: C:\Users\Robin\.stmcufinder\plugins\mcufinder/ => C:\Users\Robin\.stmcufinder\plugins\mcufinder
2025-06-28 21:43:07,506 [WARN] DbFile:41 - Overriding database path with different value: C:\Users\Robin\.stmcufinder\plugins\mcufinder/ => C:\Users\Robin\.stmcufinder\plugins\mcufinder
2025-06-28 21:43:07,506 [INFO] CrossReferenceDbSqlite:203 - Set database path to: C:\Users\Robin\.stmcufinder\plugins\mcufinder//mcu/cs/
2025-06-28 21:43:07,586 [INFO] MainPanel:264 - HeapMemory: 268435456
2025-06-28 21:43:07,668 [INFO] DbMcusXml:78 - Set database path to: C:\ST\STM32CubeIDE_1.15.1\STM32CubeIDE\plugins\com.st.stm32cube.common.mx_6.11.1.202404110753\\db\/mcu/
2025-06-28 21:43:07,668 [INFO] ApiDb:274 - Set plugin database path to: C:\ST\STM32CubeIDE_1.15.1\STM32CubeIDE\plugins\com.st.stm32cube.common.mx_6.11.1.202404110753\\db\/plugins/boardmanager/
2025-06-28 21:43:07,668 [INFO] ApiDb:261 - Set plugin images path to: C:\ST\STM32CubeIDE_1.15.1\STM32CubeIDE\plugins\com.st.stm32cube.common.mx_6.11.1.202404110753\\db\/plugins/mcufinder/images/
2025-06-28 21:43:07,668 [WARN] DbFile:41 - Overriding database path with different value: C:\Users\Robin\.stmcufinder\plugins\mcufinder/ => C:\Users\Robin\.stmcufinder\plugins\mcufinder
2025-06-28 21:43:07,668 [INFO] ApiDb:250 - Set database path to: C:\Users\Robin\.stmcufinder\plugins\mcufinder//mcu/
2025-06-28 21:43:07,668 [WARN] DbFile:41 - Overriding database path with different value: C:\Users\Robin\.stmcufinder\plugins\mcufinder/ => C:\Users\Robin\.stmcufinder\plugins\mcufinder
2025-06-28 21:43:07,668 [INFO] DbMcusAds:125 - Set database path to: C:\Users\Robin\.stmcufinder\plugins\mcufinder//mcu/
2025-06-28 21:43:07,668 [WARN] DbFile:41 - Overriding database path with different value: C:\Users\Robin\.stmcufinder\plugins\mcufinder/ => C:\Users\Robin\.stmcufinder\plugins\mcufinder
2025-06-28 21:43:07,668 [WARN] DbFile:41 - Overriding database path with different value: C:\Users\Robin\.stmcufinder\plugins\mcufinder/ => C:\Users\Robin\.stmcufinder\plugins\mcufinder
2025-06-28 21:43:07,669 [INFO] CrossReferenceDbSqlite:203 - Set database path to: C:\Users\Robin\.stmcufinder\plugins\mcufinder//mcu/cs/
2025-06-28 21:43:07,694 [INFO] ApplicationProperties:184 - Using Application install path: C:\ST\STM32CubeIDE_1.15.1\STM32CubeIDE\plugins\com.st.stm32cube.common.mx_6.11.1.202404110753
2025-06-28 21:43:07,695 [INFO] PluginManage:196 - Search for loadable plugins [exclusion list=, ]
2025-06-28 21:43:07,697 [INFO] PluginManage:310 - Check plugin analytics
2025-06-28 21:43:07,845 [INFO] AnalyticsPlugin:253 - Accepted Software Licenses: STM32CubeMX.6.14.1
2025-06-28 21:43:07,846 [INFO] AnalyticsPlugin:255 - Accepted CMSIS Pack Licenses: STMicroelectronics.X-CUBE-MEMS1.8.3.0
2025-06-28 21:43:07,846 [INFO] AnalyticsPlugin:257 - Accepted Firmware Licenses: FW.F4.1.28.0
2025-06-28 21:43:07,848 [INFO] PluginManage:359 - Loaded plugin analytics (category:tool,tabindex:-1)
2025-06-28 21:43:07,848 [INFO] PluginManage:310 - Check plugin cadmodel
2025-06-28 21:43:07,869 [INFO] CADModel:105 - Init CAD model plugin
2025-06-28 21:43:07,869 [INFO] PluginManage:359 - Loaded plugin cadmodel (category:power,tabindex:5)
2025-06-28 21:43:07,870 [INFO] PluginManage:310 - Check plugin clock
2025-06-28 21:43:07,890 [INFO] PluginManage:359 - Loaded plugin clock (category:base,tabindex:2)
2025-06-28 21:43:07,890 [INFO] PluginManage:310 - Check plugin ddr
2025-06-28 21:43:07,892 [INFO] PluginManage:359 - Loaded plugin ddr (category:tool,tabindex:6)
2025-06-28 21:43:07,892 [INFO] PluginManage:310 - Check plugin filemanager
2025-06-28 21:43:08,021 [INFO] PluginManage:359 - Loaded plugin filemanager (category:base,tabindex:10)
2025-06-28 21:43:08,022 [INFO] PluginManage:310 - Check plugin ipmanager
2025-06-28 21:43:08,028 [INFO] PluginManage:359 - Loaded plugin ipmanager (category:base,tabindex:5)
2025-06-28 21:43:08,028 [INFO] PluginManage:310 - Check plugin lpbam
2025-06-28 21:43:08,045 [INFO] PluginManage:359 - Loaded plugin lpbam (category:base,tabindex:0)
2025-06-28 21:43:08,046 [INFO] PluginManage:310 - Check plugin memorymap
2025-06-28 21:43:08,071 [INFO] PluginManage:359 - Loaded plugin memorymap (category:base,tabindex:4)
2025-06-28 21:43:08,071 [INFO] PluginManage:310 - Check plugin pinoutandconfiguration
2025-06-28 21:43:08,091 [INFO] PluginManage:359 - Loaded plugin pinoutandconfiguration (category:base,tabindex:1)
2025-06-28 21:43:08,091 [INFO] PluginManage:310 - Check plugin pinoutconfig
2025-06-28 21:43:08,175 [WARN] SupportedApi:132 - Cannot load RTOS API schema: s4s-elt-must-match.1: The content of 'definitions' must match (annotation?, (simpleType | complexType)?, (unique | key | keyref)*)). A problem was found starting at: attribute.
2025-06-28 21:43:08,273 [INFO] PluginManage:359 - Loaded plugin pinoutconfig (category:base,tabindex:0)
2025-06-28 21:43:08,273 [INFO] PluginManage:310 - Check plugin power
2025-06-28 21:43:08,293 [INFO] PluginManage:359 - Loaded plugin power (category:power,tabindex:4)
2025-06-28 21:43:08,293 [INFO] PluginManage:310 - Check plugin projectmanager
2025-06-28 21:43:08,305 [INFO] PluginManage:359 - Loaded plugin projectmanager (category:projectmanager,tabindex:3)
2025-06-28 21:43:08,305 [INFO] PluginManage:310 - Check plugin thirdparty
2025-06-28 21:43:08,541 [INFO] PluginManage:359 - Loaded plugin thirdparty (category:base,tabindex:-1)
2025-06-28 21:43:08,541 [WARN] IntegrityCheckThread:84 - waiting for thirdparty lock release [integrity check]
2025-06-28 21:43:08,541 [INFO] PluginManage:310 - Check plugin tools
2025-06-28 21:43:08,541 [INFO] IntegrityCheckThread:86 - entering critical section [integrity check]
2025-06-28 21:43:08,542 [INFO] ThirdPartyUpdaterWithRetryManager:70 - Updater plugin not ready yet. [1/15]
2025-06-28 21:43:08,574 [INFO] PluginManage:359 - Loaded plugin tools (category:base,tabindex:7)
2025-06-28 21:43:08,574 [INFO] PluginManage:310 - Check plugin tutovideos
2025-06-28 21:43:08,711 [INFO] PluginManage:359 - Loaded plugin tutovideos (category:base,tabindex:-1)
2025-06-28 21:43:08,711 [INFO] PluginManage:310 - Check plugin updater
2025-06-28 21:43:08,719 [INFO] PluginManage:359 - Loaded plugin updater (category:base,tabindex:12)
2025-06-28 21:43:08,719 [INFO] PluginManage:310 - Check plugin userauth
2025-06-28 21:43:08,723 [INFO] UserAuth:114 - Init User Auth plugin
2025-06-28 21:43:08,723 [INFO] PluginManage:359 - Loaded plugin userauth (category:base,tabindex:14)
2025-06-28 21:43:08,723 [INFO] PluginManage:283 - PluginManage : Loaded plugins [17]
2025-06-28 21:43:08,889 [INFO] PinOutPanel:1561 - setPackage(No Configuration,No Configuration)
2025-06-28 21:43:08,945 [INFO] CADModel:165 - CPN selected for project level
2025-06-28 21:43:08,945 [INFO] CADModel:114 - Register for checkConnection events
2025-06-28 21:43:08,967 [INFO] IPUIPlugin:80 - create IPUIPlugin
2025-06-28 21:43:08,967 [INFO] PluginManager:220 - loadIPPluginJar : add adc
2025-06-28 21:43:09,003 [INFO] IPUIPlugin:80 - create IPUIPlugin
2025-06-28 21:43:09,003 [INFO] PluginManager:220 - loadIPPluginJar : add aes
2025-06-28 21:43:09,041 [INFO] IPUIPlugin:80 - create IPUIPlugin
2025-06-28 21:43:09,041 [INFO] PluginManager:220 - loadIPPluginJar : add can
2025-06-28 21:43:09,064 [INFO] IPUIPlugin:80 - create IPUIPlugin
2025-06-28 21:43:09,065 [INFO] PluginManager:220 - loadIPPluginJar : add comp
2025-06-28 21:43:09,096 [INFO] IPUIPlugin:80 - create IPUIPlugin
2025-06-28 21:43:09,096 [INFO] PluginManager:220 - loadIPPluginJar : add cryp
2025-06-28 21:43:09,124 [INFO] IPUIPlugin:80 - create IPUIPlugin
2025-06-28 21:43:09,124 [INFO] PluginManager:220 - loadIPPluginJar : add dfsdm
2025-06-28 21:43:09,140 [INFO] IPUIPlugin:80 - create IPUIPlugin
2025-06-28 21:43:09,140 [INFO] PluginManager:220 - loadIPPluginJar : add dma
2025-06-28 21:43:09,179 [INFO] IPUIPlugin:80 - create IPUIPlugin
2025-06-28 21:43:09,179 [INFO] PluginManager:220 - loadIPPluginJar : add dma3
2025-06-28 21:43:09,219 [INFO] IPUIPlugin:80 - create IPUIPlugin
2025-06-28 21:43:09,219 [INFO] PluginManager:220 - loadIPPluginJar : add extmemmanager
2025-06-28 21:43:09,240 [INFO] IPUIPlugin:80 - create IPUIPlugin
2025-06-28 21:43:09,240 [INFO] PluginManager:220 - loadIPPluginJar : add fatfs
2025-06-28 21:43:09,286 [INFO] IPUIPlugin:80 - create IPUIPlugin
2025-06-28 21:43:09,286 [INFO] PluginManager:220 - loadIPPluginJar : add fmc
2025-06-28 21:43:09,300 [INFO] IPUIPlugin:80 - create IPUIPlugin
2025-06-28 21:43:09,300 [INFO] PluginManager:220 - loadIPPluginJar : add freertos
2025-06-28 21:43:09,321 [INFO] IPUIPlugin:80 - create IPUIPlugin
2025-06-28 21:43:09,321 [INFO] PluginManager:220 - loadIPPluginJar : add genericplugin
2025-06-28 21:43:09,398 [INFO] IPUIPlugin:80 - create IPUIPlugin
2025-06-28 21:43:09,398 [INFO] PluginManager:220 - loadIPPluginJar : add gfxmmu
2025-06-28 21:43:09,504 [INFO] IPUIPlugin:80 - create IPUIPlugin
2025-06-28 21:43:09,504 [INFO] PluginManager:220 - loadIPPluginJar : add gic
2025-06-28 21:43:09,516 [INFO] IPUIPlugin:80 - create IPUIPlugin
2025-06-28 21:43:09,517 [INFO] PluginManager:220 - loadIPPluginJar : add gpio
2025-06-28 21:43:09,594 [INFO] IPUIPlugin:80 - create IPUIPlugin
2025-06-28 21:43:09,594 [INFO] PluginManager:220 - loadIPPluginJar : add gtzc
2025-06-28 21:43:09,625 [INFO] IPUIPlugin:80 - create IPUIPlugin
2025-06-28 21:43:09,625 [INFO] PluginManager:220 - loadIPPluginJar : add hash
2025-06-28 21:43:09,671 [INFO] IPUIPlugin:80 - create IPUIPlugin
2025-06-28 21:43:09,671 [INFO] PluginManager:220 - loadIPPluginJar : add i2c
2025-06-28 21:43:09,705 [INFO] IPUIPlugin:80 - create IPUIPlugin
2025-06-28 21:43:09,705 [INFO] PluginManager:220 - loadIPPluginJar : add i2s
2025-06-28 21:43:09,742 [INFO] IPUIPlugin:80 - create IPUIPlugin
2025-06-28 21:43:09,742 [INFO] PluginManager:220 - loadIPPluginJar : add i3c
2025-06-28 21:43:09,829 [INFO] IPUIPlugin:80 - create IPUIPlugin
2025-06-28 21:43:09,830 [INFO] PluginManager:220 - loadIPPluginJar : add ipddr
2025-06-28 21:43:09,907 [INFO] IPUIPlugin:80 - create IPUIPlugin
2025-06-28 21:43:09,907 [INFO] PluginManager:220 - loadIPPluginJar : add linkedlist
2025-06-28 21:43:09,939 [INFO] IPUIPlugin:80 - create IPUIPlugin
2025-06-28 21:43:09,940 [INFO] PluginManager:220 - loadIPPluginJar : add lorawan
2025-06-28 21:43:09,972 [INFO] IPUIPlugin:80 - create IPUIPlugin
2025-06-28 21:43:09,972 [INFO] PluginManager:220 - loadIPPluginJar : add ltdc
2025-06-28 21:43:09,987 [INFO] IPUIPlugin:80 - create IPUIPlugin
2025-06-28 21:43:09,987 [INFO] PluginManager:220 - loadIPPluginJar : add mdma
2025-06-28 21:43:10,000 [INFO] IPUIPlugin:80 - create IPUIPlugin
2025-06-28 21:43:10,000 [INFO] PluginManager:220 - loadIPPluginJar : add nvic
2025-06-28 21:43:10,036 [INFO] IPUIPlugin:80 - create IPUIPlugin
2025-06-28 21:43:10,036 [INFO] PluginManager:220 - loadIPPluginJar : add opamp
2025-06-28 21:43:10,092 [INFO] IPUIPlugin:80 - create IPUIPlugin
2025-06-28 21:43:10,092 [INFO] PluginManager:220 - loadIPPluginJar : add openamp
2025-06-28 21:43:10,130 [INFO] IPUIPlugin:80 - create IPUIPlugin
2025-06-28 21:43:10,130 [INFO] PluginManager:220 - loadIPPluginJar : add pdm2pcm
2025-06-28 21:43:10,144 [INFO] IPUIPlugin:80 - create IPUIPlugin
2025-06-28 21:43:10,145 [INFO] PluginManager:220 - loadIPPluginJar : add plateformsettings
2025-06-28 21:43:10,168 [INFO] IPUIPlugin:80 - create IPUIPlugin
2025-06-28 21:43:10,169 [INFO] PluginManager:220 - loadIPPluginJar : add quadspi
2025-06-28 21:43:10,181 [INFO] IPUIPlugin:80 - create IPUIPlugin
2025-06-28 21:43:10,181 [INFO] PluginManager:220 - loadIPPluginJar : add resmgrutility
2025-06-28 21:43:10,223 [INFO] IPUIPlugin:80 - create IPUIPlugin
2025-06-28 21:43:10,223 [INFO] PluginManager:220 - loadIPPluginJar : add sai
2025-06-28 21:43:10,256 [INFO] IPUIPlugin:80 - create IPUIPlugin
2025-06-28 21:43:10,256 [INFO] PluginManager:220 - loadIPPluginJar : add spi
2025-06-28 21:43:10,313 [INFO] IPUIPlugin:80 - create IPUIPlugin
2025-06-28 21:43:10,313 [INFO] PluginManager:220 - loadIPPluginJar : add stm32_wpan
2025-06-28 21:43:10,336 [INFO] IPUIPlugin:80 - create IPUIPlugin
2025-06-28 21:43:10,336 [INFO] PluginManager:220 - loadIPPluginJar : add tim
2025-06-28 21:43:10,388 [INFO] IPUIPlugin:80 - create IPUIPlugin
2025-06-28 21:43:10,388 [INFO] PluginManager:220 - loadIPPluginJar : add touchsensing
2025-06-28 21:43:10,410 [INFO] IPUIPlugin:80 - create IPUIPlugin
2025-06-28 21:43:10,410 [INFO] PluginManager:220 - loadIPPluginJar : add tracer_emb
2025-06-28 21:43:10,438 [INFO] IPUIPlugin:80 - create IPUIPlugin
2025-06-28 21:43:10,438 [INFO] PluginManager:220 - loadIPPluginJar : add ts
2025-06-28 21:43:10,460 [INFO] IPUIPlugin:80 - create IPUIPlugin
2025-06-28 21:43:10,460 [INFO] PluginManager:220 - loadIPPluginJar : add tsc
2025-06-28 21:43:10,483 [INFO] IPUIPlugin:80 - create IPUIPlugin
2025-06-28 21:43:10,483 [INFO] PluginManager:220 - loadIPPluginJar : add ucpd
2025-06-28 21:43:10,522 [INFO] IPUIPlugin:80 - create IPUIPlugin
2025-06-28 21:43:10,522 [INFO] PluginManager:220 - loadIPPluginJar : add usart
2025-06-28 21:43:10,560 [INFO] IPUIPlugin:80 - create IPUIPlugin
2025-06-28 21:43:10,560 [INFO] PluginManager:220 - loadIPPluginJar : add usbx
2025-06-28 21:43:10,672 [INFO] CADModel:165 - CPN selected for project level
2025-06-28 21:43:10,672 [INFO] CADModel:114 - Register for checkConnection events
2025-06-28 21:43:10,672 [FATAL] Updater:308 - Updater called before beeing initialized
2025-06-28 21:43:10,672 [ERROR] CADModel:125 - Updater not yet initialized, retry later 
2025-06-28 21:43:10,796 [INFO] CADModel:165 - CPN selected for project level
2025-06-28 21:43:10,796 [INFO] CADModel:114 - Register for checkConnection events
2025-06-28 21:43:10,796 [FATAL] Updater:308 - Updater called before beeing initialized
2025-06-28 21:43:10,796 [ERROR] CADModel:125 - Updater not yet initialized, retry later 
2025-06-28 21:43:10,799 [FATAL] Updater:308 - Updater called before beeing initialized
2025-06-28 21:43:10,892 [FATAL] Updater:308 - Updater called before beeing initialized
2025-06-28 21:43:10,902 [INFO] DbMcusAds:53 - JSON generation date=Thu Jun 19 03:32:37 CDT 2025 (1750321957418)
2025-06-28 21:43:10,902 [FATAL] Updater:308 - Updater called before beeing initialized
2025-06-28 21:43:10,933 [WARN] DetailPanel:346 - Failed to get advertising image, set to default
2025-06-28 21:43:11,007 [FATAL] Updater:308 - Updater called before beeing initialized
2025-06-28 21:43:11,008 [FATAL] Updater:308 - Updater called before beeing initialized
2025-06-28 21:43:11,008 [FATAL] Updater:308 - Updater called before beeing initialized
2025-06-28 21:43:11,008 [WARN] DetailPanel:346 - Failed to get advertising image, set to default
2025-06-28 21:43:11,009 [FATAL] Updater:308 - Updater called before beeing initialized
2025-06-28 21:43:11,062 [ERROR] Updater:1120 - MainUpdater not yet initialized. External WinMGr cannot be set.
2025-06-28 21:43:11,073 [INFO] Updater:1056 - Updater Version found : 6.11.1
2025-06-28 21:43:11,086 [INFO] ApplicationProperties:184 - Using Application install path: C:\ST\STM32CubeIDE_1.15.1\STM32CubeIDE\plugins\com.st.stm32cube.common.mx_6.11.1.202404110753
2025-06-28 21:43:11,138 [INFO] MainUpdater:526 - Copy updater definitions from MX database
2025-06-28 21:43:11,455 [INFO] MainUpdater:2873 - connection check result : 10
2025-06-28 21:43:11,455 [INFO] MainUpdater:3567 - Updater definition file requires update
2025-06-28 21:43:11,456 [INFO] MainUpdater:290 - Updater Check For Update Now.
2025-06-28 21:43:11,456 [INFO] MicroXplorer:498 - Change Database Version : DB.6.0.111
2025-06-28 21:43:11,472 [INFO] McuFinderGlobals:63 - Set McuFinder mode to 2 (CubeIDE integrated)
2025-06-28 21:43:11,480 [INFO] UserAuth:415 - Internet connection configuration mode: 1
2025-06-28 21:43:11,500 [INFO] JxBrowserEngine:152 - Initiate JxBrowser Engine with user profile folder
2025-06-28 21:43:11,544 [WARN] MainUpdater:1194 - Updater busy. Cannot search thirdparties
2025-06-28 21:43:11,544 [INFO] ThirdPartyUpdaterWithRetryManager:96 - Updater plugin is busy. [1/15]
2025-06-28 21:43:11,672 [INFO] ServerAccessManage:473 - Download File updaters.zip
2025-06-28 21:43:11,879 [INFO] FileExtend:240 - Unzip File : updaters.zip
2025-06-28 21:43:11,879 [INFO] FileExtend:255 - Standard Zip Deflate
2025-06-28 21:43:12,559 [INFO] ServerAccessManage:473 - Download File PacksControlFlags.xml
2025-06-28 21:43:13,176 [INFO] ServerAccessManage:473 - Download File cubemx.pidx
2025-06-28 21:43:13,261 [INFO] LoadServerUpdatesThread:375 - End of LoadServerUpdate Thread
2025-06-28 21:43:13,434 [INFO] CheckServerUpdateThread:120 - End of CheckServer Thread
2025-06-28 21:43:14,743 [WARN] PackLoader:240 - Cannot read IP mode file for STMicroelectronics.FP-SNS-MOTENVWB1.1.4.0
2025-06-28 21:43:14,758 [WARN] PackLoader:240 - Cannot read IP mode file for STMicroelectronics.FP-ATR-ASTRA1.2.0.2
2025-06-28 21:43:14,772 [WARN] PackLoader:240 - Cannot read IP mode file for STMicroelectronics.X-CUBE-SMBUS.2.1.0
2025-06-28 21:43:14,782 [ERROR] Engine:466 - C:\Users\Robin\.stm32cubemx\thirdparties\pdsc\STMicroelectronics.X-CUBE-ST60.1.0.0.pdsc: PDSC version is not supported
2025-06-28 21:43:14,794 [WARN] PackLoader:240 - Cannot read IP mode file for STMicroelectronics.X-CUBE-TOUCHGFX.4.23.2
2025-06-28 21:43:14,828 [WARN] PackLoader:240 - Cannot read IP mode file for STMicroelectronics.X-CUBE-AZRTOS-F7.1.1.0
2025-06-28 21:43:14,845 [WARN] PackLoader:240 - Cannot read IP mode file for STMicroelectronics.FP-SNS-FLIGHT1.5.0.2
2025-06-28 21:43:14,861 [WARN] PackLoader:240 - Cannot read IP mode file for STMicroelectronics.X-CUBE-DISPLAY.3.0.0
2025-06-28 21:43:14,879 [WARN] PackLoader:240 - Cannot read IP mode file for STMicroelectronics.X-CUBE-BLE1.7.0.0
2025-06-28 21:43:14,894 [WARN] PackLoader:240 - Cannot read IP mode file for STMicroelectronics.X-CUBE-NFC10.1.0.0
2025-06-28 21:43:14,917 [WARN] PackLoader:240 - Cannot read IP mode file for STMicroelectronics.X-CUBE-BLEMGR.4.0.0
2025-06-28 21:43:14,932 [WARN] PackLoader:240 - Cannot read IP mode file for emotas.I-CUBE-CANOPEN.1.3.0
2025-06-28 21:43:14,943 [WARN] ConditionMgr:438 - getConditionDescription Invalid condition id : Cortex-A Device cause : null
2025-06-28 21:43:14,957 [WARN] ConditionMgr:1039 - genDependencies : Invalid condition id : Cortex-A Device cause : null
2025-06-28 21:43:14,958 [WARN] ConditionMgr:1039 - genDependencies : Invalid condition id : Cortex-A Device cause : null
2025-06-28 21:43:14,958 [WARN] ConditionMgr:1039 - genDependencies : Invalid condition id : Cortex-A Device cause : null
2025-06-28 21:43:14,974 [WARN] PackLoader:240 - Cannot read IP mode file for STMicroelectronics.X-CUBE-BLEMGR.3.1.0
2025-06-28 21:43:14,988 [WARN] PackLoader:240 - Cannot read IP mode file for STMicroelectronics.X-CUBE-AI.10.0.0
2025-06-28 21:43:15,001 [WARN] PackLoader:240 - Cannot read IP mode file for STMicroelectronics.FP-SNS-SMARTAG2.1.2.0
2025-06-28 21:43:15,013 [ERROR] Engine:466 - C:\Users\Robin\.stm32cubemx\thirdparties\pdsc\STMicroelectronics.FP-SNS-FLIGHT1.5.1.0.pdsc: PDSC version is not supported
2025-06-28 21:43:15,029 [INFO] LogOutputStream:77 - [STDOUT_REDIRECT] 1 : Invalid condition id : UX_CORESTACK_Condition cause : null
2025-06-28 21:43:15,029 [INFO] LogOutputStream:77 - [STDOUT_REDIRECT] 1 : Invalid condition id : UX_CORESTACK_Condition cause : null
2025-06-28 21:43:15,030 [INFO] LogOutputStream:77 - [STDOUT_REDIRECT] 1 : Invalid condition id : UX_CORESTACK_Condition cause : null
2025-06-28 21:43:15,031 [INFO] LogOutputStream:77 - [STDOUT_REDIRECT] 1 : Invalid condition id : UX_CORESTACK_Condition cause : null
2025-06-28 21:43:15,032 [INFO] LogOutputStream:77 - [STDOUT_REDIRECT] 1 : Invalid condition id : UX_CORESTACK_Condition cause : null
2025-06-28 21:43:15,034 [WARN] PackLoader:240 - Cannot read IP mode file for STMicroelectronics.X-CUBE-AZRTOS-WL.2.0.0
2025-06-28 21:43:15,047 [WARN] PackLoader:240 - Cannot read IP mode file for STMicroelectronics.FP-SNS-MOTENV1.5.0.0
2025-06-28 21:43:15,063 [WARN] PackLoader:240 - Cannot read IP mode file for WES.I-CUBE-Cesium.1.3.0
2025-06-28 21:43:15,076 [WARN] PackLoader:240 - Cannot read IP mode file for STMicroelectronics.X-CUBE-BLE2.3.3.0
2025-06-28 21:43:15,089 [WARN] PackLoader:240 - Cannot read IP mode file for STMicroelectronics.X-CUBE-NFC9.1.0.0
2025-06-28 21:43:15,104 [WARN] PackLoader:240 - Cannot read IP mode file for STMicroelectronics.X-CUBE-BLE1.7.1.0
2025-06-28 21:43:15,116 [WARN] PackLoader:240 - Cannot read IP mode file for wolfSSL.I-CUBE-wolfMQTT.1.19.2
2025-06-28 21:43:15,128 [WARN] PackLoader:240 - Cannot read IP mode file for STMicroelectronics.X-CUBE-TCPP.4.1.0
2025-06-28 21:43:15,142 [WARN] PackLoader:240 - Cannot read IP mode file for STMicroelectronics.X-CUBE-AI.10.1.0
2025-06-28 21:43:15,190 [WARN] PackLoader:240 - Cannot read IP mode file for STMicroelectronics.X-CUBE-MEMS1.11.2.0
2025-06-28 21:43:15,345 [WARN] PackLoader:240 - Cannot read IP mode file for STMicroelectronics.X-CUBE-AZRTOS-G0.1.1.0
2025-06-28 21:43:15,364 [WARN] PackLoader:240 - Cannot read IP mode file for STMicroelectronics.X-CUBE-SAFEA1.1.2.2
2025-06-28 21:43:15,379 [WARN] PackLoader:240 - Cannot read IP mode file for STMicroelectronics.X-CUBE-NFC4.3.0.0
2025-06-28 21:43:15,396 [WARN] PackLoader:240 - Cannot read IP mode file for wolfSSL.I-CUBE-wolfMQTT.1.18.0
2025-06-28 21:43:15,415 [WARN] PackLoader:240 - Cannot read IP mode file for EmbeddedOffice.I-CUBE-FS-RTOS.1.0.1
2025-06-28 21:43:15,416 [ERROR] ConditionMgr:805 - Attr not supported : Dmpu
2025-06-28 21:43:15,416 [ERROR] ConditionMgr:805 - Attr not supported : Dmpu
2025-06-28 21:43:15,416 [ERROR] ConditionMgr:805 - Attr not supported : Dmpu
2025-06-28 21:43:15,416 [ERROR] ConditionMgr:805 - Attr not supported : Dmpu
2025-06-28 21:43:15,416 [ERROR] ConditionMgr:805 - Attr not supported : Dmpu
2025-06-28 21:43:15,416 [ERROR] ConditionMgr:805 - Attr not supported : Dmpu
2025-06-28 21:43:15,416 [ERROR] ConditionMgr:805 - Attr not supported : Dmpu
2025-06-28 21:43:15,416 [ERROR] ConditionMgr:805 - Attr not supported : Dmpu
2025-06-28 21:43:15,416 [ERROR] ConditionMgr:805 - Attr not supported : Dmpu
2025-06-28 21:43:15,416 [ERROR] ConditionMgr:805 - Attr not supported : Dmpu
2025-06-28 21:43:15,416 [ERROR] ConditionMgr:805 - Attr not supported : Dmpu
2025-06-28 21:43:15,416 [ERROR] ConditionMgr:805 - Attr not supported : Dmpu
2025-06-28 21:43:15,417 [ERROR] ConditionMgr:805 - Attr not supported : Dmpu
2025-06-28 21:43:15,417 [ERROR] ConditionMgr:805 - Attr not supported : Dmpu
2025-06-28 21:43:15,417 [ERROR] ConditionMgr:805 - Attr not supported : Dmpu
2025-06-28 21:43:15,417 [ERROR] ConditionMgr:805 - Attr not supported : Dmpu
2025-06-28 21:43:15,417 [ERROR] ConditionMgr:805 - Attr not supported : Dmpu
2025-06-28 21:43:15,417 [ERROR] ConditionMgr:805 - Attr not supported : Dmpu
2025-06-28 21:43:15,417 [ERROR] ConditionMgr:805 - Attr not supported : Dmpu
2025-06-28 21:43:15,417 [ERROR] ConditionMgr:805 - Attr not supported : Dmpu
2025-06-28 21:43:15,417 [ERROR] ConditionMgr:805 - Attr not supported : Dmpu
2025-06-28 21:43:15,417 [ERROR] ConditionMgr:805 - Attr not supported : Dmpu
2025-06-28 21:43:15,417 [ERROR] ConditionMgr:805 - Attr not supported : Dmpu
2025-06-28 21:43:15,417 [ERROR] ConditionMgr:805 - Attr not supported : Dmpu
2025-06-28 21:43:15,417 [ERROR] ConditionMgr:805 - Attr not supported : Dmpu
2025-06-28 21:43:15,417 [ERROR] ConditionMgr:805 - Attr not supported : Dmpu
2025-06-28 21:43:15,418 [ERROR] ConditionMgr:805 - Attr not supported : Dmpu
2025-06-28 21:43:15,418 [ERROR] ConditionMgr:805 - Attr not supported : Dmpu
2025-06-28 21:43:15,418 [ERROR] ConditionMgr:805 - Attr not supported : Dmpu
2025-06-28 21:43:15,418 [ERROR] ConditionMgr:805 - Attr not supported : Dmpu
2025-06-28 21:43:15,418 [ERROR] ConditionMgr:805 - Attr not supported : Dmpu
2025-06-28 21:43:15,418 [ERROR] ConditionMgr:805 - Attr not supported : Dmpu
2025-06-28 21:43:15,418 [ERROR] ConditionMgr:805 - Attr not supported : Dmpu
2025-06-28 21:43:15,418 [ERROR] ConditionMgr:805 - Attr not supported : Dmpu
2025-06-28 21:43:15,418 [ERROR] ConditionMgr:805 - Attr not supported : Dmpu
2025-06-28 21:43:15,418 [ERROR] ConditionMgr:805 - Attr not supported : Dmpu
2025-06-28 21:43:15,418 [ERROR] ConditionMgr:805 - Attr not supported : Dmpu
2025-06-28 21:43:15,418 [ERROR] ConditionMgr:805 - Attr not supported : Dmpu
2025-06-28 21:43:15,418 [ERROR] ConditionMgr:805 - Attr not supported : Dmpu
2025-06-28 21:43:15,418 [ERROR] ConditionMgr:805 - Attr not supported : Dmpu
2025-06-28 21:43:15,418 [ERROR] ConditionMgr:805 - Attr not supported : Dmpu
2025-06-28 21:43:15,418 [ERROR] ConditionMgr:805 - Attr not supported : Dmpu
2025-06-28 21:43:15,418 [ERROR] ConditionMgr:805 - Attr not supported : Dmpu
2025-06-28 21:43:15,418 [ERROR] ConditionMgr:805 - Attr not supported : Dmpu
2025-06-28 21:43:15,418 [ERROR] ConditionMgr:805 - Attr not supported : Dmpu
2025-06-28 21:43:15,418 [ERROR] ConditionMgr:805 - Attr not supported : Dmpu
2025-06-28 21:43:15,419 [ERROR] ConditionMgr:805 - Attr not supported : Dmpu
2025-06-28 21:43:15,419 [ERROR] ConditionMgr:805 - Attr not supported : Dmpu
2025-06-28 21:43:15,419 [ERROR] ConditionMgr:805 - Attr not supported : Dmpu
2025-06-28 21:43:15,419 [ERROR] ConditionMgr:805 - Attr not supported : Dmpu
2025-06-28 21:43:15,419 [ERROR] ConditionMgr:805 - Attr not supported : Dmpu
2025-06-28 21:43:15,419 [ERROR] ConditionMgr:805 - Attr not supported : Dmpu
2025-06-28 21:43:15,419 [ERROR] ConditionMgr:805 - Attr not supported : Dmpu
2025-06-28 21:43:15,419 [ERROR] ConditionMgr:805 - Attr not supported : Dmpu
2025-06-28 21:43:15,419 [ERROR] ConditionMgr:805 - Attr not supported : Dmpu
2025-06-28 21:43:15,419 [ERROR] ConditionMgr:805 - Attr not supported : Dmpu
2025-06-28 21:43:15,419 [ERROR] ConditionMgr:805 - Attr not supported : Dmpu
2025-06-28 21:43:15,419 [ERROR] ConditionMgr:805 - Attr not supported : Dmpu
2025-06-28 21:43:15,419 [ERROR] ConditionMgr:805 - Attr not supported : Dmpu
2025-06-28 21:43:15,419 [ERROR] ConditionMgr:805 - Attr not supported : Dmpu
2025-06-28 21:43:15,419 [ERROR] ConditionMgr:805 - Attr not supported : Dmpu
2025-06-28 21:43:15,419 [ERROR] ConditionMgr:805 - Attr not supported : Dmpu
2025-06-28 21:43:15,419 [ERROR] ConditionMgr:805 - Attr not supported : Dmpu
2025-06-28 21:43:15,419 [ERROR] ConditionMgr:805 - Attr not supported : Dmpu
2025-06-28 21:43:15,436 [WARN] PackLoader:240 - Cannot read IP mode file for STMicroelectronics.X-CUBE-WB05N.2.0.0
2025-06-28 21:43:15,452 [WARN] PackLoader:240 - Cannot read IP mode file for wolfSSL.I-CUBE-wolfTPM.3.8.0
2025-06-28 21:43:15,466 [ERROR] Engine:466 - C:\Users\Robin\.stm32cubemx\thirdparties\pdsc\STMicroelectronics.X-CUBE-TCPP.4.2.0.pdsc: PDSC version is not supported
2025-06-28 21:43:15,481 [WARN] PackLoader:240 - Cannot read IP mode file for RealThread.X-CUBE-RT-Thread_Nano.4.1.1
2025-06-28 21:43:15,496 [WARN] PackLoader:240 - Cannot read IP mode file for wolfSSL.I-CUBE-wolfSSL.5.7.0
2025-06-28 21:43:15,512 [WARN] PackLoader:240 - Cannot read IP mode file for STMicroelectronics.FP-ATR-SIGFOX1.3.2.0
2025-06-28 21:43:15,528 [WARN] PackLoader:240 - Cannot read IP mode file for STMicroelectronics.X-CUBE-EEPRMA1.5.1.0
2025-06-28 21:43:15,547 [WARN] PackLoader:240 - Cannot read IP mode file for ITTIA_DB.I-CUBE-ITTIADB.8.9.0
2025-06-28 21:43:15,561 [ERROR] Engine:466 - C:\Users\Robin\.stm32cubemx\thirdparties\pdsc\STMicroelectronics.X-CUBE-ST67W61.1.0.0.pdsc: PDSC version is not supported
2025-06-28 21:43:15,595 [WARN] PackLoader:240 - Cannot read IP mode file for SEGGER.I-CUBE-embOS.1.3.1
2025-06-28 21:43:15,640 [WARN] PackLoader:240 - Cannot read IP mode file for STMicroelectronics.X-CUBE-ALGOBUILD.1.4.0
2025-06-28 21:43:15,696 [WARN] PackLoader:240 - Cannot read IP mode file for STMicroelectronics.X-CUBE-MEMS1.11.3.0
2025-06-28 21:43:15,808 [WARN] PackLoader:240 - Cannot read IP mode file for STMicroelectronics.X-CUBE-PM33A1.1.0.0
2025-06-28 21:43:15,825 [WARN] PackLoader:240 - Cannot read IP mode file for STMicroelectronics.X-CUBE-GNSS1.6.0.0
2025-06-28 21:43:15,853 [WARN] PackLoader:240 - Cannot read IP mode file for STMicroelectronics.X-CUBE-AZRTOS-F4.1.1.0
2025-06-28 21:43:15,868 [ERROR] Engine:466 - C:\Users\Robin\.stm32cubemx\thirdparties\pdsc\Avnet-IotConnect.X-CUBE-IoTC-DA16k-PMOD.1.0.0.pdsc: PDSC version is not supported
2025-06-28 21:43:15,885 [WARN] PackLoader:240 - Cannot read IP mode file for STMicroelectronics.X-CUBE-ISPU.2.1.0
2025-06-28 21:43:15,902 [WARN] PackLoader:240 - Cannot read IP mode file for STMicroelectronics.X-CUBE-FREERTOS.1.2.0
2025-06-28 21:43:15,930 [WARN] PackLoader:240 - Cannot read IP mode file for STMicroelectronics.X-CUBE-AZRTOS-L5.2.0.0
2025-06-28 21:43:15,950 [WARN] PackLoader:240 - Cannot read IP mode file for STMicroelectronics.X-CUBE-NFC6.3.1.0
2025-06-28 21:43:15,964 [WARN] PackLoader:240 - Cannot read IP mode file for STMicroelectronics.X-CUBE-AI.9.0.0
2025-06-28 21:43:15,980 [WARN] PackLoader:240 - Cannot read IP mode file for STMicroelectronics.X-CUBE-FREERTOS.1.3.1
2025-06-28 21:43:15,995 [WARN] PackLoader:240 - Cannot read IP mode file for STMicroelectronics.X-CUBE-NFC7.1.0.1
2025-06-28 21:43:16,008 [ERROR] Engine:466 - C:\Users\Robin\.stm32cubemx\thirdparties\pdsc\STMicroelectronics.FP-SNS-STAIOTCFT.1.0.0.pdsc: PDSC version is not supported
2025-06-28 21:43:16,023 [WARN] PackLoader:240 - Cannot read IP mode file for STMicroelectronics.X-CUBE-DPower.1.3.0
2025-06-28 21:43:16,050 [WARN] ConditionMgr:438 - getConditionDescription Invalid condition id : LAN8742 Phy interface Condition cause : null
2025-06-28 21:43:16,050 [WARN] PackLoader:240 - Cannot read IP mode file for STMicroelectronics.X-CUBE-AZRTOS-L4.2.0.0
2025-06-28 21:43:16,051 [WARN] ConditionMgr:1039 - genDependencies : Invalid condition id : LAN8742 Phy interface Condition cause : null
2025-06-28 21:43:16,051 [WARN] ConditionMgr:1039 - genDependencies : Invalid condition id : LAN8742 Phy interface Condition cause : null
2025-06-28 21:43:16,052 [WARN] ConditionMgr:1039 - genDependencies : Invalid condition id : LAN8742 Phy interface Condition cause : null
2025-06-28 21:43:16,067 [WARN] PackLoader:240 - Cannot read IP mode file for STMicroelectronics.X-CUBE-SFXS2LP1.4.0.0
2025-06-28 21:43:16,096 [WARN] PackLoader:240 - Cannot read IP mode file for STMicroelectronics.X-CUBE-AZRTOS-H7.3.3.0
2025-06-28 21:43:16,118 [WARN] ConditionMgr:438 - getConditionDescription Invalid condition id : UX DEVICE CLASS RTOS Condition cause : null
2025-06-28 21:43:16,118 [WARN] ConditionMgr:438 - getConditionDescription Invalid condition id : UX DEVICE CLASS RTOS Condition cause : null
2025-06-28 21:43:16,119 [WARN] PackLoader:240 - Cannot read IP mode file for STMicroelectronics.X-CUBE-AZRTOS-WB.2.0.0
2025-06-28 21:43:16,120 [WARN] ConditionMgr:1039 - genDependencies : Invalid condition id : UX DEVICE CLASS RTOS Condition cause : null
2025-06-28 21:43:16,120 [WARN] ConditionMgr:1039 - genDependencies : Invalid condition id : UX DEVICE CLASS RTOS Condition cause : null
2025-06-28 21:43:16,120 [WARN] ConditionMgr:1039 - genDependencies : Invalid condition id : UX DEVICE CLASS RTOS Condition cause : null
2025-06-28 21:43:16,121 [WARN] ConditionMgr:1039 - genDependencies : Invalid condition id : UX DEVICE CLASS RTOS Condition cause : null
2025-06-28 21:43:16,121 [WARN] ConditionMgr:1039 - genDependencies : Invalid condition id : UX DEVICE CLASS RTOS Condition cause : null
2025-06-28 21:43:16,132 [WARN] PackLoader:240 - Cannot read IP mode file for STMicroelectronics.X-CUBE-GNSS1.7.0.1
2025-06-28 21:43:16,144 [WARN] PackLoader:240 - Cannot read IP mode file for STMicroelectronics.X-CUBE-TOUCHGFX.4.25.0
2025-06-28 21:43:16,162 [WARN] PackLoader:240 - Cannot read IP mode file for STMicroelectronics.FP-SNS-STBOX1.2.0.0
2025-06-28 21:43:16,185 [WARN] PackLoader:240 - Cannot read IP mode file for STMicroelectronics.X-CUBE-SUBG2.5.0.0
2025-06-28 21:43:16,216 [WARN] PackLoader:240 - Cannot read IP mode file for STMicroelectronics.X-CUBE-AZRTOS-H7RS.1.1.0
2025-06-28 21:43:16,243 [WARN] PackLoader:240 - Cannot read IP mode file for Cesanta.I-CUBE-Mongoose.7.13.0
2025-06-28 21:43:16,266 [WARN] PackLoader:240 - Cannot read IP mode file for STMicroelectronics.X-CUBE-AZRTOS-G4.2.0.0
2025-06-28 21:43:16,280 [WARN] PackLoader:240 - Cannot read IP mode file for wolfSSL.I-CUBE-wolfSSH.1.4.20
2025-06-28 21:43:16,295 [WARN] PackLoader:240 - Cannot read IP mode file for STMicroelectronics.X-CUBE-NFC7.2.0.0
2025-06-28 21:43:16,307 [WARN] PackLoader:240 - Cannot read IP mode file for STMicroelectronics.X-CUBE-ISPU.2.0.0
2025-06-28 21:43:16,320 [ERROR] Engine:466 - C:\Users\Robin\.stm32cubemx\thirdparties\pdsc\STMicroelectronics.X-CUBE-IPS.3.1.0.pdsc: PDSC version is not supported
2025-06-28 21:43:16,334 [WARN] PackLoader:240 - Cannot read IP mode file for STMicroelectronics.X-CUBE-ALS.1.0.2
2025-06-28 21:43:16,373 [WARN] PackLoader:240 - Cannot read IP mode file for STMicroelectronics.X-CUBE-MEMS1.10.0.0
2025-06-28 21:43:16,465 [WARN] PackLoader:240 - Cannot read IP mode file for portGmbH.I-Cube-SoM-uGOAL.1.1.0
2025-06-28 21:43:16,479 [WARN] PackLoader:240 - Cannot read IP mode file for STMicroelectronics.X-CUBE-ALS.1.0.1
2025-06-28 21:43:16,506 [WARN] PackLoader:240 - Cannot read IP mode file for STMicroelectronics.X-CUBE-AZRTOS-H7RS.1.0.0
2025-06-28 21:43:16,520 [WARN] PackLoader:240 - Cannot read IP mode file for STMicroelectronics.FP-ATR-ASTRA1.2.0.0
2025-06-28 21:43:16,536 [ERROR] Engine:466 - C:\Users\Robin\.stm32cubemx\thirdparties\pdsc\STMicroelectronics.X-CUBE-TOF1.3.4.3.pdsc: PDSC version is not supported
2025-06-28 21:43:16,554 [WARN] PackLoader:240 - Cannot read IP mode file for STMicroelectronics.X-CUBE-TOF1.3.4.1
2025-06-28 21:43:16,586 [WARN] PackLoader:240 - Cannot read IP mode file for STMicroelectronics.X-CUBE-AZRTOS-H7.3.2.0
2025-06-28 21:43:16,615 [WARN] PackLoader:240 - Cannot read IP mode file for Infineon.AIROC-Wi-Fi-Bluetooth-STM32.1.6.0
2025-06-28 21:43:16,618 [INFO] ThirdParty:978 - Integrity check success = true
2025-06-28 21:43:16,618 [INFO] IntegrityCheckThread:100 - exiting critical section [integrity check]
2025-06-28 21:43:16,618 [INFO] IntegrityCheckThread:103 - End integrity checks thread
2025-06-28 21:43:16,994 [INFO] WebApp:161 - Instantiating new browser for Auth
2025-06-28 21:43:17,465 [INFO] WebApp:779 - Register for checkConnection events
2025-06-28 21:43:17,465 [INFO] WebApp:414 - Apply proxy settings
2025-06-28 21:43:17,466 [INFO] WebApp:499 - Chromium requires no authentication
2025-06-28 21:43:17,472 [INFO] WebApp:442 - Direct internet connection detected
2025-06-28 21:43:17,607 [INFO] WebApp:192 - Starting web application
2025-06-28 21:43:17,607 [INFO] WebApp:544 - Web application path used C:\ST\STM32CubeIDE_1.15.1\STM32CubeIDE\plugins\com.st.stm32cube.common.mx_6.11.1.202404110753\db\plugins\mcufinder\reactClient1\index.html
