Archive member included to satisfy reference by file (symbol)

C:/ST/STM32CubeIDE_1.15.1/STM32CubeIDE/plugins/com.st.stm32cube.ide.mcu.externaltools.gnu-tools-for-stm32.12.3.rel1.win32_1.0.100.202403111256/tools/bin/../lib/gcc/arm-none-eabi/12.3.1/../../../../arm-none-eabi/lib/thumb/v7e-m+fp/hard\libc_nano.a(libc_a-exit.o)
                              C:/ST/STM32CubeIDE_1.15.1/STM32CubeIDE/plugins/com.st.stm32cube.ide.mcu.externaltools.gnu-tools-for-stm32.12.3.rel1.win32_1.0.100.202403111256/tools/bin/../lib/gcc/arm-none-eabi/12.3.1/../../../../arm-none-eabi/lib/thumb/v7e-m+fp/hard/crt0.o (exit)
C:/ST/STM32CubeIDE_1.15.1/STM32CubeIDE/plugins/com.st.stm32cube.ide.mcu.externaltools.gnu-tools-for-stm32.12.3.rel1.win32_1.0.100.202403111256/tools/bin/../lib/gcc/arm-none-eabi/12.3.1/../../../../arm-none-eabi/lib/thumb/v7e-m+fp/hard\libc_nano.a(libc_a-findfp.o)
                              C:/ST/STM32CubeIDE_1.15.1/STM32CubeIDE/plugins/com.st.stm32cube.ide.mcu.externaltools.gnu-tools-for-stm32.12.3.rel1.win32_1.0.100.202403111256/tools/bin/../lib/gcc/arm-none-eabi/12.3.1/../../../../arm-none-eabi/lib/thumb/v7e-m+fp/hard\libc_nano.a(libc_a-exit.o) (__stdio_exit_handler)
C:/ST/STM32CubeIDE_1.15.1/STM32CubeIDE/plugins/com.st.stm32cube.ide.mcu.externaltools.gnu-tools-for-stm32.12.3.rel1.win32_1.0.100.202403111256/tools/bin/../lib/gcc/arm-none-eabi/12.3.1/../../../../arm-none-eabi/lib/thumb/v7e-m+fp/hard\libc_nano.a(libc_a-fwalk.o)
                              C:/ST/STM32CubeIDE_1.15.1/STM32CubeIDE/plugins/com.st.stm32cube.ide.mcu.externaltools.gnu-tools-for-stm32.12.3.rel1.win32_1.0.100.202403111256/tools/bin/../lib/gcc/arm-none-eabi/12.3.1/../../../../arm-none-eabi/lib/thumb/v7e-m+fp/hard\libc_nano.a(libc_a-findfp.o) (_fwalk_sglue)
C:/ST/STM32CubeIDE_1.15.1/STM32CubeIDE/plugins/com.st.stm32cube.ide.mcu.externaltools.gnu-tools-for-stm32.12.3.rel1.win32_1.0.100.202403111256/tools/bin/../lib/gcc/arm-none-eabi/12.3.1/../../../../arm-none-eabi/lib/thumb/v7e-m+fp/hard\libc_nano.a(libc_a-stdio.o)
                              C:/ST/STM32CubeIDE_1.15.1/STM32CubeIDE/plugins/com.st.stm32cube.ide.mcu.externaltools.gnu-tools-for-stm32.12.3.rel1.win32_1.0.100.202403111256/tools/bin/../lib/gcc/arm-none-eabi/12.3.1/../../../../arm-none-eabi/lib/thumb/v7e-m+fp/hard\libc_nano.a(libc_a-findfp.o) (__sread)
C:/ST/STM32CubeIDE_1.15.1/STM32CubeIDE/plugins/com.st.stm32cube.ide.mcu.externaltools.gnu-tools-for-stm32.12.3.rel1.win32_1.0.100.202403111256/tools/bin/../lib/gcc/arm-none-eabi/12.3.1/../../../../arm-none-eabi/lib/thumb/v7e-m+fp/hard\libc_nano.a(libc_a-memset.o)
                              C:/ST/STM32CubeIDE_1.15.1/STM32CubeIDE/plugins/com.st.stm32cube.ide.mcu.externaltools.gnu-tools-for-stm32.12.3.rel1.win32_1.0.100.202403111256/tools/bin/../lib/gcc/arm-none-eabi/12.3.1/../../../../arm-none-eabi/lib/thumb/v7e-m+fp/hard/crt0.o (memset)
C:/ST/STM32CubeIDE_1.15.1/STM32CubeIDE/plugins/com.st.stm32cube.ide.mcu.externaltools.gnu-tools-for-stm32.12.3.rel1.win32_1.0.100.202403111256/tools/bin/../lib/gcc/arm-none-eabi/12.3.1/../../../../arm-none-eabi/lib/thumb/v7e-m+fp/hard\libc_nano.a(libc_a-closer.o)
                              C:/ST/STM32CubeIDE_1.15.1/STM32CubeIDE/plugins/com.st.stm32cube.ide.mcu.externaltools.gnu-tools-for-stm32.12.3.rel1.win32_1.0.100.202403111256/tools/bin/../lib/gcc/arm-none-eabi/12.3.1/../../../../arm-none-eabi/lib/thumb/v7e-m+fp/hard\libc_nano.a(libc_a-stdio.o) (_close_r)
C:/ST/STM32CubeIDE_1.15.1/STM32CubeIDE/plugins/com.st.stm32cube.ide.mcu.externaltools.gnu-tools-for-stm32.12.3.rel1.win32_1.0.100.202403111256/tools/bin/../lib/gcc/arm-none-eabi/12.3.1/../../../../arm-none-eabi/lib/thumb/v7e-m+fp/hard\libc_nano.a(libc_a-reent.o)
                              C:/ST/STM32CubeIDE_1.15.1/STM32CubeIDE/plugins/com.st.stm32cube.ide.mcu.externaltools.gnu-tools-for-stm32.12.3.rel1.win32_1.0.100.202403111256/tools/bin/../lib/gcc/arm-none-eabi/12.3.1/../../../../arm-none-eabi/lib/thumb/v7e-m+fp/hard\libc_nano.a(libc_a-closer.o) (errno)
C:/ST/STM32CubeIDE_1.15.1/STM32CubeIDE/plugins/com.st.stm32cube.ide.mcu.externaltools.gnu-tools-for-stm32.12.3.rel1.win32_1.0.100.202403111256/tools/bin/../lib/gcc/arm-none-eabi/12.3.1/../../../../arm-none-eabi/lib/thumb/v7e-m+fp/hard\libc_nano.a(libc_a-impure.o)
                              C:/ST/STM32CubeIDE_1.15.1/STM32CubeIDE/plugins/com.st.stm32cube.ide.mcu.externaltools.gnu-tools-for-stm32.12.3.rel1.win32_1.0.100.202403111256/tools/bin/../lib/gcc/arm-none-eabi/12.3.1/../../../../arm-none-eabi/lib/thumb/v7e-m+fp/hard\libc_nano.a(libc_a-reent.o) (_impure_ptr)
C:/ST/STM32CubeIDE_1.15.1/STM32CubeIDE/plugins/com.st.stm32cube.ide.mcu.externaltools.gnu-tools-for-stm32.12.3.rel1.win32_1.0.100.202403111256/tools/bin/../lib/gcc/arm-none-eabi/12.3.1/../../../../arm-none-eabi/lib/thumb/v7e-m+fp/hard\libc_nano.a(libc_a-lseekr.o)
[...]
Memory Configuration

Name             Origin             Length             Attributes
RAM              0x20000000         0x00020000         xrw
FLASH            0x08000000         0x00080000         xr
*default*        0x00000000         0xffffffff

Linker script and memory map

LOAD C:/ST/STM32CubeIDE_1.15.1/STM32CubeIDE/plugins/com.st.stm32cube.ide.mcu.externaltools.gnu-tools-for-stm32.12.3.rel1.win32_1.0.100.202403111256/tools/bin/../lib/gcc/arm-none-eabi/12.3.1/thumb/v7e-m+fp/hard/crti.o
LOAD C:/ST/STM32CubeIDE_1.15.1/STM32CubeIDE/plugins/com.st.stm32cube.ide.mcu.externaltools.gnu-tools-for-stm32.12.3.rel1.win32_1.0.100.202403111256/tools/bin/../lib/gcc/arm-none-eabi/12.3.1/thumb/v7e-m+fp/hard/crtbegin.o
LOAD C:/ST/STM32CubeIDE_1.15.1/STM32CubeIDE/plugins/com.st.stm32cube.ide.mcu.externaltools.gnu-tools-for-stm32.12.3.rel1.win32_1.0.100.202403111256/tools/bin/../lib/gcc/arm-none-eabi/12.3.1/../../../../arm-none-eabi/lib/thumb/v7e-m+fp/hard/crt0.o
LOAD ./Core/Src/EventLoop.o
LOAD ./Core/Src/gpio.o
LOAD ./Core/Src/main.o
LOAD ./Core/Src/stm32f4xx_hal_msp.o
LOAD ./Core/Src/stm32f4xx_it.o
LOAD ./Core/Src/syscalls.o
LOAD ./Core/Src/sysmem.o
LOAD ./Core/Src/system_stm32f4xx.o
LOAD ./Core/Src/tim.o
LOAD ./Core/Src/usart.o
LOAD ./Core/Startup/startup_stm32f411ceux.o
LOAD ./Drivers/STM32F4xx_HAL_Driver/Src/stm32f4xx_hal.o
LOAD ./Drivers/STM32F4xx_HAL_Driver/Src/stm32f4xx_hal_cortex.o
LOAD ./Drivers/STM32F4xx_HAL_Driver/Src/stm32f4xx_hal_dma.o
LOAD ./Drivers/STM32F4xx_HAL_Driver/Src/stm32f4xx_hal_dma_ex.o
LOAD ./Drivers/STM32F4xx_HAL_Driver/Src/stm32f4xx_hal_exti.o
LOAD ./Drivers/STM32F4xx_HAL_Driver/Src/stm32f4xx_hal_flash.o
LOAD ./Drivers/STM32F4xx_HAL_Driver/Src/stm32f4xx_hal_flash_ex.o
LOAD ./Drivers/STM32F4xx_HAL_Driver/Src/stm32f4xx_hal_flash_ramfunc.o
LOAD ./Drivers/STM32F4xx_HAL_Driver/Src/stm32f4xx_hal_gpio.o
LOAD ./Drivers/STM32F4xx_HAL_Driver/Src/stm32f4xx_hal_pcd.o
LOAD ./Drivers/STM32F4xx_HAL_Driver/Src/stm32f4xx_hal_pcd_ex.o
LOAD ./Drivers/STM32F4xx_HAL_Driver/Src/stm32f4xx_hal_pwr.o
LOAD ./Drivers/STM32F4xx_HAL_Driver/Src/stm32f4xx_hal_pwr_ex.o
LOAD ./Drivers/STM32F4xx_HAL_Driver/Src/stm32f4xx_hal_rcc.o
LOAD ./Drivers/STM32F4xx_HAL_Driver/Src/stm32f4xx_hal_rcc_ex.o
LOAD ./Drivers/STM32F4xx_HAL_Driver/Src/stm32f4xx_hal_tim.o
LOAD ./Drivers/STM32F4xx_HAL_Driver/Src/stm32f4xx_hal_tim_ex.o
LOAD ./Drivers/STM32F4xx_HAL_Driver/Src/stm32f4xx_hal_uart.o
LOAD ./Drivers/STM32F4xx_HAL_Driver/Src/stm32f4xx_ll_usb.o
LOAD ./Middlewares/ST/STM32_USB_Device_Library/Class/CDC/Src/usbd_cdc.o
LOAD ./Middlewares/ST/STM32_USB_Device_Library/Core/Src/usbd_core.o
LOAD ./Middlewares/ST/STM32_USB_Device_Library/Core/Src/usbd_ctlreq.o
LOAD ./Middlewares/ST/STM32_USB_Device_Library/Core/Src/usbd_ioreq.o
LOAD ./USB_DEVICE/App/usb_device.o
LOAD ./USB_DEVICE/App/usbd_cdc_if.o
LOAD ./USB_DEVICE/App/usbd_desc.o
LOAD ./USB_DEVICE/Target/usbd_conf.o
START GROUP
LOAD C:/ST/STM32CubeIDE_1.15.1/STM32CubeIDE/plugins/com.st.stm32cube.ide.mcu.externaltools.gnu-tools-for-stm32.12.3.rel1.win32_1.0.100.202403111256/tools/bin/../lib/gcc/arm-none-eabi/12.3.1/../../../../arm-none-eabi/lib/thumb/v7e-m+fp/hard\libstdc++_nano.a
LOAD C:/ST/STM32CubeIDE_1.15.1/STM32CubeIDE/plugins/com.st.stm32cube.ide.mcu.externaltools.gnu-tools-for-stm32.12.3.rel1.win32_1.0.100.202403111256/tools/bin/../lib/gcc/arm-none-eabi/12.3.1/../../../../arm-none-eabi/lib/thumb/v7e-m+fp/hard\libsupc++_nano.a
END GROUP
LOAD C:/ST/STM32CubeIDE_1.15.1/STM32CubeIDE/plugins/com.st.stm32cube.ide.mcu.externaltools.gnu-tools-for-stm32.12.3.rel1.win32_1.0.100.202403111256/tools/bin/../lib/gcc/arm-none-eabi/12.3.1/../../../../arm-none-eabi/lib/thumb/v7e-m+fp/hard\libstdc++_nano.a
LOAD C:/ST/STM32CubeIDE_1.15.1/STM32CubeIDE/plugins/com.st.stm32cube.ide.mcu.externaltools.gnu-tools-for-stm32.12.3.rel1.win32_1.0.100.202403111256/tools/bin/../lib/gcc/arm-none-eabi/12.3.1/../../../../arm-none-eabi/lib/thumb/v7e-m+fp/hard\libm.a
LOAD C:/ST/STM32CubeIDE_1.15.1/STM32CubeIDE/plugins/com.st.stm32cube.ide.mcu.externaltools.gnu-tools-for-stm32.12.3.rel1.win32_1.0.100.202403111256/tools/bin/../lib/gcc/arm-none-eabi/12.3.1/../../../../arm-none-eabi/lib/thumb/v7e-m+fp/hard\libc_nano.a
START GROUP
LOAD C:/ST/STM32CubeIDE_1.15.1/STM32CubeIDE/plugins/com.st.stm32cube.ide.mcu.externaltools.gnu-tools-for-stm32.12.3.rel1.win32_1.0.100.202403111256/tools/bin/../lib/gcc/arm-none-eabi/12.3.1/thumb/v7e-m+fp/hard\libgcc.a
LOAD C:/ST/STM32CubeIDE_1.15.1/STM32CubeIDE/plugins/com.st.stm32cube.ide.mcu.externaltools.gnu-tools-for-stm32.12.3.rel1.win32_1.0.100.202403111256/tools/bin/../lib/gcc/arm-none-eabi/12.3.1/../../../../arm-none-eabi/lib/thumb/v7e-m+fp/hard\libc_nano.a
END GROUP
START GROUP
LOAD C:/ST/STM32CubeIDE_1.15.1/STM32CubeIDE/plugins/com.st.stm32cube.ide.mcu.externaltools.gnu-tools-for-stm32.12.3.rel1.win32_1.0.100.202403111256/tools/bin/../lib/gcc/arm-none-eabi/12.3.1/thumb/v7e-m+fp/hard\libgcc.a
LOAD C:/ST/STM32CubeIDE_1.15.1/STM32CubeIDE/plugins/com.st.stm32cube.ide.mcu.externaltools.gnu-tools-for-stm32.12.3.rel1.win32_1.0.100.202403111256/tools/bin/../lib/gcc/arm-none-eabi/12.3.1/../../../../arm-none-eabi/lib/thumb/v7e-m+fp/hard\libc_nano.a
LOAD C:/ST/STM32CubeIDE_1.15.1/STM32CubeIDE/plugins/com.st.stm32cube.ide.mcu.externaltools.gnu-tools-for-stm32.12.3.rel1.win32_1.0.100.202403111256/tools/bin/../lib/gcc/arm-none-eabi/12.3.1/../../../../arm-none-eabi/lib/thumb/v7e-m+fp/hard\libnosys.a
END GROUP
START GROUP
LOAD C:/ST/STM32CubeIDE_1.15.1/STM32CubeIDE/plugins/com.st.stm32cube.ide.mcu.externaltools.gnu-tools-for-stm32.12.3.rel1.win32_1.0.100.202403111256/tools/bin/../lib/gcc/arm-none-eabi/12.3.1/thumb/v7e-m+fp/hard\libgcc.a
LOAD C:/ST/STM32CubeIDE_1.15.1/STM32CubeIDE/plugins/com.st.stm32cube.ide.mcu.externaltools.gnu-tools-for-stm32.12.3.rel1.win32_1.0.100.202403111256/tools/bin/../lib/gcc/arm-none-eabi/12.3.1/../../../../arm-none-eabi/lib/thumb/v7e-m+fp/hard\libc_nano.a
LOAD C:/ST/STM32CubeIDE_1.15.1/STM32CubeIDE/plugins/com.st.stm32cube.ide.mcu.externaltools.gnu-tools-for-stm32.12.3.rel1.win32_1.0.100.202403111256/tools/bin/../lib/gcc/arm-none-eabi/12.3.1/../../../../arm-none-eabi/lib/thumb/v7e-m+fp/hard\libnosys.a
END GROUP
LOAD C:/ST/STM32CubeIDE_1.15.1/STM32CubeIDE/plugins/com.st.stm32cube.ide.mcu.externaltools.gnu-tools-for-stm32.12.3.rel1.win32_1.0.100.202403111256/tools/bin/../lib/gcc/arm-none-eabi/12.3.1/thumb/v7e-m+fp/hard/crtend.o
LOAD C:/ST/STM32CubeIDE_1.15.1/STM32CubeIDE/plugins/com.st.stm32cube.ide.mcu.externaltools.gnu-tools-for-stm32.12.3.rel1.win32_1.0.100.202403111256/tools/bin/../lib/gcc/arm-none-eabi/12.3.1/thumb/v7e-m+fp/hard/crtn.o
                0x20020000                        _estack = (ORIGIN (RAM) + LENGTH (RAM))
                0x00000200                        _Min_Heap_Size = 0x200
                0x00000400                        _Min_Stack_Size = 0x400

.isr_vector     0x08000000      0x198
                0x08000000                        . = ALIGN (0x4)
 *(.isr_vector)
 .isr_vector    0x08000000      0x198 ./Core/Startup/startup_stm32f411ceux.o
                0x08000000                g_pfnVectors
                0x08000198                        . = ALIGN (0x4)

.text           0x08000198     0x7cdc
                0x08000198                        . = ALIGN (0x4)
 *(.text)
 .text          0x08000198       0x40 C:/ST/STM32CubeIDE_1.15.1/STM32CubeIDE/plugins/com.st.stm32cube.ide.mcu.externaltools.gnu-tools-for-stm32.12.3.rel1.win32_1.0.100.202403111256/tools/bin/../lib/gcc/arm-none-eabi/12.3.1/thumb/v7e-m+fp/hard/crtbegin.o
 .text          0x080001d8       0x30 C:/ST/STM32CubeIDE_1.15.1/STM32CubeIDE/plugins/com.st.stm32cube.ide.mcu.externaltools.gnu-tools-for-stm32.12.3.rel1.win32_1.0.100.202403111256/tools/bin/../lib/gcc/arm-none-eabi/12.3.1/thumb/v7e-m+fp/hard\libgcc.a(_aeabi_uldivmod.o)
                0x080001d8                __aeabi_uldivmod
 .text          0x08000208      0x2bc C:/ST/STM32CubeIDE_1.15.1/STM32CubeIDE/plugins/com.st.stm32cube.ide.mcu.externaltools.gnu-tools-for-stm32.12.3.rel1.win32_1.0.100.202403111256/tools/bin/../lib/gcc/arm-none-eabi/12.3.1/thumb/v7e-m+fp/hard\libgcc.a(_udivmoddi4.o)
                0x08000208                __udivmoddi4
 .text          0x080004c4        0x4 C:/ST/STM32CubeIDE_1.15.1/STM32CubeIDE/plugins/com.st.stm32cube.ide.mcu.externaltools.gnu-tools-for-stm32.12.3.rel1.win32_1.0.100.202403111256/tools/bin/../lib/gcc/arm-none-eabi/12.3.1/thumb/v7e-m+fp/hard\libgcc.a(_dvmd_tls.o)
                0x080004c4                __aeabi_idiv0
                0x080004c4                __aeabi_ldiv0
 *(.text*)
 .text._Z12EventLoopCppv
                0x080004c8       0x14 ./Core/Src/EventLoop.o
                0x080004c8                EventLoopCpp()
 .text.HAL_GPIO_EXTI_Callback
                0x080004dc       0x2c ./Core/Src/EventLoop.o
                0x080004dc                HAL_GPIO_EXTI_Callback
 .text.HAL_TIM_PeriodElapsedCallback
                0x08000508       0x1c ./Core/Src/EventLoop.o
                0x08000508                HAL_TIM_PeriodElapsedCallback
 .text.EventLoopC
                0x08000524        0xc ./Core/Src/EventLoop.o
                0x08000524                EventLoopC
 .text.MX_GPIO_Init
                0x08000530       0xa4 ./Core/Src/gpio.o
                0x08000530                MX_GPIO_Init
 .text.main     0x080005d4       0x24 ./Core/Src/main.o
                0x080005d4                main
 .text.SystemClock_Config
                0x080005f8       0xd0 ./Core/Src/main.o
                0x080005f8                SystemClock_Config
 .text.Error_Handler
                0x080006c8        0xc ./Core/Src/main.o
                0x080006c8                Error_Handler
 .text.HAL_MspInit
                0x080006d4       0x50 ./Core/Src/stm32f4xx_hal_msp.o
                0x080006d4                HAL_MspInit
 .text.NMI_Handler
                0x08000724        0x8 ./Core/Src/stm32f4xx_it.o
                0x08000724                NMI_Handler
 .text.HardFault_Handler
                0x0800072c        0x8 ./Core/Src/stm32f4xx_it.o
                0x0800072c                HardFault_Handler
 .text.MemManage_Handler
                0x08000734        0x8 ./Core/Src/stm32f4xx_it.o
                0x08000734                MemManage_Handler
 .text.BusFault_Handler
                0x0800073c        0x8 ./Core/Src/stm32f4xx_it.o
                0x0800073c                BusFault_Handler
 .text.UsageFault_Handler
                0x08000744        0x8 ./Core/Src/stm32f4xx_it.o
                0x08000744                UsageFault_Handler
 .text.SVC_Handler
                0x0800074c        0xe ./Core/Src/stm32f4xx_it.o
                0x0800074c                SVC_Handler
 .text.DebugMon_Handler
                0x0800075a        0xe ./Core/Src/stm32f4xx_it.o
                0x0800075a                DebugMon_Handler
 .text.PendSV_Handler
                0x08000768        0xe ./Core/Src/stm32f4xx_it.o
                0x08000768                PendSV_Handler
 .text.SysTick_Handler
                0x08000776        0xc ./Core/Src/stm32f4xx_it.o
                0x08000776                SysTick_Handler
 .text.EXTI3_IRQHandler
                0x08000782        0xe ./Core/Src/stm32f4xx_it.o
                0x08000782                EXTI3_IRQHandler
 .text.TIM2_IRQHandler
                0x08000790       0x14 ./Core/Src/stm32f4xx_it.o
                0x08000790                TIM2_IRQHandler
 .text.OTG_FS_IRQHandler
                0x080007a4       0x14 ./Core/Src/stm32f4xx_it.o
                0x080007a4                OTG_FS_IRQHandler
 .text.SystemInit
                0x080007b8       0x24 ./Core/Src/system_stm32f4xx.o
                0x080007b8                SystemInit
 .text.MX_TIM2_Init
                0x080007dc       0xc8 ./Core/Src/tim.o
                0x080007dc                MX_TIM2_Init
 .text.HAL_TIM_Base_MspInit
                0x080008a4       0x4c ./Core/Src/tim.o
                0x080008a4                HAL_TIM_Base_MspInit
 .text.MX_USART1_UART_Init
                0x080008f0       0x54 ./Core/Src/usart.o
                0x080008f0                MX_USART1_UART_Init
 .text.HAL_UART_MspInit
                0x08000944       0x90 ./Core/Src/usart.o
                0x08000944                HAL_UART_MspInit
 .text.Reset_Handler
                0x080009d4       0x50 ./Core/Startup/startup_stm32f411ceux.o
                0x080009d4                Reset_Handler
 .text.Default_Handler
                0x08000a24        0x2 ./Core/Startup/startup_stm32f411ceux.o
                0x08000a24                RTC_Alarm_IRQHandler
                0x08000a24                EXTI2_IRQHandler
                0x08000a24                SPI4_IRQHandler
                0x08000a24                TIM1_CC_IRQHandler
                0x08000a24                DMA2_Stream5_IRQHandler
                0x08000a24                DMA1_Stream5_IRQHandler
                0x08000a24                PVD_IRQHandler
                0x08000a24                SDIO_IRQHandler
                0x08000a24                TAMP_STAMP_IRQHandler
                0x08000a24                TIM1_UP_TIM10_IRQHandler
                0x08000a24                I2C3_ER_IRQHandler
                0x08000a24                EXTI0_IRQHandler
                0x08000a24                I2C2_EV_IRQHandler
                0x08000a24                DMA1_Stream2_IRQHandler
                0x08000a24                FPU_IRQHandler
                0x08000a24                DMA2_Stream2_IRQHandler
                0x08000a24                SPI1_IRQHandler
                0x08000a24                TIM1_BRK_TIM9_IRQHandler
                0x08000a24                DMA2_Stream3_IRQHandler
                0x08000a24                USART6_IRQHandler
                0x08000a24                DMA2_Stream0_IRQHandler
                0x08000a24                TIM4_IRQHandler
                0x08000a24                I2C1_EV_IRQHandler
                0x08000a24                DMA1_Stream6_IRQHandler
                0x08000a24                DMA1_Stream1_IRQHandler
                0x08000a24                TIM3_IRQHandler
                0x08000a24                RCC_IRQHandler
                0x08000a24                Default_Handler
                0x08000a24                EXTI15_10_IRQHandler
                0x08000a24                ADC_IRQHandler
                0x08000a24                DMA1_Stream7_IRQHandler
                0x08000a24                SPI5_IRQHandler
                0x08000a24                TIM5_IRQHandler
                0x08000a24                DMA2_Stream7_IRQHandler
                0x08000a24                I2C3_EV_IRQHandler
                0x08000a24                EXTI9_5_IRQHandler
                0x08000a24                RTC_WKUP_IRQHandler
                0x08000a24                SPI2_IRQHandler
                0x08000a24                DMA1_Stream0_IRQHandler
                0x08000a24                EXTI4_IRQHandler
                0x08000a24                WWDG_IRQHandler
                0x08000a24                OTG_FS_WKUP_IRQHandler
                0x08000a24                TIM1_TRG_COM_TIM11_IRQHandler
                0x08000a24                EXTI1_IRQHandler
                0x08000a24                USART2_IRQHandler
                0x08000a24                I2C2_ER_IRQHandler
                0x08000a24                DMA2_Stream1_IRQHandler
                0x08000a24                FLASH_IRQHandler
                0x08000a24                DMA2_Stream4_IRQHandler
                0x08000a24                USART1_IRQHandler
                0x08000a24                SPI3_IRQHandler
                0x08000a24                DMA1_Stream4_IRQHandler
                0x08000a24                I2C1_ER_IRQHandler
                0x08000a24                DMA2_Stream6_IRQHandler
                0x08000a24                DMA1_Stream3_IRQHandler
 *fill*         0x08000a26        0x2 
 .text.HAL_Init
                0x08000a28       0x44 ./Drivers/STM32F4xx_HAL_Driver/Src/stm32f4xx_hal.o
                0x08000a28                HAL_Init
 .text.HAL_InitTick
                0x08000a6c       0x60 ./Drivers/STM32F4xx_HAL_Driver/Src/stm32f4xx_hal.o
                0x08000a6c                HAL_InitTick
 .text.HAL_IncTick
                0x08000acc       0x28 ./Drivers/STM32F4xx_HAL_Driver/Src/stm32f4xx_hal.o
                0x08000acc                HAL_IncTick
 .text.HAL_GetTick
                0x08000af4       0x18 ./Drivers/STM32F4xx_HAL_Driver/Src/stm32f4xx_hal.o
                0x08000af4                HAL_GetTick
 .text.HAL_Delay
                0x08000b0c       0x48 ./Drivers/STM32F4xx_HAL_Driver/Src/stm32f4xx_hal.o
                0x08000b0c                HAL_Delay
 .text.__NVIC_SetPriorityGrouping
                0x08000b54       0x48 ./Drivers/STM32F4xx_HAL_Driver/Src/stm32f4xx_hal_cortex.o
 .text.__NVIC_GetPriorityGrouping
                0x08000b9c       0x1c ./Drivers/STM32F4xx_HAL_Driver/Src/stm32f4xx_hal_cortex.o
 .text.__NVIC_EnableIRQ
                0x08000bb8       0x3c ./Drivers/STM32F4xx_HAL_Driver/Src/stm32f4xx_hal_cortex.o
 .text.__NVIC_SetPriority
                0x08000bf4       0x54 ./Drivers/STM32F4xx_HAL_Driver/Src/stm32f4xx_hal_cortex.o
 .text.NVIC_EncodePriority
                0x08000c48       0x66 ./Drivers/STM32F4xx_HAL_Driver/Src/stm32f4xx_hal_cortex.o
 *fill*         0x08000cae        0x2 
 .text.SysTick_Config
                0x08000cb0       0x44 ./Drivers/STM32F4xx_HAL_Driver/Src/stm32f4xx_hal_cortex.o
 .text.HAL_NVIC_SetPriorityGrouping
                0x08000cf4       0x16 ./Drivers/STM32F4xx_HAL_Driver/Src/stm32f4xx_hal_cortex.o
                0x08000cf4                HAL_NVIC_SetPriorityGrouping
 .text.HAL_NVIC_SetPriority
                0x08000d0a       0x38 ./Drivers/STM32F4xx_HAL_Driver/Src/stm32f4xx_hal_cortex.o
                0x08000d0a                HAL_NVIC_SetPriority
 .text.HAL_NVIC_EnableIRQ
                0x08000d42       0x1c ./Drivers/STM32F4xx_HAL_Driver/Src/stm32f4xx_hal_cortex.o
                0x08000d42                HAL_NVIC_EnableIRQ
 .text.HAL_SYSTICK_Config
                0x08000d5e       0x18 ./Drivers/STM32F4xx_HAL_Driver/Src/stm32f4xx_hal_cortex.o
                0x08000d5e                HAL_SYSTICK_Config
 *fill*         0x08000d76        0x2 
 .text.HAL_GPIO_Init
                0x08000d78      0x308 ./Drivers/STM32F4xx_HAL_Driver/Src/stm32f4xx_hal_gpio.o
                0x08000d78                HAL_GPIO_Init
 .text.HAL_GPIO_ReadPin
                0x08001080       0x30 ./Drivers/STM32F4xx_HAL_Driver/Src/stm32f4xx_hal_gpio.o
                0x08001080                HAL_GPIO_ReadPin
 .text.HAL_GPIO_EXTI_IRQHandler
                0x080010b0       0x30 ./Drivers/STM32F4xx_HAL_Driver/Src/stm32f4xx_hal_gpio.o
                0x080010b0                HAL_GPIO_EXTI_IRQHandler
 .text.HAL_PCD_Init
                0x080010e0      0x21e ./Drivers/STM32F4xx_HAL_Driver/Src/stm32f4xx_hal_pcd.o
                0x080010e0                HAL_PCD_Init
 .text.HAL_PCD_Start
                0x080012fe       0x6a ./Drivers/STM32F4xx_HAL_Driver/Src/stm32f4xx_hal_pcd.o
                0x080012fe                HAL_PCD_Start
 .text.HAL_PCD_IRQHandler
                0x08001368      0x942 ./Drivers/STM32F4xx_HAL_Driver/Src/stm32f4xx_hal_pcd.o
                0x08001368                HAL_PCD_IRQHandler
 .text.HAL_PCD_SetAddress
                0x08001caa       0x48 ./Drivers/STM32F4xx_HAL_Driver/Src/stm32f4xx_hal_pcd.o
                0x08001caa                HAL_PCD_SetAddress
 .text.HAL_PCD_EP_Open
                0x08001cf2       0xd0 ./Drivers/STM32F4xx_HAL_Driver/Src/stm32f4xx_hal_pcd.o
                0x08001cf2                HAL_PCD_EP_Open
 .text.HAL_PCD_EP_Close
                0x08001dc2       0x94 ./Drivers/STM32F4xx_HAL_Driver/Src/stm32f4xx_hal_pcd.o
                0x08001dc2                HAL_PCD_EP_Close
 .text.HAL_PCD_EP_Receive
                0x08001e56       0x76 ./Drivers/STM32F4xx_HAL_Driver/Src/stm32f4xx_hal_pcd.o
                0x08001e56                HAL_PCD_EP_Receive
 .text.HAL_PCD_EP_GetRxCount
                0x08001ecc       0x30 ./Drivers/STM32F4xx_HAL_Driver/Src/stm32f4xx_hal_pcd.o
                0x08001ecc                HAL_PCD_EP_GetRxCount
 .text.HAL_PCD_EP_Transmit
                0x08001efc       0x74 ./Drivers/STM32F4xx_HAL_Driver/Src/stm32f4xx_hal_pcd.o
                0x08001efc                HAL_PCD_EP_Transmit
 .text.HAL_PCD_EP_SetStall
                0x08001f70       0xc6 ./Drivers/STM32F4xx_HAL_Driver/Src/stm32f4xx_hal_pcd.o
                0x08001f70                HAL_PCD_EP_SetStall
 .text.HAL_PCD_EP_ClrStall
                0x08002036       0xac ./Drivers/STM32F4xx_HAL_Driver/Src/stm32f4xx_hal_pcd.o
                0x08002036                HAL_PCD_EP_ClrStall
 .text.HAL_PCD_EP_Abort
                0x080020e2       0x62 ./Drivers/STM32F4xx_HAL_Driver/Src/stm32f4xx_hal_pcd.o
                0x080020e2                HAL_PCD_EP_Abort
 .text.PCD_WriteEmptyTxFifo
                0x08002144      0x118 ./Drivers/STM32F4xx_HAL_Driver/Src/stm32f4xx_hal_pcd.o
 .text.PCD_EP_OutXfrComplete_int
                0x0800225c      0x1d0 ./Drivers/STM32F4xx_HAL_Driver/Src/stm32f4xx_hal_pcd.o
 .text.PCD_EP_OutSetupPacket_int
                0x0800242c       0x8c ./Drivers/STM32F4xx_HAL_Driver/Src/stm32f4xx_hal_pcd.o
 .text.HAL_PCDEx_SetTxFiFo
                0x080024b8       0x8e ./Drivers/STM32F4xx_HAL_Driver/Src/stm32f4xx_hal_pcd_ex.o
                0x080024b8                HAL_PCDEx_SetTxFiFo
 .text.HAL_PCDEx_SetRxFiFo
                0x08002546       0x22 ./Drivers/STM32F4xx_HAL_Driver/Src/stm32f4xx_hal_pcd_ex.o
                0x08002546                HAL_PCDEx_SetRxFiFo
 .text.HAL_PCDEx_LPM_Callback
                0x08002568       0x18 ./Drivers/STM32F4xx_HAL_Driver/Src/stm32f4xx_hal_pcd_ex.o
                0x08002568                HAL_PCDEx_LPM_Callback
 .text.HAL_RCC_OscConfig
                0x08002580      0x4f0 ./Drivers/STM32F4xx_HAL_Driver/Src/stm32f4xx_hal_rcc.o
                0x08002580                HAL_RCC_OscConfig
 .text.HAL_RCC_ClockConfig
                0x08002a70      0x1cc ./Drivers/STM32F4xx_HAL_Driver/Src/stm32f4xx_hal_rcc.o
                0x08002a70                HAL_RCC_ClockConfig
 .text.HAL_RCC_GetSysClockFreq
                0x08002c3c      0x18c ./Drivers/STM32F4xx_HAL_Driver/Src/stm32f4xx_hal_rcc.o
                0x08002c3c                HAL_RCC_GetSysClockFreq
 .text.HAL_RCC_GetHCLKFreq
                0x08002dc8       0x18 ./Drivers/STM32F4xx_HAL_Driver/Src/stm32f4xx_hal_rcc.o
                0x08002dc8                HAL_RCC_GetHCLKFreq
 .text.HAL_RCC_GetPCLK1Freq
                0x08002de0       0x28 ./Drivers/STM32F4xx_HAL_Driver/Src/stm32f4xx_hal_rcc.o
                0x08002de0                HAL_RCC_GetPCLK1Freq
 .text.HAL_RCC_GetPCLK2Freq
                0x08002e08       0x28 ./Drivers/STM32F4xx_HAL_Driver/Src/stm32f4xx_hal_rcc.o
                0x08002e08                HAL_RCC_GetPCLK2Freq
 .text.HAL_TIM_Base_Init
                0x08002e30       0x9e ./Drivers/STM32F4xx_HAL_Driver/Src/stm32f4xx_hal_tim.o
                0x08002e30                HAL_TIM_Base_Init
 *fill*         0x08002ece        0x2 
 .text.HAL_TIM_Base_Start_IT
                0x08002ed0       0xc4 ./Drivers/STM32F4xx_HAL_Driver/Src/stm32f4xx_hal_tim.o
                0x08002ed0                HAL_TIM_Base_Start_IT
 .text.HAL_TIM_IRQHandler
                0x08002f94      0x1e0 ./Drivers/STM32F4xx_HAL_Driver/Src/stm32f4xx_hal_tim.o
                0x08002f94                HAL_TIM_IRQHandler
 .text.HAL_TIM_ConfigClockSource
                0x08003174      0x18e ./Drivers/STM32F4xx_HAL_Driver/Src/stm32f4xx_hal_tim.o
                0x08003174                HAL_TIM_ConfigClockSource
 .text.HAL_TIM_SlaveConfigSynchro
                0x08003302       0x84 ./Drivers/STM32F4xx_HAL_Driver/Src/stm32f4xx_hal_tim.o
                0x08003302                HAL_TIM_SlaveConfigSynchro
 .text.HAL_TIM_OC_DelayElapsedCallback
                0x08003386       0x14 ./Drivers/STM32F4xx_HAL_Driver/Src/stm32f4xx_hal_tim.o
                0x08003386                HAL_TIM_OC_DelayElapsedCallback
 .text.HAL_TIM_IC_CaptureCallback
                0x0800339a       0x14 ./Drivers/STM32F4xx_HAL_Driver/Src/stm32f4xx_hal_tim.o
                0x0800339a                HAL_TIM_IC_CaptureCallback
 .text.HAL_TIM_PWM_PulseFinishedCallback
                0x080033ae       0x14 ./Drivers/STM32F4xx_HAL_Driver/Src/stm32f4xx_hal_tim.o
                0x080033ae                HAL_TIM_PWM_PulseFinishedCallback
 .text.HAL_TIM_TriggerCallback
                0x080033c2       0x14 ./Drivers/STM32F4xx_HAL_Driver/Src/stm32f4xx_hal_tim.o
                0x080033c2                HAL_TIM_TriggerCallback
 *fill*         0x080033d6        0x2 
 .text.TIM_Base_SetConfig
                0x080033d8      0x118 ./Drivers/STM32F4xx_HAL_Driver/Src/stm32f4xx_hal_tim.o
                0x080033d8                TIM_Base_SetConfig
 .text.TIM_SlaveTimer_SetConfig
                0x080034f0      0x122 ./Drivers/STM32F4xx_HAL_Driver/Src/stm32f4xx_hal_tim.o
 .text.TIM_TI1_ConfigInputStage
                0x08003612       0x5e ./Drivers/STM32F4xx_HAL_Driver/Src/stm32f4xx_hal_tim.o
 .text.TIM_TI2_ConfigInputStage
                0x08003670       0x60 ./Drivers/STM32F4xx_HAL_Driver/Src/stm32f4xx_hal_tim.o
 .text.TIM_ITRx_SetConfig
                0x080036d0       0x36 ./Drivers/STM32F4xx_HAL_Driver/Src/stm32f4xx_hal_tim.o
 .text.TIM_ETR_SetConfig
                0x08003706       0x40 ./Drivers/STM32F4xx_HAL_Driver/Src/stm32f4xx_hal_tim.o
                0x08003706                TIM_ETR_SetConfig
 *fill*         0x08003746        0x2 
 .text.HAL_TIMEx_MasterConfigSynchronization
                0x08003748       0xdc ./Drivers/STM32F4xx_HAL_Driver/Src/stm32f4xx_hal_tim_ex.o
                0x08003748                HAL_TIMEx_MasterConfigSynchronization
 .text.HAL_TIMEx_CommutCallback
                0x08003824       0x14 ./Drivers/STM32F4xx_HAL_Driver/Src/stm32f4xx_hal_tim_ex.o
                0x08003824                HAL_TIMEx_CommutCallback
 .text.HAL_TIMEx_BreakCallback
                0x08003838       0x14 ./Drivers/STM32F4xx_HAL_Driver/Src/stm32f4xx_hal_tim_ex.o
                0x08003838                HAL_TIMEx_BreakCallback
 .text.HAL_UART_Init
                0x0800384c       0xa0 ./Drivers/STM32F4xx_HAL_Driver/Src/stm32f4xx_hal_uart.o
                0x0800384c                HAL_UART_Init
 .text.UART_SetConfig
                0x080038ec      0x4e8 ./Drivers/STM32F4xx_HAL_Driver/Src/stm32f4xx_hal_uart.o
 .text.USB_CoreInit
                0x08003dd4       0xc8 ./Drivers/STM32F4xx_HAL_Driver/Src/stm32f4xx_ll_usb.o
                0x08003dd4                USB_CoreInit
 .text.USB_SetTurnaroundTime
                0x08003e9c      0x144 ./Drivers/STM32F4xx_HAL_Driver/Src/stm32f4xx_ll_usb.o
                0x08003e9c                USB_SetTurnaroundTime
 .text.USB_EnableGlobalInt
                0x08003fe0       0x22 ./Drivers/STM32F4xx_HAL_Driver/Src/stm32f4xx_ll_usb.o
                0x08003fe0                USB_EnableGlobalInt
 .text.USB_DisableGlobalInt
                0x08004002       0x22 ./Drivers/STM32F4xx_HAL_Driver/Src/stm32f4xx_ll_usb.o
                0x08004002                USB_DisableGlobalInt
 .text.USB_SetCurrentMode
                0x08004024       0x98 ./Drivers/STM32F4xx_HAL_Driver/Src/stm32f4xx_ll_usb.o
                0x08004024                USB_SetCurrentMode
 .text.USB_DevInit
                0x080040bc      0x2c8 ./Drivers/STM32F4xx_HAL_Driver/Src/stm32f4xx_ll_usb.o
                0x080040bc                USB_DevInit
 .text.USB_FlushTxFifo
                0x08004384       0x64 ./Drivers/STM32F4xx_HAL_Driver/Src/stm32f4xx_ll_usb.o
                0x08004384                USB_FlushTxFifo
 .text.USB_FlushRxFifo
                0x080043e8       0x5c ./Drivers/STM32F4xx_HAL_Driver/Src/stm32f4xx_ll_usb.o
                0x080043e8                USB_FlushRxFifo
 .text.USB_SetDevSpeed
                0x08004444       0x32 ./Drivers/STM32F4xx_HAL_Driver/Src/stm32f4xx_ll_usb.o
                0x08004444                USB_SetDevSpeed
 .text.USB_GetDevSpeed
                0x08004476       0x4a ./Drivers/STM32F4xx_HAL_Driver/Src/stm32f4xx_ll_usb.o
                0x08004476                USB_GetDevSpeed
 .text.USB_ActivateEndpoint
                0x080044c0      0x10e ./Drivers/STM32F4xx_HAL_Driver/Src/stm32f4xx_ll_usb.o
                0x080044c0                USB_ActivateEndpoint
 *fill*         0x080045ce        0x2 
 .text.USB_DeactivateEndpoint
                0x080045d0      0x1b8 ./Drivers/STM32F4xx_HAL_Driver/Src/stm32f4xx_ll_usb.o
                0x080045d0                USB_DeactivateEndpoint
 .text.USB_EPStartXfer
                0x08004788      0x530 ./Drivers/STM32F4xx_HAL_Driver/Src/stm32f4xx_ll_usb.o
                0x08004788                USB_EPStartXfer
 .text.USB_EPStopXfer
                0x08004cb8      0x154 ./Drivers/STM32F4xx_HAL_Driver/Src/stm32f4xx_ll_usb.o
                0x08004cb8                USB_EPStopXfer
 .text.USB_WritePacket
                0x08004e0c       0x7c ./Drivers/STM32F4xx_HAL_Driver/Src/stm32f4xx_ll_usb.o
                0x08004e0c                USB_WritePacket
 .text.USB_ReadPacket
                0x08004e88       0xb0 ./Drivers/STM32F4xx_HAL_Driver/Src/stm32f4xx_ll_usb.o
                0x08004e88                USB_ReadPacket
 .text.USB_EPSetStall
                0x08004f38       0xdc ./Drivers/STM32F4xx_HAL_Driver/Src/stm32f4xx_ll_usb.o
                0x08004f38                USB_EPSetStall
 .text.USB_EPClearStall
                0x08005014       0xcc ./Drivers/STM32F4xx_HAL_Driver/Src/stm32f4xx_ll_usb.o
                0x08005014                USB_EPClearStall
 .text.USB_SetDevAddress
                0x080050e0       0x4c ./Drivers/STM32F4xx_HAL_Driver/Src/stm32f4xx_ll_usb.o
                0x080050e0                USB_SetDevAddress
 .text.USB_DevConnect
                0x0800512c       0x42 ./Drivers/STM32F4xx_HAL_Driver/Src/stm32f4xx_ll_usb.o
                0x0800512c                USB_DevConnect
 .text.USB_DevDisconnect
                0x0800516e       0x42 ./Drivers/STM32F4xx_HAL_Driver/Src/stm32f4xx_ll_usb.o
                0x0800516e                USB_DevDisconnect
 .text.USB_ReadInterrupts
                0x080051b0       0x26 ./Drivers/STM32F4xx_HAL_Driver/Src/stm32f4xx_ll_usb.o
                0x080051b0                USB_ReadInterrupts
 .text.USB_ReadDevAllOutEpInterrupt
                0x080051d6       0x34 ./Drivers/STM32F4xx_HAL_Driver/Src/stm32f4xx_ll_usb.o
                0x080051d6                USB_ReadDevAllOutEpInterrupt
 .text.USB_ReadDevAllInEpInterrupt
                0x0800520a       0x34 ./Drivers/STM32F4xx_HAL_Driver/Src/stm32f4xx_ll_usb.o
                0x0800520a                USB_ReadDevAllInEpInterrupt
 .text.USB_ReadDevOutEPInterrupt
                0x0800523e       0x3c ./Drivers/STM32F4xx_HAL_Driver/Src/stm32f4xx_ll_usb.o
                0x0800523e                USB_ReadDevOutEPInterrupt
 .text.USB_ReadDevInEPInterrupt
                0x0800527a       0x5c ./Drivers/STM32F4xx_HAL_Driver/Src/stm32f4xx_ll_usb.o
                0x0800527a                USB_ReadDevInEPInterrupt
 .text.USB_GetMode
                0x080052d6       0x1c ./Drivers/STM32F4xx_HAL_Driver/Src/stm32f4xx_ll_usb.o
                0x080052d6                USB_GetMode
 .text.USB_ActivateSetup
                0x080052f2       0x46 ./Drivers/STM32F4xx_HAL_Driver/Src/stm32f4xx_ll_usb.o
                0x080052f2                USB_ActivateSetup
 .text.USB_EP0_OutStart
                0x08005338       0xbc ./Drivers/STM32F4xx_HAL_Driver/Src/stm32f4xx_ll_usb.o
                0x08005338                USB_EP0_OutStart
 .text.USB_CoreReset
                0x080053f4       0x62 ./Drivers/STM32F4xx_HAL_Driver/Src/stm32f4xx_ll_usb.o
 *fill*         0x08005456        0x2 
 .text.USBD_CDC_Init
                0x08005458      0x1f0 ./Middlewares/ST/STM32_USB_Device_Library/Class/CDC/Src/usbd_cdc.o
 .text.USBD_CDC_DeInit
                0x08005648      0x104 ./Middlewares/ST/STM32_USB_Device_Library/Class/CDC/Src/usbd_cdc.o
 .text.USBD_CDC_Setup
                0x0800574c      0x1b8 ./Middlewares/ST/STM32_USB_Device_Library/Class/CDC/Src/usbd_cdc.o
 .text.USBD_CDC_DataIn
                0x08005904       0xfe ./Middlewares/ST/STM32_USB_Device_Library/Class/CDC/Src/usbd_cdc.o
 .text.USBD_CDC_DataOut
                0x08005a02       0x70 ./Middlewares/ST/STM32_USB_Device_Library/Class/CDC/Src/usbd_cdc.o
 .text.USBD_CDC_EP0_RxReady
                0x08005a72       0x74 ./Middlewares/ST/STM32_USB_Device_Library/Class/CDC/Src/usbd_cdc.o
 *fill*         0x08005ae6        0x2 
 .text.USBD_CDC_GetFSCfgDesc
                0x08005ae8       0x70 ./Middlewares/ST/STM32_USB_Device_Library/Class/CDC/Src/usbd_cdc.o
 .text.USBD_CDC_GetHSCfgDesc
                0x08005b58       0x70 ./Middlewares/ST/STM32_USB_Device_Library/Class/CDC/Src/usbd_cdc.o
 .text.USBD_CDC_GetOtherSpeedCfgDesc
                0x08005bc8       0x70 ./Middlewares/ST/STM32_USB_Device_Library/Class/CDC/Src/usbd_cdc.o
 .text.USBD_CDC_GetDeviceQualifierDescriptor
                0x08005c38       0x20 ./Middlewares/ST/STM32_USB_Device_Library/Class/CDC/Src/usbd_cdc.o
                0x08005c38                USBD_CDC_GetDeviceQualifierDescriptor
 .text.USBD_CDC_RegisterInterface
                0x08005c58       0x34 ./Middlewares/ST/STM32_USB_Device_Library/Class/CDC/Src/usbd_cdc.o
                0x08005c58                USBD_CDC_RegisterInterface
 .text.USBD_CDC_SetTxBuffer
                0x08005c8c       0x44 ./Middlewares/ST/STM32_USB_Device_Library/Class/CDC/Src/usbd_cdc.o
                0x08005c8c                USBD_CDC_SetTxBuffer
 .text.USBD_CDC_SetRxBuffer
                0x08005cd0       0x3a ./Middlewares/ST/STM32_USB_Device_Library/Class/CDC/Src/usbd_cdc.o
                0x08005cd0                USBD_CDC_SetRxBuffer
 *fill*         0x08005d0a        0x2 
 .text.USBD_CDC_TransmitPacket
                0x08005d0c       0x80 ./Middlewares/ST/STM32_USB_Device_Library/Class/CDC/Src/usbd_cdc.o
                0x08005d0c                USBD_CDC_TransmitPacket
 .text.USBD_CDC_ReceivePacket
                0x08005d8c       0x6c ./Middlewares/ST/STM32_USB_Device_Library/Class/CDC/Src/usbd_cdc.o
                0x08005d8c                USBD_CDC_ReceivePacket
 .text.USBD_Init
                0x08005df8       0x60 ./Middlewares/ST/STM32_USB_Device_Library/Core/Src/usbd_core.o
                0x08005df8                USBD_Init
 .text.USBD_RegisterClass
                0x08005e58       0x6c ./Middlewares/ST/STM32_USB_Device_Library/Core/Src/usbd_core.o
                0x08005e58                USBD_RegisterClass
 .text.USBD_Start
                0x08005ec4       0x18 ./Middlewares/ST/STM32_USB_Device_Library/Core/Src/usbd_core.o
                0x08005ec4                USBD_Start
 .text.USBD_RunTestMode
                0x08005edc       0x16 ./Middlewares/ST/STM32_USB_Device_Library/Core/Src/usbd_core.o
                0x08005edc                USBD_RunTestMode
 .text.USBD_SetClassConfig
                0x08005ef2       0x38 ./Middlewares/ST/STM32_USB_Device_Library/Core/Src/usbd_core.o
                0x08005ef2                USBD_SetClassConfig
 .text.USBD_ClrClassConfig
                0x08005f2a       0x34 ./Middlewares/ST/STM32_USB_Device_Library/Core/Src/usbd_core.o
                0x08005f2a                USBD_ClrClassConfig
 .text.USBD_LL_SetupStage
                0x08005f5e       0xaa ./Middlewares/ST/STM32_USB_Device_Library/Core/Src/usbd_core.o
                0x08005f5e                USBD_LL_SetupStage
 .text.USBD_LL_DataOutStage
                0x08006008      0x166 ./Middlewares/ST/STM32_USB_Device_Library/Core/Src/usbd_core.o
                0x08006008                USBD_LL_DataOutStage
 .text.USBD_LL_DataInStage
                0x0800616e      0x164 ./Middlewares/ST/STM32_USB_Device_Library/Core/Src/usbd_core.o
                0x0800616e                USBD_LL_DataInStage
 .text.USBD_LL_Reset
                0x080062d2       0xa4 ./Middlewares/ST/STM32_USB_Device_Library/Core/Src/usbd_core.o
                0x080062d2                USBD_LL_Reset
 .text.USBD_LL_SetSpeed
                0x08006376       0x20 ./Middlewares/ST/STM32_USB_Device_Library/Core/Src/usbd_core.o
                0x08006376                USBD_LL_SetSpeed
 .text.USBD_LL_Suspend
                0x08006396       0x38 ./Middlewares/ST/STM32_USB_Device_Library/Core/Src/usbd_core.o
                0x08006396                USBD_LL_Suspend
 .text.USBD_LL_Resume
                0x080063ce       0x30 ./Middlewares/ST/STM32_USB_Device_Library/Core/Src/usbd_core.o
                0x080063ce                USBD_LL_Resume
 .text.USBD_LL_SOF
                0x080063fe       0x40 ./Middlewares/ST/STM32_USB_Device_Library/Core/Src/usbd_core.o
                0x080063fe                USBD_LL_SOF
 .text.USBD_LL_IsoINIncomplete
                0x0800643e       0x64 ./Middlewares/ST/STM32_USB_Device_Library/Core/Src/usbd_core.o
                0x0800643e                USBD_LL_IsoINIncomplete
 .text.USBD_LL_IsoOUTIncomplete
                0x080064a2       0x64 ./Middlewares/ST/STM32_USB_Device_Library/Core/Src/usbd_core.o
                0x080064a2                USBD_LL_IsoOUTIncomplete
 .text.USBD_LL_DevConnected
                0x08006506       0x16 ./Middlewares/ST/STM32_USB_Device_Library/Core/Src/usbd_core.o
                0x08006506                USBD_LL_DevConnected
 .text.USBD_LL_DevDisconnected
                0x0800651c       0x46 ./Middlewares/ST/STM32_USB_Device_Library/Core/Src/usbd_core.o
                0x0800651c                USBD_LL_DevDisconnected
 .text.USBD_CoreFindIF
                0x08006562       0x1a ./Middlewares/ST/STM32_USB_Device_Library/Core/Src/usbd_core.o
                0x08006562                USBD_CoreFindIF
 .text.USBD_CoreFindEP
                0x0800657c       0x1a ./Middlewares/ST/STM32_USB_Device_Library/Core/Src/usbd_core.o
                0x0800657c                USBD_CoreFindEP
 .text.USBD_GetEpDesc
                0x08006596       0x70 ./Middlewares/ST/STM32_USB_Device_Library/Core/Src/usbd_core.o
                0x08006596                USBD_GetEpDesc
 .text.USBD_GetNextDesc
                0x08006606       0x38 ./Middlewares/ST/STM32_USB_Device_Library/Core/Src/usbd_core.o
                0x08006606                USBD_GetNextDesc
 .text.SWAPBYTE
                0x0800663e       0x3c ./Middlewares/ST/STM32_USB_Device_Library/Core/Src/usbd_ctlreq.o
 *fill*         0x0800667a        0x2 
 .text.USBD_StdDevReq
                0x0800667c       0xe4 ./Middlewares/ST/STM32_USB_Device_Library/Core/Src/usbd_ctlreq.o
                0x0800667c                USBD_StdDevReq
 .text.USBD_StdItfReq
                0x08006760       0xd8 ./Middlewares/ST/STM32_USB_Device_Library/Core/Src/usbd_ctlreq.o
                0x08006760                USBD_StdItfReq
 .text.USBD_StdEPReq
                0x08006838      0x33a ./Middlewares/ST/STM32_USB_Device_Library/Core/Src/usbd_ctlreq.o
                0x08006838                USBD_StdEPReq
 *fill*         0x08006b72        0x2 
 .text.USBD_GetDescriptor
                0x08006b74      0x2d4 ./Middlewares/ST/STM32_USB_Device_Library/Core/Src/usbd_ctlreq.o
 .text.USBD_SetAddress
                0x08006e48       0x88 ./Middlewares/ST/STM32_USB_Device_Library/Core/Src/usbd_ctlreq.o
 .text.USBD_SetConfig
                0x08006ed0      0x154 ./Middlewares/ST/STM32_USB_Device_Library/Core/Src/usbd_ctlreq.o
 .text.USBD_GetConfig
                0x08007024       0x6c ./Middlewares/ST/STM32_USB_Device_Library/Core/Src/usbd_ctlreq.o
 .text.USBD_GetStatus
                0x08007090       0x68 ./Middlewares/ST/STM32_USB_Device_Library/Core/Src/usbd_ctlreq.o
 .text.USBD_SetFeature
                0x080070f8       0x52 ./Middlewares/ST/STM32_USB_Device_Library/Core/Src/usbd_ctlreq.o
 .text.USBD_ClrFeature
                0x0800714a       0x44 ./Middlewares/ST/STM32_USB_Device_Library/Core/Src/usbd_ctlreq.o
 .text.USBD_ParseSetupRequest
                0x0800718e       0x74 ./Middlewares/ST/STM32_USB_Device_Library/Core/Src/usbd_ctlreq.o
                0x0800718e                USBD_ParseSetupRequest
 .text.USBD_CtlError
                0x08007202       0x22 ./Middlewares/ST/STM32_USB_Device_Library/Core/Src/usbd_ctlreq.o
                0x08007202                USBD_CtlError
 .text.USBD_GetString
                0x08007224       0x8c ./Middlewares/ST/STM32_USB_Device_Library/Core/Src/usbd_ctlreq.o
                0x08007224                USBD_GetString
 .text.USBD_GetLen
                0x080072b0       0x34 ./Middlewares/ST/STM32_USB_Device_Library/Core/Src/usbd_ctlreq.o
 .text.USBD_CtlSendData
                0x080072e4       0x36 ./Middlewares/ST/STM32_USB_Device_Library/Core/Src/usbd_ioreq.o
                0x080072e4                USBD_CtlSendData
 .text.USBD_CtlContinueSendData
                0x0800731a       0x22 ./Middlewares/ST/STM32_USB_Device_Library/Core/Src/usbd_ioreq.o
                0x0800731a                USBD_CtlContinueSendData
 .text.USBD_CtlPrepareRx
                0x0800733c       0x3a ./Middlewares/ST/STM32_USB_Device_Library/Core/Src/usbd_ioreq.o
                0x0800733c                USBD_CtlPrepareRx
 .text.USBD_CtlContinueRx
                0x08007376       0x22 ./Middlewares/ST/STM32_USB_Device_Library/Core/Src/usbd_ioreq.o
                0x08007376                USBD_CtlContinueRx
 .text.USBD_CtlSendStatus
                0x08007398       0x26 ./Middlewares/ST/STM32_USB_Device_Library/Core/Src/usbd_ioreq.o
                0x08007398                USBD_CtlSendStatus
 .text.USBD_CtlReceiveStatus
                0x080073be       0x26 ./Middlewares/ST/STM32_USB_Device_Library/Core/Src/usbd_ioreq.o
                0x080073be                USBD_CtlReceiveStatus
 .text.MX_USB_DEVICE_Init
                0x080073e4       0x60 ./USB_DEVICE/App/usb_device.o
                0x080073e4                MX_USB_DEVICE_Init
 .text.CDC_Init_FS
                0x08007444       0x28 ./USB_DEVICE/App/usbd_cdc_if.o
 .text.CDC_DeInit_FS
                0x0800746c       0x10 ./USB_DEVICE/App/usbd_cdc_if.o
 .text.CDC_Control_FS
                0x0800747c       0xbc ./USB_DEVICE/App/usbd_cdc_if.o
 .text.CDC_Receive_FS
                0x08007538       0x28 ./USB_DEVICE/App/usbd_cdc_if.o
 .text.CDC_Transmit_FS
                0x08007560       0x4c ./USB_DEVICE/App/usbd_cdc_if.o
                0x08007560                CDC_Transmit_FS
 .text.CDC_TransmitCplt_FS
                0x080075ac       0x22 ./USB_DEVICE/App/usbd_cdc_if.o
 *fill*         0x080075ce        0x2 
 .text.USBD_FS_DeviceDescriptor
                0x080075d0       0x24 ./USB_DEVICE/App/usbd_desc.o
                0x080075d0                USBD_FS_DeviceDescriptor
 .text.USBD_FS_LangIDStrDescriptor
                0x080075f4       0x24 ./USB_DEVICE/App/usbd_desc.o
                0x080075f4                USBD_FS_LangIDStrDescriptor
 .text.USBD_FS_ProductStrDescriptor
                0x08007618       0x3c ./USB_DEVICE/App/usbd_desc.o
                0x08007618                USBD_FS_ProductStrDescriptor
 .text.USBD_FS_ManufacturerStrDescriptor
                0x08007654       0x28 ./USB_DEVICE/App/usbd_desc.o
                0x08007654                USBD_FS_ManufacturerStrDescriptor
 .text.USBD_FS_SerialStrDescriptor
                0x0800767c       0x24 ./USB_DEVICE/App/usbd_desc.o
                0x0800767c                USBD_FS_SerialStrDescriptor
 .text.USBD_FS_ConfigStrDescriptor
                0x080076a0       0x3c ./USB_DEVICE/App/usbd_desc.o
                0x080076a0                USBD_FS_ConfigStrDescriptor
 .text.USBD_FS_InterfaceStrDescriptor
                0x080076dc       0x3c ./USB_DEVICE/App/usbd_desc.o
                0x080076dc                USBD_FS_InterfaceStrDescriptor
 .text.Get_SerialNum
                0x08007718       0x58 ./USB_DEVICE/App/usbd_desc.o
 .text.IntToUnicode
                0x08007770       0x7e ./USB_DEVICE/App/usbd_desc.o
 *fill*         0x080077ee        0x2 
 .text.HAL_PCD_MspInit
                0x080077f0       0xa8 ./USB_DEVICE/Target/usbd_conf.o
                0x080077f0                HAL_PCD_MspInit
 .text.HAL_PCD_SetupStageCallback
                0x08007898       0x24 ./USB_DEVICE/Target/usbd_conf.o
                0x08007898                HAL_PCD_SetupStageCallback
 .text.HAL_PCD_DataOutStageCallback
                0x080078bc       0x36 ./USB_DEVICE/Target/usbd_conf.o
                0x080078bc                HAL_PCD_DataOutStageCallback
 .text.HAL_PCD_DataInStageCallback
                0x080078f2       0x34 ./USB_DEVICE/Target/usbd_conf.o
                0x080078f2                HAL_PCD_DataInStageCallback
 .text.HAL_PCD_SOFCallback
                0x08007926       0x1c ./USB_DEVICE/Target/usbd_conf.o
                0x08007926                HAL_PCD_SOFCallback
 .text.HAL_PCD_ResetCallback
                0x08007942       0x3c ./USB_DEVICE/Target/usbd_conf.o
                0x08007942                HAL_PCD_ResetCallback
 *fill*         0x0800797e        0x2 
 .text.HAL_PCD_SuspendCallback
                0x08007980       0x4c ./USB_DEVICE/Target/usbd_conf.o
                0x08007980                HAL_PCD_SuspendCallback
 .text.HAL_PCD_ResumeCallback
                0x080079cc       0x1c ./USB_DEVICE/Target/usbd_conf.o
                0x080079cc                HAL_PCD_ResumeCallback
 .text.HAL_PCD_ISOOUTIncompleteCallback
                0x080079e8       0x24 ./USB_DEVICE/Target/usbd_conf.o
                0x080079e8                HAL_PCD_ISOOUTIncompleteCallback
 .text.HAL_PCD_ISOINIncompleteCallback
                0x08007a0c       0x24 ./USB_DEVICE/Target/usbd_conf.o
                0x08007a0c                HAL_PCD_ISOINIncompleteCallback
 .text.HAL_PCD_ConnectCallback
                0x08007a30       0x1c ./USB_DEVICE/Target/usbd_conf.o
                0x08007a30                HAL_PCD_ConnectCallback
 .text.HAL_PCD_DisconnectCallback
                0x08007a4c       0x1c ./USB_DEVICE/Target/usbd_conf.o
                0x08007a4c                HAL_PCD_DisconnectCallback
 .text.USBD_LL_Init
                0x08007a68       0x98 ./USB_DEVICE/Target/usbd_conf.o
                0x08007a68                USBD_LL_Init
 .text.USBD_LL_Start
                0x08007b00       0x36 ./USB_DEVICE/Target/usbd_conf.o
                0x08007b00                USBD_LL_Start
 .text.USBD_LL_OpenEP
                0x08007b36       0x4c ./USB_DEVICE/Target/usbd_conf.o
                0x08007b36                USBD_LL_OpenEP
 .text.USBD_LL_CloseEP
                0x08007b82       0x3e ./USB_DEVICE/Target/usbd_conf.o
                0x08007b82                USBD_LL_CloseEP
 .text.USBD_LL_StallEP
                0x08007bc0       0x3e ./USB_DEVICE/Target/usbd_conf.o
                0x08007bc0                USBD_LL_StallEP
 .text.USBD_LL_ClearStallEP
                0x08007bfe       0x3e ./USB_DEVICE/Target/usbd_conf.o
                0x08007bfe                USBD_LL_ClearStallEP
 .text.USBD_LL_IsStallEP
                0x08007c3c       0x58 ./USB_DEVICE/Target/usbd_conf.o
                0x08007c3c                USBD_LL_IsStallEP
 .text.USBD_LL_SetUSBAddress
                0x08007c94       0x3e ./USB_DEVICE/Target/usbd_conf.o
                0x08007c94                USBD_LL_SetUSBAddress
 .text.USBD_LL_Transmit
                0x08007cd2       0x42 ./USB_DEVICE/Target/usbd_conf.o
                0x08007cd2                USBD_LL_Transmit
 .text.USBD_LL_PrepareReceive
                0x08007d14       0x42 ./USB_DEVICE/Target/usbd_conf.o
                0x08007d14                USBD_LL_PrepareReceive
 .text.USBD_LL_GetRxDataSize
                0x08007d56       0x26 ./USB_DEVICE/Target/usbd_conf.o
                0x08007d56                USBD_LL_GetRxDataSize
 .text.USBD_static_malloc
                0x08007d7c       0x1c ./USB_DEVICE/Target/usbd_conf.o
                0x08007d7c                USBD_static_malloc
 .text.USBD_static_free
                0x08007d98       0x14 ./USB_DEVICE/Target/usbd_conf.o
                0x08007d98                USBD_static_free
 .text.USBD_Get_USB_Status
                0x08007dac       0x58 ./USB_DEVICE/Target/usbd_conf.o
                0x08007dac                USBD_Get_USB_Status
 .text.memset   0x08007e04       0x10 C:/ST/STM32CubeIDE_1.15.1/STM32CubeIDE/plugins/com.st.stm32cube.ide.mcu.externaltools.gnu-tools-for-stm32.12.3.rel1.win32_1.0.100.202403111256/tools/bin/../lib/gcc/arm-none-eabi/12.3.1/../../../../arm-none-eabi/lib/thumb/v7e-m+fp/hard\libc_nano.a(libc_a-memset.o)
                0x08007e04                memset
 .text.__libc_init_array
                0x08007e14       0x48 C:/ST/STM32CubeIDE_1.15.1/STM32CubeIDE/plugins/com.st.stm32cube.ide.mcu.externaltools.gnu-tools-for-stm32.12.3.rel1.win32_1.0.100.202403111256/tools/bin/../lib/gcc/arm-none-eabi/12.3.1/../../../../arm-none-eabi/lib/thumb/v7e-m+fp/hard\libc_nano.a(libc_a-init.o)
                0x08007e14                __libc_init_array
 *(.glue_7)
 .glue_7        0x08007e5c        0x0 linker stubs
 *(.glue_7t)
 .glue_7t       0x08007e5c        0x0 linker stubs
 *(.eh_frame)
 .eh_frame      0x08007e5c        0x0 C:/ST/STM32CubeIDE_1.15.1/STM32CubeIDE/plugins/com.st.stm32cube.ide.mcu.externaltools.gnu-tools-for-stm32.12.3.rel1.win32_1.0.100.202403111256/tools/bin/../lib/gcc/arm-none-eabi/12.3.1/thumb/v7e-m+fp/hard/crtbegin.o
 *(.init)
 .init          0x08007e5c        0x4 C:/ST/STM32CubeIDE_1.15.1/STM32CubeIDE/plugins/com.st.stm32cube.ide.mcu.externaltools.gnu-tools-for-stm32.12.3.rel1.win32_1.0.100.202403111256/tools/bin/../lib/gcc/arm-none-eabi/12.3.1/thumb/v7e-m+fp/hard/crti.o
                0x08007e5c                _init
 .init          0x08007e60        0x8 C:/ST/STM32CubeIDE_1.15.1/STM32CubeIDE/plugins/com.st.stm32cube.ide.mcu.externaltools.gnu-tools-for-stm32.12.3.rel1.win32_1.0.100.202403111256/tools/bin/../lib/gcc/arm-none-eabi/12.3.1/thumb/v7e-m+fp/hard/crtn.o
 *(.fini)
 .fini          0x08007e68        0x4 C:/ST/STM32CubeIDE_1.15.1/STM32CubeIDE/plugins/com.st.stm32cube.ide.mcu.externaltools.gnu-tools-for-stm32.12.3.rel1.win32_1.0.100.202403111256/tools/bin/../lib/gcc/arm-none-eabi/12.3.1/thumb/v7e-m+fp/hard/crti.o
                0x08007e68                _fini
 .fini          0x08007e6c        0x8 C:/ST/STM32CubeIDE_1.15.1/STM32CubeIDE/plugins/com.st.stm32cube.ide.mcu.externaltools.gnu-tools-for-stm32.12.3.rel1.win32_1.0.100.202403111256/tools/bin/../lib/gcc/arm-none-eabi/12.3.1/thumb/v7e-m+fp/hard/crtn.o
                0x08007e74                        . = ALIGN (0x4)
                0x08007e74                        _etext = .

.vfp11_veneer   0x08007e74        0x0
 .vfp11_veneer  0x08007e74        0x0 linker stubs

.v4_bx          0x08007e74        0x0
 .v4_bx         0x08007e74        0x0 linker stubs

.iplt           0x08007e74        0x0
 .iplt          0x08007e74        0x0 C:/ST/STM32CubeIDE_1.15.1/STM32CubeIDE/plugins/com.st.stm32cube.ide.mcu.externaltools.gnu-tools-for-stm32.12.3.rel1.win32_1.0.100.202403111256/tools/bin/../lib/gcc/arm-none-eabi/12.3.1/thumb/v7e-m+fp/hard/crtbegin.o

.rodata         0x08007e74       0x60
                0x08007e74                        . = ALIGN (0x4)
 *(.rodata)
 .rodata        0x08007e74       0x46 ./USB_DEVICE/App/usbd_desc.o
 *(.rodata*)
 *fill*         0x08007eba        0x2 
 .rodata.AHBPrescTable
                0x08007ebc       0x10 ./Core/Src/system_stm32f4xx.o
                0x08007ebc                AHBPrescTable
 .rodata.APBPrescTable
                0x08007ecc        0x8 ./Core/Src/system_stm32f4xx.o
                0x08007ecc                APBPrescTable
                0x08007ed4                        . = ALIGN (0x4)

.ARM.extab      0x08007ed4        0x0
                0x08007ed4                        . = ALIGN (0x4)
 *(.ARM.extab* .gnu.linkonce.armextab.*)
                0x08007ed4                        . = ALIGN (0x4)

.ARM            0x08007ed4        0x8
                0x08007ed4                        . = ALIGN (0x4)
                0x08007ed4                        __exidx_start = .
 *(.ARM.exidx*)
 .ARM.exidx     0x08007ed4        0x8 C:/ST/STM32CubeIDE_1.15.1/STM32CubeIDE/plugins/com.st.stm32cube.ide.mcu.externaltools.gnu-tools-for-stm32.12.3.rel1.win32_1.0.100.202403111256/tools/bin/../lib/gcc/arm-none-eabi/12.3.1/thumb/v7e-m+fp/hard\libgcc.a(_udivmoddi4.o)
                0x08007edc                        __exidx_end = .
                0x08007edc                        . = ALIGN (0x4)

.preinit_array  0x08007edc        0x0
                0x08007edc                        . = ALIGN (0x4)
                0x08007edc                        PROVIDE (__preinit_array_start = .)
 *(.preinit_array*)
                0x08007edc                        PROVIDE (__preinit_array_end = .)
                0x08007edc                        . = ALIGN (0x4)

.init_array     0x08007edc        0x4
                0x08007edc                        . = ALIGN (0x4)
                0x08007edc                        PROVIDE (__init_array_start = .)
 *(SORT_BY_NAME(.init_array.*))
 *(.init_array*)
 .init_array    0x08007edc        0x4 C:/ST/STM32CubeIDE_1.15.1/STM32CubeIDE/plugins/com.st.stm32cube.ide.mcu.externaltools.gnu-tools-for-stm32.12.3.rel1.win32_1.0.100.202403111256/tools/bin/../lib/gcc/arm-none-eabi/12.3.1/thumb/v7e-m+fp/hard/crtbegin.o
                0x08007ee0                        PROVIDE (__init_array_end = .)
                0x08007ee0                        . = ALIGN (0x4)

.fini_array     0x08007ee0        0x4
                0x08007ee0                        . = ALIGN (0x4)
                [!provide]                        PROVIDE (__fini_array_start = .)
 *(SORT_BY_NAME(.fini_array.*))
 *(.fini_array*)
 .fini_array    0x08007ee0        0x4 C:/ST/STM32CubeIDE_1.15.1/STM32CubeIDE/plugins/com.st.stm32cube.ide.mcu.externaltools.gnu-tools-for-stm32.12.3.rel1.win32_1.0.100.202403111256/tools/bin/../lib/gcc/arm-none-eabi/12.3.1/thumb/v7e-m+fp/hard/crtbegin.o
                [!provide]                        PROVIDE (__fini_array_end = .)
                0x08007ee4                        . = ALIGN (0x4)
                0x08007ee4                        _sidata = LOADADDR (.data)

.rel.dyn        0x08007ee4        0x0
 .rel.iplt      0x08007ee4        0x0 C:/ST/STM32CubeIDE_1.15.1/STM32CubeIDE/plugins/com.st.stm32cube.ide.mcu.externaltools.gnu-tools-for-stm32.12.3.rel1.win32_1.0.100.202403111256/tools/bin/../lib/gcc/arm-none-eabi/12.3.1/thumb/v7e-m+fp/hard/crtbegin.o

.data           0x20000000      0x10c load address 0x08007ee4
                0x20000000                        . = ALIGN (0x4)
                0x20000000                        _sdata = .
 *(.data)
 *(.data*)
 .data.buf      0x20000000        0xe ./Core/Src/EventLoop.o
                0x20000000                buf
 *fill*         0x2000000e        0x2 
 .data.SystemCoreClock
                0x20000010        0x4 ./Core/Src/system_stm32f4xx.o
                0x20000010                SystemCoreClock
 .data.uwTickPrio
                0x20000014        0x4 ./Drivers/STM32F4xx_HAL_Driver/Src/stm32f4xx_hal.o
                0x20000014                uwTickPrio
 .data.uwTickFreq
                0x20000018        0x1 ./Drivers/STM32F4xx_HAL_Driver/Src/stm32f4xx_hal.o
                0x20000018                uwTickFreq
 *fill*         0x20000019        0x3 
 .data.USBD_CDC_DeviceQualifierDesc
                0x2000001c        0xa ./Middlewares/ST/STM32_USB_Device_Library/Class/CDC/Src/usbd_cdc.o
 *fill*         0x20000026        0x2 
 .data.USBD_CDC
                0x20000028       0x38 ./Middlewares/ST/STM32_USB_Device_Library/Class/CDC/Src/usbd_cdc.o
                0x20000028                USBD_CDC
 .data.USBD_CDC_CfgDesc
                0x20000060       0x43 ./Middlewares/ST/STM32_USB_Device_Library/Class/CDC/Src/usbd_cdc.o
 .data.CDCInEpAdd
                0x200000a3        0x1 ./Middlewares/ST/STM32_USB_Device_Library/Class/CDC/Src/usbd_cdc.o
 .data.CDCOutEpAdd
                0x200000a4        0x1 ./Middlewares/ST/STM32_USB_Device_Library/Class/CDC/Src/usbd_cdc.o
 .data.CDCCmdEpAdd
                0x200000a5        0x1 ./Middlewares/ST/STM32_USB_Device_Library/Class/CDC/Src/usbd_cdc.o
 *fill*         0x200000a6        0x2 
 .data.USBD_Interface_fops_FS
                0x200000a8       0x14 ./USB_DEVICE/App/usbd_cdc_if.o
                0x200000a8                USBD_Interface_fops_FS
 .data.FS_Desc  0x200000bc       0x1c ./USB_DEVICE/App/usbd_desc.o
                0x200000bc                FS_Desc
 .data.USBD_FS_DeviceDesc
                0x200000d8       0x12 ./USB_DEVICE/App/usbd_desc.o
                0x200000d8                USBD_FS_DeviceDesc
 *fill*         0x200000ea        0x2 
 .data.USBD_LangIDDesc
                0x200000ec        0x4 ./USB_DEVICE/App/usbd_desc.o
                0x200000ec                USBD_LangIDDesc
 .data.USBD_StringSerial
                0x200000f0       0x1a ./USB_DEVICE/App/usbd_desc.o
                0x200000f0                USBD_StringSerial
 *(.RamFunc)
 *(.RamFunc*)
                0x2000010c                        . = ALIGN (0x4)
 *fill*         0x2000010a        0x2 
                0x2000010c                        _edata = .

.igot.plt       0x2000010c        0x0 load address 0x08007ff0
 .igot.plt      0x2000010c        0x0 C:/ST/STM32CubeIDE_1.15.1/STM32CubeIDE/plugins/com.st.stm32cube.ide.mcu.externaltools.gnu-tools-for-stm32.12.3.rel1.win32_1.0.100.202403111256/tools/bin/../lib/gcc/arm-none-eabi/12.3.1/thumb/v7e-m+fp/hard/crtbegin.o
                0x2000010c                        . = ALIGN (0x4)

.bss            0x2000010c     0x1c98 load address 0x08007ff0
                0x2000010c                        _sbss = .
                0x2000010c                        __bss_start__ = _sbss
 *(.bss)
 .bss           0x2000010c       0x1c C:/ST/STM32CubeIDE_1.15.1/STM32CubeIDE/plugins/com.st.stm32cube.ide.mcu.externaltools.gnu-tools-for-stm32.12.3.rel1.win32_1.0.100.202403111256/tools/bin/../lib/gcc/arm-none-eabi/12.3.1/thumb/v7e-m+fp/hard/crtbegin.o
 *(.bss*)
 .bss.detectState
                0x20000128        0x1 ./Core/Src/EventLoop.o
                0x20000128                detectState
 *fill*         0x20000129        0x3 
 .bss.htim2     0x2000012c       0x48 ./Core/Src/tim.o
                0x2000012c                htim2
 .bss.huart1    0x20000174       0x48 ./Core/Src/usart.o
                0x20000174                huart1
 .bss.uwTick    0x200001bc        0x4 ./Drivers/STM32F4xx_HAL_Driver/Src/stm32f4xx_hal.o
                0x200001bc                uwTick
 .bss.cfgidx.0  0x200001c0        0x1 ./Middlewares/ST/STM32_USB_Device_Library/Core/Src/usbd_ctlreq.o
 *fill*         0x200001c1        0x3 
 .bss.hUsbDeviceFS
                0x200001c4      0x2dc ./USB_DEVICE/App/usb_device.o
                0x200001c4                hUsbDeviceFS
 .bss.UserRxBufferFS
                0x200004a0      0x800 ./USB_DEVICE/App/usbd_cdc_if.o
                0x200004a0                UserRxBufferFS
 .bss.UserTxBufferFS
                0x20000ca0      0x800 ./USB_DEVICE/App/usbd_cdc_if.o
                0x20000ca0                UserTxBufferFS
 .bss.USBD_StrDesc
                0x200014a0      0x200 ./USB_DEVICE/App/usbd_desc.o
                0x200014a0                USBD_StrDesc
 .bss.hpcd_USB_OTG_FS
                0x200016a0      0x4e4 ./USB_DEVICE/Target/usbd_conf.o
                0x200016a0                hpcd_USB_OTG_FS
 .bss.mem.0     0x20001b84      0x220 ./USB_DEVICE/Target/usbd_conf.o
 *(COMMON)
                0x20001da4                        . = ALIGN (0x4)
                0x20001da4                        _ebss = .
                0x20001da4                        __bss_end__ = _ebss

._user_heap_stack
                0x20001da4      0x604 load address 0x08007ff0
                0x20001da8                        . = ALIGN (0x8)
 *fill*         0x20001da4        0x4 
                [!provide]                        PROVIDE (end = .)
                0x20001da8                        PROVIDE (_end = .)
                0x20001fa8                        . = (. + _Min_Heap_Size)
 *fill*         0x20001da8      0x200 
                0x200023a8                        . = (. + _Min_Stack_Size)
 *fill*         0x20001fa8      0x400 
                0x200023a8                        . = ALIGN (0x8)

/DISCARD/
 libc.a(*)
 libm.a(*)
 libgcc.a(*)

.ARM.attributes
                0x00000000       0x30
 *(.ARM.attributes)
 .ARM.attributes
                0x00000000       0x22 C:/ST/STM32CubeIDE_1.15.1/STM32CubeIDE/plugins/com.st.stm32cube.ide.mcu.externaltools.gnu-tools-for-stm32.12.3.rel1.win32_1.0.100.202403111256/tools/bin/../lib/gcc/arm-none-eabi/12.3.1/thumb/v7e-m+fp/hard/crti.o
 .ARM.attributes
                0x00000022       0x34 C:/ST/STM32CubeIDE_1.15.1/STM32CubeIDE/plugins/com.st.stm32cube.ide.mcu.externaltools.gnu-tools-for-stm32.12.3.rel1.win32_1.0.100.202403111256/tools/bin/../lib/gcc/arm-none-eabi/12.3.1/thumb/v7e-m+fp/hard/crtbegin.o
 .ARM.attributes
                0x00000056       0x34 ./Core/Src/EventLoop.o
 .ARM.attributes
                0x0000008a       0x34 ./Core/Src/gpio.o
 .ARM.attributes
                0x000000be       0x34 ./Core/Src/main.o
 .ARM.attributes
                0x000000f2       0x34 ./Core/Src/stm32f4xx_hal_msp.o
 .ARM.attributes
                0x00000126       0x34 ./Core/Src/stm32f4xx_it.o
 .ARM.attributes
                0x0000015a       0x34 ./Core/Src/system_stm32f4xx.o
 .ARM.attributes
                0x0000018e       0x34 ./Core/Src/tim.o
 .ARM.attributes
                0x000001c2       0x34 ./Core/Src/usart.o
 .ARM.attributes
                0x000001f6       0x21 ./Core/Startup/startup_stm32f411ceux.o
 .ARM.attributes
                0x00000217       0x34 ./Drivers/STM32F4xx_HAL_Driver/Src/stm32f4xx_hal.o
 .ARM.attributes
                0x0000024b       0x34 ./Drivers/STM32F4xx_HAL_Driver/Src/stm32f4xx_hal_cortex.o
 .ARM.attributes
                0x0000027f       0x34 ./Drivers/STM32F4xx_HAL_Driver/Src/stm32f4xx_hal_gpio.o
 .ARM.attributes
                0x000002b3       0x34 ./Drivers/STM32F4xx_HAL_Driver/Src/stm32f4xx_hal_pcd.o
 .ARM.attributes
                0x000002e7       0x34 ./Drivers/STM32F4xx_HAL_Driver/Src/stm32f4xx_hal_pcd_ex.o
 .ARM.attributes
                0x0000031b       0x34 ./Drivers/STM32F4xx_HAL_Driver/Src/stm32f4xx_hal_rcc.o
 .ARM.attributes
                0x0000034f       0x34 ./Drivers/STM32F4xx_HAL_Driver/Src/stm32f4xx_hal_tim.o
 .ARM.attributes
                0x00000383       0x34 ./Drivers/STM32F4xx_HAL_Driver/Src/stm32f4xx_hal_tim_ex.o
 .ARM.attributes
                0x000003b7       0x34 ./Drivers/STM32F4xx_HAL_Driver/Src/stm32f4xx_hal_uart.o
 .ARM.attributes
                0x000003eb       0x34 ./Drivers/STM32F4xx_HAL_Driver/Src/stm32f4xx_ll_usb.o
 .ARM.attributes
                0x0000041f       0x34 ./Middlewares/ST/STM32_USB_Device_Library/Class/CDC/Src/usbd_cdc.o
 .ARM.attributes
                0x00000453       0x34 ./Middlewares/ST/STM32_USB_Device_Library/Core/Src/usbd_core.o
 .ARM.attributes
                0x00000487       0x34 ./Middlewares/ST/STM32_USB_Device_Library/Core/Src/usbd_ctlreq.o
 .ARM.attributes
                0x000004bb       0x34 ./Middlewares/ST/STM32_USB_Device_Library/Core/Src/usbd_ioreq.o
 .ARM.attributes
                0x000004ef       0x34 ./USB_DEVICE/App/usb_device.o
 .ARM.attributes
                0x00000523       0x34 ./USB_DEVICE/App/usbd_cdc_if.o
 .ARM.attributes
                0x00000557       0x34 ./USB_DEVICE/App/usbd_desc.o
 .ARM.attributes
                0x0000058b       0x34 ./USB_DEVICE/Target/usbd_conf.o
 .ARM.attributes
                0x000005bf       0x34 C:/ST/STM32CubeIDE_1.15.1/STM32CubeIDE/plugins/com.st.stm32cube.ide.mcu.externaltools.gnu-tools-for-stm32.12.3.rel1.win32_1.0.100.202403111256/tools/bin/../lib/gcc/arm-none-eabi/12.3.1/../../../../arm-none-eabi/lib/thumb/v7e-m+fp/hard\libc_nano.a(libc_a-memset.o)
 .ARM.attributes
                0x000005f3       0x34 C:/ST/STM32CubeIDE_1.15.1/STM32CubeIDE/plugins/com.st.stm32cube.ide.mcu.externaltools.gnu-tools-for-stm32.12.3.rel1.win32_1.0.100.202403111256/tools/bin/../lib/gcc/arm-none-eabi/12.3.1/../../../../arm-none-eabi/lib/thumb/v7e-m+fp/hard\libc_nano.a(libc_a-init.o)
 .ARM.attributes
                0x00000627       0x22 C:/ST/STM32CubeIDE_1.15.1/STM32CubeIDE/plugins/com.st.stm32cube.ide.mcu.externaltools.gnu-tools-for-stm32.12.3.rel1.win32_1.0.100.202403111256/tools/bin/../lib/gcc/arm-none-eabi/12.3.1/thumb/v7e-m+fp/hard\libgcc.a(_aeabi_uldivmod.o)
 .ARM.attributes
                0x00000649       0x34 C:/ST/STM32CubeIDE_1.15.1/STM32CubeIDE/plugins/com.st.stm32cube.ide.mcu.externaltools.gnu-tools-for-stm32.12.3.rel1.win32_1.0.100.202403111256/tools/bin/../lib/gcc/arm-none-eabi/12.3.1/thumb/v7e-m+fp/hard\libgcc.a(_udivmoddi4.o)
 .ARM.attributes
                0x0000067d       0x22 C:/ST/STM32CubeIDE_1.15.1/STM32CubeIDE/plugins/com.st.stm32cube.ide.mcu.externaltools.gnu-tools-for-stm32.12.3.rel1.win32_1.0.100.202403111256/tools/bin/../lib/gcc/arm-none-eabi/12.3.1/thumb/v7e-m+fp/hard\libgcc.a(_dvmd_tls.o)
 .ARM.attributes
                0x0000069f       0x22 C:/ST/STM32CubeIDE_1.15.1/STM32CubeIDE/plugins/com.st.stm32cube.ide.mcu.externaltools.gnu-tools-for-stm32.12.3.rel1.win32_1.0.100.202403111256/tools/bin/../lib/gcc/arm-none-eabi/12.3.1/thumb/v7e-m+fp/hard/crtn.o
OUTPUT(mmWave.elf elf32-littlearm)
LOAD linker stubs
LOAD C:/ST/STM32CubeIDE_1.15.1/STM32CubeIDE/plugins/com.st.stm32cube.ide.mcu.externaltools.gnu-tools-for-stm32.12.3.rel1.win32_1.0.100.202403111256/tools/bin/../lib/gcc/arm-none-eabi/12.3.1/../../../../arm-none-eabi/lib/thumb/v7e-m+fp/hard\libc.a
LOAD C:/ST/STM32CubeIDE_1.15.1/STM32CubeIDE/plugins/com.st.stm32cube.ide.mcu.externaltools.gnu-tools-for-stm32.12.3.rel1.win32_1.0.100.202403111256/tools/bin/../lib/gcc/arm-none-eabi/12.3.1/../../../../arm-none-eabi/lib/thumb/v7e-m+fp/hard\libm.a
LOAD C:/ST/STM32CubeIDE_1.15.1/STM32CubeIDE/plugins/com.st.stm32cube.ide.mcu.externaltools.gnu-tools-for-stm32.12.3.rel1.win32_1.0.100.202403111256/tools/bin/../lib/gcc/arm-none-eabi/12.3.1/thumb/v7e-m+fp/hard\libgcc.a

.debug_info     0x00000000    0x1701f
 .debug_info    0x00000000      0xfd5 ./Core/Src/EventLoop.o
 .debug_info    0x00000fd5      0x5a3 ./Core/Src/gpio.o
 .debug_info    0x00001578      0x4fd ./Core/Src/main.o
 .debug_info    0x00001a75      0x291 ./Core/Src/stm32f4xx_hal_msp.o
 .debug_info    0x00001d06      0xbde ./Core/Src/stm32f4xx_it.o
 .debug_info    0x000028e4      0x53e ./Core/Src/system_stm32f4xx.o
 .debug_info    0x00002e22      0xc22 ./Core/Src/tim.o
 .debug_info    0x00003a44      0x94e ./Core/Src/usart.o
 .debug_info    0x00004392       0x30 ./Core/Startup/startup_stm32f411ceux.o
 .debug_info    0x000043c2      0x8c4 ./Drivers/STM32F4xx_HAL_Driver/Src/stm32f4xx_hal.o
 .debug_info    0x00004c86      0xcc7 ./Drivers/STM32F4xx_HAL_Driver/Src/stm32f4xx_hal_cortex.o
 .debug_info    0x0000594d      0x6f9 ./Drivers/STM32F4xx_HAL_Driver/Src/stm32f4xx_hal_gpio.o
 .debug_info    0x00006046     0x1577 ./Drivers/STM32F4xx_HAL_Driver/Src/stm32f4xx_hal_pcd.o
 .debug_info    0x000075bd      0x6ea ./Drivers/STM32F4xx_HAL_Driver/Src/stm32f4xx_hal_pcd_ex.o
 .debug_info    0x00007ca7      0x8f2 ./Drivers/STM32F4xx_HAL_Driver/Src/stm32f4xx_hal_rcc.o
 .debug_info    0x00008599     0x2996 ./Drivers/STM32F4xx_HAL_Driver/Src/stm32f4xx_hal_tim.o
 .debug_info    0x0000af2f     0x14d4 ./Drivers/STM32F4xx_HAL_Driver/Src/stm32f4xx_hal_tim_ex.o
 .debug_info    0x0000c403     0x2f56 ./Drivers/STM32F4xx_HAL_Driver/Src/stm32f4xx_hal_uart.o
 .debug_info    0x0000f359     0x1993 ./Drivers/STM32F4xx_HAL_Driver/Src/stm32f4xx_ll_usb.o
 .debug_info    0x00010cec     0x12a3 ./Middlewares/ST/STM32_USB_Device_Library/Class/CDC/Src/usbd_cdc.o
 .debug_info    0x00011f8f      0xe05 ./Middlewares/ST/STM32_USB_Device_Library/Core/Src/usbd_core.o
 .debug_info    0x00012d94      0xade ./Middlewares/ST/STM32_USB_Device_Library/Core/Src/usbd_ctlreq.o
 .debug_info    0x00013872      0x755 ./Middlewares/ST/STM32_USB_Device_Library/Core/Src/usbd_ioreq.o
 .debug_info    0x00013fc7      0x701 ./USB_DEVICE/App/usb_device.o
 .debug_info    0x000146c8      0x8fa ./USB_DEVICE/App/usbd_cdc_if.o
 .debug_info    0x00014fc2      0x458 ./USB_DEVICE/App/usbd_desc.o
 .debug_info    0x0001541a     0x1c05 ./USB_DEVICE/Target/usbd_conf.o

.debug_abbrev   0x00000000     0x3a52
 .debug_abbrev  0x00000000      0x2ba ./Core/Src/EventLoop.o
 .debug_abbrev  0x000002ba      0x170 ./Core/Src/gpio.o
 .debug_abbrev  0x0000042a      0x1ef ./Core/Src/main.o
 .debug_abbrev  0x00000619       0xd8 ./Core/Src/stm32f4xx_hal_msp.o
 .debug_abbrev  0x000006f1      0x1fe ./Core/Src/stm32f4xx_it.o
 .debug_abbrev  0x000008ef      0x11a ./Core/Src/system_stm32f4xx.o
 .debug_abbrev  0x00000a09      0x20a ./Core/Src/tim.o
 .debug_abbrev  0x00000c13      0x1f8 ./Core/Src/usart.o
 .debug_abbrev  0x00000e0b       0x24 ./Core/Startup/startup_stm32f411ceux.o
 .debug_abbrev  0x00000e2f      0x24b ./Drivers/STM32F4xx_HAL_Driver/Src/stm32f4xx_hal.o
 .debug_abbrev  0x0000107a      0x328 ./Drivers/STM32F4xx_HAL_Driver/Src/stm32f4xx_hal_cortex.o
 .debug_abbrev  0x000013a2      0x1d3 ./Drivers/STM32F4xx_HAL_Driver/Src/stm32f4xx_hal_gpio.o
 .debug_abbrev  0x00001575      0x2b6 ./Drivers/STM32F4xx_HAL_Driver/Src/stm32f4xx_hal_pcd.o
 .debug_abbrev  0x0000182b      0x1da ./Drivers/STM32F4xx_HAL_Driver/Src/stm32f4xx_hal_pcd_ex.o
 .debug_abbrev  0x00001a05      0x2b5 ./Drivers/STM32F4xx_HAL_Driver/Src/stm32f4xx_hal_rcc.o
 .debug_abbrev  0x00001cba      0x28b ./Drivers/STM32F4xx_HAL_Driver/Src/stm32f4xx_hal_tim.o
 .debug_abbrev  0x00001f45      0x296 ./Drivers/STM32F4xx_HAL_Driver/Src/stm32f4xx_hal_tim_ex.o
 .debug_abbrev  0x000021db      0x31b ./Drivers/STM32F4xx_HAL_Driver/Src/stm32f4xx_hal_uart.o
 .debug_abbrev  0x000024f6      0x2b3 ./Drivers/STM32F4xx_HAL_Driver/Src/stm32f4xx_ll_usb.o
 .debug_abbrev  0x000027a9      0x2d2 ./Middlewares/ST/STM32_USB_Device_Library/Class/CDC/Src/usbd_cdc.o
 .debug_abbrev  0x00002a7b      0x27c ./Middlewares/ST/STM32_USB_Device_Library/Core/Src/usbd_core.o
 .debug_abbrev  0x00002cf7      0x26f ./Middlewares/ST/STM32_USB_Device_Library/Core/Src/usbd_ctlreq.o
 .debug_abbrev  0x00002f66      0x19a ./Middlewares/ST/STM32_USB_Device_Library/Core/Src/usbd_ioreq.o
 .debug_abbrev  0x00003100      0x195 ./USB_DEVICE/App/usb_device.o
 .debug_abbrev  0x00003295      0x29d ./USB_DEVICE/App/usbd_cdc_if.o
 .debug_abbrev  0x00003532      0x1e1 ./USB_DEVICE/App/usbd_desc.o
 .debug_abbrev  0x00003713      0x33f ./USB_DEVICE/Target/usbd_conf.o

.debug_aranges  0x00000000     0x1340
 .debug_aranges
                0x00000000       0x38 ./Core/Src/EventLoop.o
 .debug_aranges
                0x00000038       0x20 ./Core/Src/gpio.o
 .debug_aranges
                0x00000058       0x30 ./Core/Src/main.o
 .debug_aranges
                0x00000088       0x20 ./Core/Src/stm32f4xx_hal_msp.o
 .debug_aranges
                0x000000a8       0x78 ./Core/Src/stm32f4xx_it.o
 .debug_aranges
                0x00000120       0x28 ./Core/Src/system_stm32f4xx.o
 .debug_aranges
                0x00000148       0x30 ./Core/Src/tim.o
 .debug_aranges
                0x00000178       0x30 ./Core/Src/usart.o
 .debug_aranges
                0x000001a8       0x28 ./Core/Startup/startup_stm32f411ceux.o
 .debug_aranges
                0x000001d0       0xf0 ./Drivers/STM32F4xx_HAL_Driver/Src/stm32f4xx_hal.o
 .debug_aranges
                0x000002c0      0x120 ./Drivers/STM32F4xx_HAL_Driver/Src/stm32f4xx_hal_cortex.o
 .debug_aranges
                0x000003e0       0x58 ./Drivers/STM32F4xx_HAL_Driver/Src/stm32f4xx_hal_gpio.o
 .debug_aranges
                0x00000438      0x148 ./Drivers/STM32F4xx_HAL_Driver/Src/stm32f4xx_hal_pcd.o
 .debug_aranges
                0x00000580       0x38 ./Drivers/STM32F4xx_HAL_Driver/Src/stm32f4xx_hal_pcd_ex.o
 .debug_aranges
                0x000005b8       0x88 ./Drivers/STM32F4xx_HAL_Driver/Src/stm32f4xx_hal_rcc.o
 .debug_aranges
                0x00000640      0x3d0 ./Drivers/STM32F4xx_HAL_Driver/Src/stm32f4xx_hal_tim.o
 .debug_aranges
                0x00000a10      0x168 ./Drivers/STM32F4xx_HAL_Driver/Src/stm32f4xx_hal_tim_ex.o
 .debug_aranges
                0x00000b78      0x208 ./Drivers/STM32F4xx_HAL_Driver/Src/stm32f4xx_hal_uart.o
 .debug_aranges
                0x00000d80      0x1a0 ./Drivers/STM32F4xx_HAL_Driver/Src/stm32f4xx_ll_usb.o
 .debug_aranges
                0x00000f20       0x90 ./Middlewares/ST/STM32_USB_Device_Library/Class/CDC/Src/usbd_cdc.o
 .debug_aranges
                0x00000fb0       0xd8 ./Middlewares/ST/STM32_USB_Device_Library/Core/Src/usbd_core.o
 .debug_aranges
                0x00001088       0x90 ./Middlewares/ST/STM32_USB_Device_Library/Core/Src/usbd_ctlreq.o
 .debug_aranges
                0x00001118       0x50 ./Middlewares/ST/STM32_USB_Device_Library/Core/Src/usbd_ioreq.o
 .debug_aranges
                0x00001168       0x20 ./USB_DEVICE/App/usb_device.o
 .debug_aranges
                0x00001188       0x48 ./USB_DEVICE/App/usbd_cdc_if.o
 .debug_aranges
                0x000011d0       0x60 ./USB_DEVICE/App/usbd_desc.o
 .debug_aranges
                0x00001230      0x110 ./USB_DEVICE/Target/usbd_conf.o

.debug_rnglists
                0x00000000      0xec1
 .debug_rnglists
                0x00000000       0x25 ./Core/Src/EventLoop.o
 .debug_rnglists
                0x00000025       0x14 ./Core/Src/gpio.o
 .debug_rnglists
                0x00000039       0x20 ./Core/Src/main.o
 .debug_rnglists
                0x00000059       0x13 ./Core/Src/stm32f4xx_hal_msp.o
 .debug_rnglists
                0x0000006c       0x55 ./Core/Src/stm32f4xx_it.o
 .debug_rnglists
                0x000000c1       0x1a ./Core/Src/system_stm32f4xx.o
 .debug_rnglists
                0x000000db       0x20 ./Core/Src/tim.o
 .debug_rnglists
                0x000000fb       0x20 ./Core/Src/usart.o
 .debug_rnglists
                0x0000011b       0x19 ./Core/Startup/startup_stm32f411ceux.o
 .debug_rnglists
                0x00000134       0xaf ./Drivers/STM32F4xx_HAL_Driver/Src/stm32f4xx_hal.o
 .debug_rnglists
                0x000001e3       0xd4 ./Drivers/STM32F4xx_HAL_Driver/Src/stm32f4xx_hal_cortex.o
 .debug_rnglists
                0x000002b7       0x3f ./Drivers/STM32F4xx_HAL_Driver/Src/stm32f4xx_hal_gpio.o
 .debug_rnglists
                0x000002f6       0xfa ./Drivers/STM32F4xx_HAL_Driver/Src/stm32f4xx_hal_pcd.o
 .debug_rnglists
                0x000003f0       0x26 ./Drivers/STM32F4xx_HAL_Driver/Src/stm32f4xx_hal_pcd_ex.o
 .debug_rnglists
                0x00000416       0x66 ./Drivers/STM32F4xx_HAL_Driver/Src/stm32f4xx_hal_rcc.o
 .debug_rnglists
                0x0000047c      0x31a ./Drivers/STM32F4xx_HAL_Driver/Src/stm32f4xx_hal_tim.o
 .debug_rnglists
                0x00000796      0x125 ./Drivers/STM32F4xx_HAL_Driver/Src/stm32f4xx_hal_tim_ex.o
 .debug_rnglists
                0x000008bb      0x1bc ./Drivers/STM32F4xx_HAL_Driver/Src/stm32f4xx_hal_uart.o
 .debug_rnglists
                0x00000a77      0x147 ./Drivers/STM32F4xx_HAL_Driver/Src/stm32f4xx_ll_usb.o
 .debug_rnglists
                0x00000bbe       0x6c ./Middlewares/ST/STM32_USB_Device_Library/Class/CDC/Src/usbd_cdc.o
 .debug_rnglists
                0x00000c2a       0xa1 ./Middlewares/ST/STM32_USB_Device_Library/Core/Src/usbd_core.o
 .debug_rnglists
                0x00000ccb       0x6e ./Middlewares/ST/STM32_USB_Device_Library/Core/Src/usbd_ctlreq.o
 .debug_rnglists
                0x00000d39       0x37 ./Middlewares/ST/STM32_USB_Device_Library/Core/Src/usbd_ioreq.o
 .debug_rnglists
                0x00000d70       0x13 ./USB_DEVICE/App/usb_device.o
 .debug_rnglists
                0x00000d83       0x32 ./USB_DEVICE/App/usbd_cdc_if.o
 .debug_rnglists
                0x00000db5       0x43 ./USB_DEVICE/App/usbd_desc.o
 .debug_rnglists
                0x00000df8       0xc9 ./USB_DEVICE/Target/usbd_conf.o

.debug_macro    0x00000000    0x1c4dd
 .debug_macro   0x00000000      0x416 ./Core/Src/EventLoop.o
 .debug_macro   0x00000416      0xb8c ./Core/Src/EventLoop.o
 .debug_macro   0x00000fa2       0x1c ./Core/Src/EventLoop.o
 .debug_macro   0x00000fbe       0x22 ./Core/Src/EventLoop.o
 .debug_macro   0x00000fe0       0x8e ./Core/Src/EventLoop.o
 .debug_macro   0x0000106e       0x51 ./Core/Src/EventLoop.o
 .debug_macro   0x000010bf      0x103 ./Core/Src/EventLoop.o
 .debug_macro   0x000011c2       0x6a ./Core/Src/EventLoop.o
 .debug_macro   0x0000122c      0x1df ./Core/Src/EventLoop.o
 .debug_macro   0x0000140b       0x61 ./Core/Src/EventLoop.o
 .debug_macro   0x0000146c       0x2a ./Core/Src/EventLoop.o
 .debug_macro   0x00001496       0x43 ./Core/Src/EventLoop.o
 .debug_macro   0x000014d9       0x34 ./Core/Src/EventLoop.o
 .debug_macro   0x0000150d       0x16 ./Core/Src/EventLoop.o
 .debug_macro   0x00001523       0x9e ./Core/Src/EventLoop.o
 .debug_macro   0x000015c1      0x38c ./Core/Src/EventLoop.o
 .debug_macro   0x0000194d      0x112 ./Core/Src/EventLoop.o
 .debug_macro   0x00001a5f       0x10 ./Core/Src/EventLoop.o
 .debug_macro   0x00001a6f       0x16 ./Core/Src/EventLoop.o
 .debug_macro   0x00001a85       0x43 ./Core/Src/EventLoop.o
 .debug_macro   0x00001ac8       0x34 ./Core/Src/EventLoop.o
 .debug_macro   0x00001afc       0x10 ./Core/Src/EventLoop.o
 .debug_macro   0x00001b0c       0x58 ./Core/Src/EventLoop.o
 .debug_macro   0x00001b64       0x8e ./Core/Src/EventLoop.o
 .debug_macro   0x00001bf2       0x16 ./Core/Src/EventLoop.o
 .debug_macro   0x00001c08      0x177 ./Core/Src/EventLoop.o
 .debug_macro   0x00001d7f       0x16 ./Core/Src/EventLoop.o
 .debug_macro   0x00001d95       0x16 ./Core/Src/EventLoop.o
 .debug_macro   0x00001dab      0x138 ./Core/Src/EventLoop.o
 .debug_macro   0x00001ee3      0x2a1 ./Core/Src/EventLoop.o
 .debug_macro   0x00002184       0x2e ./Core/Src/EventLoop.o
 .debug_macro   0x000021b2       0x28 ./Core/Src/EventLoop.o
 .debug_macro   0x000021da       0x1c ./Core/Src/EventLoop.o
 .debug_macro   0x000021f6       0x22 ./Core/Src/EventLoop.o
 .debug_macro   0x00002218       0xfb ./Core/Src/EventLoop.o
 .debug_macro   0x00002313     0x1011 ./Core/Src/EventLoop.o
 .debug_macro   0x00003324      0x11f ./Core/Src/EventLoop.o
 .debug_macro   0x00003443     0xb953 ./Core/Src/EventLoop.o
 .debug_macro   0x0000ed96       0x6d ./Core/Src/EventLoop.o
 .debug_macro   0x0000ee03     0x368c ./Core/Src/EventLoop.o
 .debug_macro   0x0001248f       0x56 ./Core/Src/EventLoop.o
 .debug_macro   0x000124e5      0x45c ./Core/Src/EventLoop.o
 .debug_macro   0x00012941      0x9e9 ./Core/Src/EventLoop.o
 .debug_macro   0x0001332a      0x115 ./Core/Src/EventLoop.o
 .debug_macro   0x0001343f      0x11b ./Core/Src/EventLoop.o
 .debug_macro   0x0001355a       0xa5 ./Core/Src/EventLoop.o
 .debug_macro   0x000135ff      0x15f ./Core/Src/EventLoop.o
 .debug_macro   0x0001375e      0x287 ./Core/Src/EventLoop.o
 .debug_macro   0x000139e5       0x5f ./Core/Src/EventLoop.o
 .debug_macro   0x00013a44      0x236 ./Core/Src/EventLoop.o
 .debug_macro   0x00013c7a      0x132 ./Core/Src/EventLoop.o
 .debug_macro   0x00013dac      0x264 ./Core/Src/EventLoop.o
 .debug_macro   0x00014010       0x2e ./Core/Src/EventLoop.o
 .debug_macro   0x0001403e      0x127 ./Core/Src/EventLoop.o
 .debug_macro   0x00014165       0x85 ./Core/Src/EventLoop.o
 .debug_macro   0x000141ea       0x89 ./Core/Src/EventLoop.o
 .debug_macro   0x00014273      0x8ed ./Core/Src/EventLoop.o
 .debug_macro   0x00014b60       0x47 ./Core/Src/EventLoop.o
 .debug_macro   0x00014ba7      0x2aa ./Core/Src/EventLoop.o
 .debug_macro   0x00014e51      0x293 ./Core/Src/EventLoop.o
 .debug_macro   0x000150e4       0xba ./Core/Src/EventLoop.o
 .debug_macro   0x0001519e      0x126 ./Core/Src/EventLoop.o
 .debug_macro   0x000152c4       0x2e ./Core/Src/EventLoop.o
 .debug_macro   0x000152f2      0x1d6 ./Core/Src/EventLoop.o
 .debug_macro   0x000154c8       0x10 ./Core/Src/EventLoop.o
 .debug_macro   0x000154d8      0x417 ./Core/Src/EventLoop.o
 .debug_macro   0x000158ef       0x10 ./Core/Src/EventLoop.o
 .debug_macro   0x000158ff       0x16 ./Core/Src/EventLoop.o
 .debug_macro   0x00015915       0x35 ./Core/Src/EventLoop.o
 .debug_macro   0x0001594a       0x16 ./Core/Src/EventLoop.o
 .debug_macro   0x00015960       0x29 ./Core/Src/EventLoop.o
 .debug_macro   0x00015989       0x1c ./Core/Src/EventLoop.o
 .debug_macro   0x000159a5       0xde ./Core/Src/EventLoop.o
 .debug_macro   0x00015a83       0x16 ./Core/Src/EventLoop.o
 .debug_macro   0x00015a99       0x20 ./Core/Src/EventLoop.o
 .debug_macro   0x00015ab9       0x65 ./Core/Src/EventLoop.o
 .debug_macro   0x00015b1e      0x20f ./Core/Src/EventLoop.o
 .debug_macro   0x00015d2d       0x95 ./Core/Src/EventLoop.o
 .debug_macro   0x00015dc2       0x10 ./Core/Src/EventLoop.o
 .debug_macro   0x00015dd2      0x20b ./Core/Src/gpio.o
 .debug_macro   0x00015fdd      0xab4 ./Core/Src/gpio.o
 .debug_macro   0x00016a91     0x1011 ./Core/Src/gpio.o
 .debug_macro   0x00017aa2      0x189 ./Core/Src/gpio.o
 .debug_macro   0x00017c2b       0x5c ./Core/Src/gpio.o
 .debug_macro   0x00017c87      0x3db ./Core/Src/main.o
 .debug_macro   0x00018062       0x34 ./Core/Src/main.o
 .debug_macro   0x00018096       0x35 ./Core/Src/main.o
 .debug_macro   0x000180cb      0x369 ./Core/Src/main.o
 .debug_macro   0x00018434       0x43 ./Core/Src/main.o
 .debug_macro   0x00018477       0x1c ./Core/Src/main.o
 .debug_macro   0x00018493      0x146 ./Core/Src/main.o
 .debug_macro   0x000185d9      0x201 ./Core/Src/stm32f4xx_hal_msp.o
 .debug_macro   0x000187da      0x20b ./Core/Src/stm32f4xx_it.o
 .debug_macro   0x000189e5      0x1f2 ./Core/Src/system_stm32f4xx.o
 .debug_macro   0x00018bd7      0x20b ./Core/Src/tim.o
 .debug_macro   0x00018de2      0x20b ./Core/Src/usart.o
 .debug_macro   0x00018fed      0x252 ./Drivers/STM32F4xx_HAL_Driver/Src/stm32f4xx_hal.o
 .debug_macro   0x0001923f      0x1f2 ./Drivers/STM32F4xx_HAL_Driver/Src/stm32f4xx_hal_cortex.o
 .debug_macro   0x00019431      0x1f8 ./Drivers/STM32F4xx_HAL_Driver/Src/stm32f4xx_hal_gpio.o
 .debug_macro   0x00019629      0x1fe ./Drivers/STM32F4xx_HAL_Driver/Src/stm32f4xx_hal_pcd.o
 .debug_macro   0x00019827      0x1f2 ./Drivers/STM32F4xx_HAL_Driver/Src/stm32f4xx_hal_pcd_ex.o
 .debug_macro   0x00019a19      0x216 ./Drivers/STM32F4xx_HAL_Driver/Src/stm32f4xx_hal_rcc.o
 .debug_macro   0x00019c2f      0x1f3 ./Drivers/STM32F4xx_HAL_Driver/Src/stm32f4xx_hal_tim.o
 .debug_macro   0x00019e22      0x1f2 ./Drivers/STM32F4xx_HAL_Driver/Src/stm32f4xx_hal_tim_ex.o
 .debug_macro   0x0001a014      0x1f3 ./Drivers/STM32F4xx_HAL_Driver/Src/stm32f4xx_hal_uart.o
 .debug_macro   0x0001a207      0x1f2 ./Drivers/STM32F4xx_HAL_Driver/Src/stm32f4xx_ll_usb.o
 .debug_macro   0x0001a3f9      0x390 ./Middlewares/ST/STM32_USB_Device_Library/Class/CDC/Src/usbd_cdc.o
 .debug_macro   0x0001a789       0x9e ./Middlewares/ST/STM32_USB_Device_Library/Class/CDC/Src/usbd_cdc.o
 .debug_macro   0x0001a827      0x10b ./Middlewares/ST/STM32_USB_Device_Library/Class/CDC/Src/usbd_cdc.o
 .debug_macro   0x0001a932      0x377 ./Middlewares/ST/STM32_USB_Device_Library/Core/Src/usbd_core.o
 .debug_macro   0x0001aca9      0x215 ./Middlewares/ST/STM32_USB_Device_Library/Core/Src/usbd_core.o
 .debug_macro   0x0001aebe      0x381 ./Middlewares/ST/STM32_USB_Device_Library/Core/Src/usbd_ctlreq.o
 .debug_macro   0x0001b23f      0x37d ./Middlewares/ST/STM32_USB_Device_Library/Core/Src/usbd_ioreq.o
 .debug_macro   0x0001b5bc      0x3b0 ./USB_DEVICE/App/usb_device.o
 .debug_macro   0x0001b96c       0x34 ./USB_DEVICE/App/usb_device.o
 .debug_macro   0x0001b9a0       0x22 ./USB_DEVICE/App/usb_device.o
 .debug_macro   0x0001b9c2       0x16 ./USB_DEVICE/App/usb_device.o
 .debug_macro   0x0001b9d8      0x39b ./USB_DEVICE/App/usbd_cdc_if.o
 .debug_macro   0x0001bd73      0x3ba ./USB_DEVICE/App/usbd_desc.o
 .debug_macro   0x0001c12d       0x1c ./USB_DEVICE/App/usbd_desc.o
 .debug_macro   0x0001c149      0x394 ./USB_DEVICE/Target/usbd_conf.o

.debug_line     0x00000000    0x19957
 .debug_line    0x00000000      0xda7 ./Core/Src/EventLoop.o
 .debug_line    0x00000da7      0x7a2 ./Core/Src/gpio.o
 .debug_line    0x00001549      0xaf1 ./Core/Src/main.o
 .debug_line    0x0000203a      0x795 ./Core/Src/stm32f4xx_hal_msp.o
 .debug_line    0x000027cf      0x8a0 ./Core/Src/stm32f4xx_it.o
 .debug_line    0x0000306f      0x81a ./Core/Src/system_stm32f4xx.o
 .debug_line    0x00003889      0x813 ./Core/Src/tim.o
 .debug_line    0x0000409c      0x7ff ./Core/Src/usart.o
 .debug_line    0x0000489b       0x7a ./Core/Startup/startup_stm32f411ceux.o
 .debug_line    0x00004915      0xa83 ./Drivers/STM32F4xx_HAL_Driver/Src/stm32f4xx_hal.o
 .debug_line    0x00005398      0xd4b ./Drivers/STM32F4xx_HAL_Driver/Src/stm32f4xx_hal_cortex.o
 .debug_line    0x000060e3      0xbd3 ./Drivers/STM32F4xx_HAL_Driver/Src/stm32f4xx_hal_gpio.o
 .debug_line    0x00006cb6     0x1569 ./Drivers/STM32F4xx_HAL_Driver/Src/stm32f4xx_hal_pcd.o
 .debug_line    0x0000821f      0x860 ./Drivers/STM32F4xx_HAL_Driver/Src/stm32f4xx_hal_pcd_ex.o
 .debug_line    0x00008a7f      0xdf4 ./Drivers/STM32F4xx_HAL_Driver/Src/stm32f4xx_hal_rcc.o
 .debug_line    0x00009873     0x3601 ./Drivers/STM32F4xx_HAL_Driver/Src/stm32f4xx_hal_tim.o
 .debug_line    0x0000ce74     0x1a14 ./Drivers/STM32F4xx_HAL_Driver/Src/stm32f4xx_hal_tim_ex.o
 .debug_line    0x0000e888     0x2955 ./Drivers/STM32F4xx_HAL_Driver/Src/stm32f4xx_hal_uart.o
 .debug_line    0x000111dd     0x1df6 ./Drivers/STM32F4xx_HAL_Driver/Src/stm32f4xx_ll_usb.o
 .debug_line    0x00012fd3      0xf1b ./Middlewares/ST/STM32_USB_Device_Library/Class/CDC/Src/usbd_cdc.o
 .debug_line    0x00013eee      0xf95 ./Middlewares/ST/STM32_USB_Device_Library/Core/Src/usbd_core.o
 .debug_line    0x00014e83     0x116e ./Middlewares/ST/STM32_USB_Device_Library/Core/Src/usbd_ctlreq.o
 .debug_line    0x00015ff1      0xaaf ./Middlewares/ST/STM32_USB_Device_Library/Core/Src/usbd_ioreq.o
 .debug_line    0x00016aa0      0xa6b ./USB_DEVICE/App/usb_device.o
 .debug_line    0x0001750b      0xace ./USB_DEVICE/App/usbd_cdc_if.o
 .debug_line    0x00017fd9      0xb34 ./USB_DEVICE/App/usbd_desc.o
 .debug_line    0x00018b0d      0xe4a ./USB_DEVICE/Target/usbd_conf.o

.debug_str      0x00000000    0x94313
 .debug_str     0x00000000    0x8ecf8 ./Core/Src/EventLoop.o
                              0x8f24e (size before relaxing)
 .debug_str     0x0008ecf8      0x71b ./Core/Src/gpio.o
                              0x88814 (size before relaxing)
 .debug_str     0x0008f413      0x30f ./Core/Src/main.o
                              0x8cbfa (size before relaxing)
 .debug_str     0x0008f722       0x2c ./Core/Src/stm32f4xx_hal_msp.o
                              0x883bd (size before relaxing)
 .debug_str     0x0008f74e      0x4ad ./Core/Src/stm32f4xx_it.o
                              0x88c8d (size before relaxing)
 .debug_str     0x0008fbfb       0xdb ./Core/Src/system_stm32f4xx.o
                              0x883c6 (size before relaxing)
 .debug_str     0x0008fcd6      0x1b0 ./Core/Src/tim.o
                              0x88ebf (size before relaxing)
 .debug_str     0x0008fe86      0x246 ./Core/Src/usart.o
                              0x88945 (size before relaxing)
 .debug_str     0x000900cc       0x44 ./Core/Startup/startup_stm32f411ceux.o
                                 0x6a (size before relaxing)
 .debug_str     0x00090110      0x5a9 ./Drivers/STM32F4xx_HAL_Driver/Src/stm32f4xx_hal.o
                              0x88df2 (size before relaxing)
 .debug_str     0x000906b9      0x333 ./Drivers/STM32F4xx_HAL_Driver/Src/stm32f4xx_hal_cortex.o
                              0x88b2a (size before relaxing)
 .debug_str     0x000909ec       0xe9 ./Drivers/STM32F4xx_HAL_Driver/Src/stm32f4xx_hal_gpio.o
                              0x88541 (size before relaxing)
 .debug_str     0x00090ad5      0x831 ./Drivers/STM32F4xx_HAL_Driver/Src/stm32f4xx_hal_pcd.o
                              0x88e92 (size before relaxing)
 .debug_str     0x00091306      0x115 ./Drivers/STM32F4xx_HAL_Driver/Src/stm32f4xx_hal_pcd_ex.o
                              0x88782 (size before relaxing)
 .debug_str     0x0009141b      0x214 ./Drivers/STM32F4xx_HAL_Driver/Src/stm32f4xx_hal_rcc.o
                              0x887fa (size before relaxing)
 .debug_str     0x0009162f      0xd72 ./Drivers/STM32F4xx_HAL_Driver/Src/stm32f4xx_hal_tim.o
                              0x8973e (size before relaxing)
 .debug_str     0x000923a1      0x493 ./Drivers/STM32F4xx_HAL_Driver/Src/stm32f4xx_hal_tim_ex.o
                              0x88f4a (size before relaxing)
 .debug_str     0x00092834      0x637 ./Drivers/STM32F4xx_HAL_Driver/Src/stm32f4xx_hal_uart.o
                              0x88dc9 (size before relaxing)
 .debug_str     0x00092e6b      0x4b0 ./Drivers/STM32F4xx_HAL_Driver/Src/stm32f4xx_ll_usb.o
                              0x88d6d (size before relaxing)
 .debug_str     0x0009331b      0x6e1 ./Middlewares/ST/STM32_USB_Device_Library/Class/CDC/Src/usbd_cdc.o
                              0x8d42c (size before relaxing)
 .debug_str     0x000939fc      0x35c ./Middlewares/ST/STM32_USB_Device_Library/Core/Src/usbd_core.o
                              0x8cd85 (size before relaxing)
 .debug_str     0x00093d58      0x139 ./Middlewares/ST/STM32_USB_Device_Library/Core/Src/usbd_ctlreq.o
                              0x8cbb0 (size before relaxing)
 .debug_str     0x00093e91       0x51 ./Middlewares/ST/STM32_USB_Device_Library/Core/Src/usbd_ioreq.o
                              0x8ca85 (size before relaxing)
 .debug_str     0x00093ee2       0xc6 ./USB_DEVICE/App/usb_device.o
                              0x8ce38 (size before relaxing)
 .debug_str     0x00093fa8       0x8a ./USB_DEVICE/App/usbd_cdc_if.o
                              0x8ce78 (size before relaxing)
 .debug_str     0x00094032      0x26e ./USB_DEVICE/App/usbd_desc.o
                              0x8c985 (size before relaxing)
 .debug_str     0x000942a0       0x73 ./USB_DEVICE/Target/usbd_conf.o
                              0x8db34 (size before relaxing)

.comment        0x00000000       0x43
 .comment       0x00000000       0x43 ./Core/Src/EventLoop.o
                                 0x44 (size before relaxing)
 .comment       0x00000043       0x44 ./Core/Src/gpio.o
 .comment       0x00000043       0x44 ./Core/Src/main.o
 .comment       0x00000043       0x44 ./Core/Src/stm32f4xx_hal_msp.o
 .comment       0x00000043       0x44 ./Core/Src/stm32f4xx_it.o
 .comment       0x00000043       0x44 ./Core/Src/system_stm32f4xx.o
 .comment       0x00000043       0x44 ./Core/Src/tim.o
 .comment       0x00000043       0x44 ./Core/Src/usart.o
 .comment       0x00000043       0x44 ./Drivers/STM32F4xx_HAL_Driver/Src/stm32f4xx_hal.o
 .comment       0x00000043       0x44 ./Drivers/STM32F4xx_HAL_Driver/Src/stm32f4xx_hal_cortex.o
 .comment       0x00000043       0x44 ./Drivers/STM32F4xx_HAL_Driver/Src/stm32f4xx_hal_gpio.o
 .comment       0x00000043       0x44 ./Drivers/STM32F4xx_HAL_Driver/Src/stm32f4xx_hal_pcd.o
 .comment       0x00000043       0x44 ./Drivers/STM32F4xx_HAL_Driver/Src/stm32f4xx_hal_pcd_ex.o
 .comment       0x00000043       0x44 ./Drivers/STM32F4xx_HAL_Driver/Src/stm32f4xx_hal_rcc.o
 .comment       0x00000043       0x44 ./Drivers/STM32F4xx_HAL_Driver/Src/stm32f4xx_hal_tim.o
 .comment       0x00000043       0x44 ./Drivers/STM32F4xx_HAL_Driver/Src/stm32f4xx_hal_tim_ex.o
 .comment       0x00000043       0x44 ./Drivers/STM32F4xx_HAL_Driver/Src/stm32f4xx_hal_uart.o
 .comment       0x00000043       0x44 ./Drivers/STM32F4xx_HAL_Driver/Src/stm32f4xx_ll_usb.o
 .comment       0x00000043       0x44 ./Middlewares/ST/STM32_USB_Device_Library/Class/CDC/Src/usbd_cdc.o
 .comment       0x00000043       0x44 ./Middlewares/ST/STM32_USB_Device_Library/Core/Src/usbd_core.o
 .comment       0x00000043       0x44 ./Middlewares/ST/STM32_USB_Device_Library/Core/Src/usbd_ctlreq.o
 .comment       0x00000043       0x44 ./Middlewares/ST/STM32_USB_Device_Library/Core/Src/usbd_ioreq.o
 .comment       0x00000043       0x44 ./USB_DEVICE/App/usb_device.o
 .comment       0x00000043       0x44 ./USB_DEVICE/App/usbd_cdc_if.o
 .comment       0x00000043       0x44 ./USB_DEVICE/App/usbd_desc.o
 .comment       0x00000043       0x44 ./USB_DEVICE/Target/usbd_conf.o

.debug_frame    0x00000000     0x4f88
 .debug_frame   0x00000000       0x90 ./Core/Src/EventLoop.o
 .debug_frame   0x00000090       0x34 ./Core/Src/gpio.o
 .debug_frame   0x000000c4       0x68 ./Core/Src/main.o
 .debug_frame   0x0000012c       0x38 ./Core/Src/stm32f4xx_hal_msp.o
 .debug_frame   0x00000164      0x158 ./Core/Src/stm32f4xx_it.o
 .debug_frame   0x000002bc       0x58 ./Core/Src/system_stm32f4xx.o
 .debug_frame   0x00000314       0x7c ./Core/Src/tim.o
 .debug_frame   0x00000390       0x74 ./Core/Src/usart.o
 .debug_frame   0x00000404      0x374 ./Drivers/STM32F4xx_HAL_Driver/Src/stm32f4xx_hal.o
 .debug_frame   0x00000778      0x4b8 ./Drivers/STM32F4xx_HAL_Driver/Src/stm32f4xx_hal_cortex.o
 .debug_frame   0x00000c30      0x14c ./Drivers/STM32F4xx_HAL_Driver/Src/stm32f4xx_hal_gpio.o
 .debug_frame   0x00000d7c      0x5b8 ./Drivers/STM32F4xx_HAL_Driver/Src/stm32f4xx_hal_pcd.o
 .debug_frame   0x00001334       0xb0 ./Drivers/STM32F4xx_HAL_Driver/Src/stm32f4xx_hal_pcd_ex.o
 .debug_frame   0x000013e4      0x1f4 ./Drivers/STM32F4xx_HAL_Driver/Src/stm32f4xx_hal_rcc.o
 .debug_frame   0x000015d8     0x11b8 ./Drivers/STM32F4xx_HAL_Driver/Src/stm32f4xx_hal_tim.o
 .debug_frame   0x00002790      0x638 ./Drivers/STM32F4xx_HAL_Driver/Src/stm32f4xx_hal_tim_ex.o
 .debug_frame   0x00002dc8      0x954 ./Drivers/STM32F4xx_HAL_Driver/Src/stm32f4xx_hal_uart.o
 .debug_frame   0x0000371c      0x7c0 ./Drivers/STM32F4xx_HAL_Driver/Src/stm32f4xx_ll_usb.o
 .debug_frame   0x00003edc      0x23c ./Middlewares/ST/STM32_USB_Device_Library/Class/CDC/Src/usbd_cdc.o
 .debug_frame   0x00004118      0x390 ./Middlewares/ST/STM32_USB_Device_Library/Core/Src/usbd_core.o
 .debug_frame   0x000044a8      0x23c ./Middlewares/ST/STM32_USB_Device_Library/Core/Src/usbd_ctlreq.o
 .debug_frame   0x000046e4      0x10c ./Middlewares/ST/STM32_USB_Device_Library/Core/Src/usbd_ioreq.o
 .debug_frame   0x000047f0       0x2c ./USB_DEVICE/App/usb_device.o
 .debug_frame   0x0000481c       0xe4 ./USB_DEVICE/App/usbd_cdc_if.o
 .debug_frame   0x00004900      0x160 ./USB_DEVICE/App/usbd_desc.o
 .debug_frame   0x00004a60      0x47c ./USB_DEVICE/Target/usbd_conf.o