21:03:34 **** Incremental Build of configuration Debug for project FrogClamp ****
make -j16 all 
arm-none-eabi-g++ "../Core/Src/EventLoop.cpp" -mcpu=cortex-m4 -std=gnu++14 -g3 -DDEBUG -DUSE_HAL_DRIVER -DSTM32F411xE -c -I../Core/Inc -I../Drivers/STM32F4xx_HAL_Driver/Inc -I../Drivers/STM32F4xx_HAL_Driver/Inc/Legacy -I../Drivers/CMSIS/Device/ST/STM32F4xx/Include -I../Drivers/CMSIS/Include -O0 -ffunction-sections -fdata-sections -fno-exceptions -fno-rtti -fno-use-cxa-atexit -Wall -fstack-usage -fcyclomatic-complexity -MMD -MP -MF"Core/Src/EventLoop.d" -MT"Core/Src/EventLoop.o" --specs=nano.specs -mfpu=fpv4-sp-d16 -mfloat-abi=hard -mthumb -o "Core/Src/EventLoop.o"
../Core/Src/EventLoop.cpp: In function 'void EventLoopCpp()':
../Core/Src/EventLoop.cpp:104:14: warning: unused variable 'bme280p' [-Wunused-variable]
  104 |         bool bme280p = bmp280.id == BME280_CHIP_ID;
      |              ^~~~~~~
arm-none-eabi-g++ -o "FrogClamp.elf" @"objects.list"   -mcpu=cortex-m4 -T"F:\edev\Repos\eProjects\frogClamp\FrogClampStm\STM32F411CEUX_FLASH.ld" -Wl,-Map="FrogClamp.map" -Wl,--gc-sections -static --specs=nano.specs -mfpu=fpv4-sp-d16 -mfloat-abi=hard -mthumb -Wl,--start-group -lc -lm -lstdc++ -lsupc++ -Wl,--end-group
Finished building target: FrogClamp.elf
 
arm-none-eabi-size  FrogClamp.elf 
arm-none-eabi-objdump -h -S FrogClamp.elf  > "FrogClamp.list"
   text	   data	    bss	    dec	    hex	filename
  20240	    108	   2292	  22640	   5870	FrogClamp.elf
Finished building: default.size.stdout
 
Finished building: FrogClamp.list
 

21:03:35 Build Finished. 0 errors, 1 warnings. (took 953ms)

