09:33:44 **** Incremental Build of configuration Debug for project FrogClamp ****
make -j8 all 
arm-none-eabi-g++ "../Core/Src/EventLoop.cpp" -mcpu=cortex-m4 -std=gnu++14 -g3 -DDEBUG -DUSE_HAL_DRIVER -DSTM32F411xE -c -I../Core/Inc -I../Drivers/STM32F4xx_HAL_Driver/Inc -I../Drivers/STM32F4xx_HAL_Driver/Inc/Legacy -I../Drivers/CMSIS/Device/ST/STM32F4xx/Include -I../Drivers/CMSIS/Include -O0 -ffunction-sections -fdata-sections -fno-exceptions -fno-rtti -fno-use-cxa-atexit -Wall -fstack-usage -fcyclomatic-complexity -MMD -MP -MF"Core/Src/EventLoop.d" -MT"Core/Src/EventLoop.o" --specs=nano.specs -mfpu=fpv4-sp-d16 -mfloat-abi=hard -mthumb -o "Core/Src/EventLoop.o"
../Core/Src/EventLoop.cpp: In function 'void EventLoopCpp()':
../Core/Src/EventLoop.cpp:82:9: error: 'bmp280' is not a class, namespace, or enumeration
   82 |         bmp280::bmp280_init_default_params(&bmp280.params);
      |         ^~~~~~
../Core/Src/EventLoop.cpp:92:14: warning: unused variable 'bme280p' [-Wunused-variable]
   92 |         bool bme280p = bmp280.id == BME280_CHIP_ID;
      |              ^~~~~~~
make: *** [Core/Src/subdir.mk:56: Core/Src/EventLoop.o] Error 1
"make -j8 all" terminated with exit code 2. Build might be incomplete.
09:40:21 **** Incremental Build of configuration Debug for project FrogClamp ****
make -j8 all 
arm-none-eabi-g++ "../Core/Src/EventLoop.cpp" -mcpu=cortex-m4 -std=gnu++14 -g3 -DDEBUG -DUSE_HAL_DRIVER -DSTM32F411xE -c -I../Core/Inc -I../Drivers/STM32F4xx_HAL_Driver/Inc -I../Drivers/STM32F4xx_HAL_Driver/Inc/Legacy -I../Drivers/CMSIS/Device/ST/STM32F4xx/Include -I../Drivers/CMSIS/Include -O0 -ffunction-sections -fdata-sections -fno-exceptions -fno-rtti -fno-use-cxa-atexit -Wall -fstack-usage -fcyclomatic-complexity -MMD -MP -MF"Core/Src/EventLoop.d" -MT"Core/Src/EventLoop.o" --specs=nano.specs -mfpu=fpv4-sp-d16 -mfloat-abi=hard -mthumb -o "Core/Src/EventLoop.o"
arm-none-eabi-g++ "../Core/Src/NRF24L.cpp" -mcpu=cortex-m4 -std=gnu++14 -g3 -DDEBUG -DUSE_HAL_DRIVER -DSTM32F411xE -c -I../Core/Inc -I../Drivers/STM32F4xx_HAL_Driver/Inc -I../Drivers/STM32F4xx_HAL_Driver/Inc/Legacy -I../Drivers/CMSIS/Device/ST/STM32F4xx/Include -I../Drivers/CMSIS/Include -O0 -ffunction-sections -fdata-sections -fno-exceptions -fno-rtti -fno-use-cxa-atexit -Wall -fstack-usage -fcyclomatic-complexity -MMD -MP -MF"Core/Src/NRF24L.d" -MT"Core/Src/NRF24L.o" --specs=nano.specs -mfpu=fpv4-sp-d16 -mfloat-abi=hard -mthumb -o "Core/Src/NRF24L.o"
arm-none-eabi-g++ "../Core/Src/bmp280.cpp" -mcpu=cortex-m4 -std=gnu++14 -g3 -DDEBUG -DUSE_HAL_DRIVER -DSTM32F411xE -c -I../Core/Inc -I../Drivers/STM32F4xx_HAL_Driver/Inc -I../Drivers/STM32F4xx_HAL_Driver/Inc/Legacy -I../Drivers/CMSIS/Device/ST/STM32F4xx/Include -I../Drivers/CMSIS/Include -O0 -ffunction-sections -fdata-sections -fno-exceptions -fno-rtti -fno-use-cxa-atexit -Wall -fstack-usage -fcyclomatic-complexity -MMD -MP -MF"Core/Src/bmp280.d" -MT"Core/Src/bmp280.o" --specs=nano.specs -mfpu=fpv4-sp-d16 -mfloat-abi=hard -mthumb -o "Core/Src/bmp280.o"
arm-none-eabi-gcc "../Core/Src/gpio.c" -mcpu=cortex-m4 -std=gnu11 -g3 -DDEBUG -DUSE_HAL_DRIVER -DSTM32F411xE -c -I../Core/Inc -I../Drivers/STM32F4xx_HAL_Driver/Inc -I../Drivers/STM32F4xx_HAL_Driver/Inc/Legacy -I../Drivers/CMSIS/Device/ST/STM32F4xx/Include -I../Drivers/CMSIS/Include -O0 -ffunction-sections -fdata-sections -Wall -fstack-usage -fcyclomatic-complexity -MMD -MP -MF"Core/Src/gpio.d" -MT"Core/Src/gpio.o" --specs=nano.specs -mfpu=fpv4-sp-d16 -mfloat-abi=hard -mthumb -o "Core/Src/gpio.o"
arm-none-eabi-gcc "../Core/Src/i2c.c" -mcpu=cortex-m4 -std=gnu11 -g3 -DDEBUG -DUSE_HAL_DRIVER -DSTM32F411xE -c -I../Core/Inc -I../Drivers/STM32F4xx_HAL_Driver/Inc -I../Drivers/STM32F4xx_HAL_Driver/Inc/Legacy -I../Drivers/CMSIS/Device/ST/STM32F4xx/Include -I../Drivers/CMSIS/Include -O0 -ffunction-sections -fdata-sections -Wall -fstack-usage -fcyclomatic-complexity -MMD -MP -MF"Core/Src/i2c.d" -MT"Core/Src/i2c.o" --specs=nano.specs -mfpu=fpv4-sp-d16 -mfloat-abi=hard -mthumb -o "Core/Src/i2c.o"
arm-none-eabi-gcc "../Core/Src/main.c" -mcpu=cortex-m4 -std=gnu11 -g3 -DDEBUG -DUSE_HAL_DRIVER -DSTM32F411xE -c -I../Core/Inc -I../Drivers/STM32F4xx_HAL_Driver/Inc -I../Drivers/STM32F4xx_HAL_Driver/Inc/Legacy -I../Drivers/CMSIS/Device/ST/STM32F4xx/Include -I../Drivers/CMSIS/Include -O0 -ffunction-sections -fdata-sections -Wall -fstack-usage -fcyclomatic-complexity -MMD -MP -MF"Core/Src/main.d" -MT"Core/Src/main.o" --specs=nano.specs -mfpu=fpv4-sp-d16 -mfloat-abi=hard -mthumb -o "Core/Src/main.o"
arm-none-eabi-gcc "../Core/Src/spi.c" -mcpu=cortex-m4 -std=gnu11 -g3 -DDEBUG -DUSE_HAL_DRIVER -DSTM32F411xE -c -I../Core/Inc -I../Drivers/STM32F4xx_HAL_Driver/Inc -I../Drivers/STM32F4xx_HAL_Driver/Inc/Legacy -I../Drivers/CMSIS/Device/ST/STM32F4xx/Include -I../Drivers/CMSIS/Include -O0 -ffunction-sections -fdata-sections -Wall -fstack-usage -fcyclomatic-complexity -MMD -MP -MF"Core/Src/spi.d" -MT"Core/Src/spi.o" --specs=nano.specs -mfpu=fpv4-sp-d16 -mfloat-abi=hard -mthumb -o "Core/Src/spi.o"
arm-none-eabi-gcc "../Core/Src/stm32f4xx_hal_msp.c" -mcpu=cortex-m4 -std=gnu11 -g3 -DDEBUG -DUSE_HAL_DRIVER -DSTM32F411xE -c -I../Core/Inc -I../Drivers/STM32F4xx_HAL_Driver/Inc -I../Drivers/STM32F4xx_HAL_Driver/Inc/Legacy -I../Drivers/CMSIS/Device/ST/STM32F4xx/Include -I../Drivers/CMSIS/Include -O0 -ffunction-sections -fdata-sections -Wall -fstack-usage -fcyclomatic-complexity -MMD -MP -MF"Core/Src/stm32f4xx_hal_msp.d" -MT"Core/Src/stm32f4xx_hal_msp.o" --specs=nano.specs -mfpu=fpv4-sp-d16 -mfloat-abi=hard -mthumb -o "Core/Src/stm32f4xx_hal_msp.o"
../Core/Src/bmp280.cpp:40:13: error: no declaration matches 'bool BMP280::read_register16(BMP280_HandleTypedef*, uint8_t, uint16_t*)'
   40 | static bool BMP280::read_register16(BMP280_HandleTypedef *dev, uint8_t addr, uint16_t *value) {
      |             ^~~~~~
../Core/Src/bmp280.cpp:40:13: note: no functions named 'bool BMP280::read_register16(BMP280_HandleTypedef*, uint8_t, uint16_t*)'
In file included from ../Core/Src/bmp280.cpp:5:
../Core/Inc/bmp280.hpp:16:7: note: 'class BMP280' defined here
   16 | class BMP280 {
      |       ^~~~~~
../Core/Src/bmp280.cpp:54:19: error: no declaration matches 'int BMP280::read_data(BMP280_HandleTypedef*, uint8_t, uint8_t*, uint8_t)'
   54 | static inline int BMP280::read_data(BMP280_HandleTypedef *dev, uint8_t addr, uint8_t *value,
      |                   ^~~~~~
../Core/Src/bmp280.cpp:54:19: note: no functions named 'int BMP280::read_data(BMP280_HandleTypedef*, uint8_t, uint8_t*, uint8_t)'
../Core/Inc/bmp280.hpp:16:7: note: 'class BMP280' defined here
   16 | class BMP280 {
      |       ^~~~~~
../Core/Src/bmp280.cpp:65:13: error: no declaration matches 'bool BMP280::read_calibration_data(BMP280_HandleTypedef*)'
   65 | static bool BMP280::read_calibration_data(BMP280_HandleTypedef *dev) {
      |             ^~~~~~
../Core/Src/bmp280.cpp:65:13: note: no functions named 'bool BMP280::read_calibration_data(BMP280_HandleTypedef*)'
../Core/Inc/bmp280.hpp:16:7: note: 'class BMP280' defined here
   16 | class BMP280 {
      |       ^~~~~~
../Core/Src/bmp280.cpp:87:13: error: no declaration matches 'bool BMP280::read_hum_calibration_data(BMP280_HandleTypedef*)'
   87 | static bool BMP280::read_hum_calibration_data(BMP280_HandleTypedef *dev) {
      |             ^~~~~~
../Core/Src/bmp280.cpp:87:13: note: no functions named 'bool BMP280::read_hum_calibration_data(BMP280_HandleTypedef*)'
../Core/Inc/bmp280.hpp:16:7: note: 'class BMP280' defined here
   16 | class BMP280 {
      |       ^~~~~~
../Core/Src/bmp280.cpp:105:12: error: no declaration matches 'int BMP280::write_register8(BMP280_HandleTypedef*, uint8_t, uint8_t)'
  105 | static int BMP280::write_register8(BMP280_HandleTypedef *dev, uint8_t addr, uint8_t value) {
      |            ^~~~~~
../Core/Src/bmp280.cpp:105:12: note: no functions named 'int BMP280::write_register8(BMP280_HandleTypedef*, uint8_t, uint8_t)'
../Core/Inc/bmp280.hpp:16:7: note: 'class BMP280' defined here
   16 | class BMP280 {
      |       ^~~~~~
../Core/Src/bmp280.cpp: In member function 'bool BMP280::bmp280_init(BMP280_HandleTypedef*, bmp280_params_t*)':
../Core/Src/bmp280.cpp:124:13: error: 'read_data' was not declared in this scope
  124 |         if (read_data(dev, BMP280_REG_ID, &dev->id, 1)) {
      |             ^~~~~~~~~
../Core/Src/EventLoop.cpp:8:1: error: 'BMP280_HandleTypedef' does not name a type; did you mean 'SPI_HandleTypeDef'?
    8 | BMP280_HandleTypedef bmp280;
      | ^~~~~~~~~~~~~~~~~~~~
      | SPI_HandleTypeDef
../Core/Src/EventLoop.cpp: In function 'void EventLoopCpp()':
../Core/Src/EventLoop.cpp:82:9: error: 'bmp280' has not been declared
   82 |         bmp280::bmp280_init_default_params(&bmp280.params);
      |         ^~~~~~
../Core/Src/EventLoop.cpp:82:45: error: 'bmp280' was not declared in this scope; did you mean 'BMP280'?
   82 |         bmp280::bmp280_init_default_params(&bmp280.params);
      |                                             ^~~~~~
      |                                             BMP280
../Core/Src/bmp280.cpp:134:13: error: 'write_register8' was not declared in this scope
  134 |         if (write_register8(dev, BMP280_REG_RESET, BMP280_RESET_VALUE)) {
      |             ^~~~~~~~~~~~~~~
../Core/Src/EventLoop.cpp:87:17: error: 'bmp280_init' was not declared in this scope
   87 |         while (!bmp280_init(&bmp280, &bmp280.params)) {
      |                 ^~~~~~~~~~~
../Core/Src/bmp280.cpp:141:22: error: 'read_data' was not declared in this scope
  141 |                 if (!read_data(dev, BMP280_REG_STATUS, &status, 1)
      |                      ^~~~~~~~~
../Core/Src/EventLoop.cpp:108:26: error: 'bmp280_read_float' was not declared in this scope
  108 |                     if (!bmp280_read_float(&bmp280, &temperature, &pressure, &humidity)) {
      |                          ^~~~~~~~~~~~~~~~~
../Core/Src/EventLoop.cpp:92:14: warning: unused variable 'bme280p' [-Wunused-variable]
   92 |         bool bme280p = bmp280.id == BME280_CHIP_ID;
      |              ^~~~~~~
../Core/Src/bmp280.cpp:146:14: error: 'read_calibration_data' was not declared in this scope
  146 |         if (!read_calibration_data(dev)) {
      |              ^~~~~~~~~~~~~~~~~~~~~
make: *** [Core/Src/subdir.mk:56: Core/Src/EventLoop.o] Error 1
make: *** Waiting for unfinished jobs....
../Core/Src/bmp280.cpp:150:43: error: 'read_hum_calibration_data' was not declared in this scope
  150 |         if (dev->id == BME280_CHIP_ID && !read_hum_calibration_data(dev)) {
      |                                           ^~~~~~~~~~~~~~~~~~~~~~~~~
../Core/Src/bmp280.cpp:155:13: error: 'write_register8' was not declared in this scope
  155 |         if (write_register8(dev, BMP280_REG_CONFIG, config)) {
      |             ^~~~~~~~~~~~~~~
../Core/Src/bmp280.cpp:169:21: error: 'write_register8' was not declared in this scope
  169 |                 if (write_register8(dev, BMP280_REG_CTRL_HUM, ctrl_hum)) {
      |                     ^~~~~~~~~~~~~~~
../Core/Src/bmp280.cpp:174:13: error: 'write_register8' was not declared in this scope
  174 |         if (write_register8(dev, BMP280_REG_CTRL, ctrl)) {
      |             ^~~~~~~~~~~~~~~
../Core/Src/bmp280.cpp: In member function 'bool BMP280::bmp280_force_measurement(BMP280_HandleTypedef*)':
../Core/Src/bmp280.cpp:183:13: error: 'read_data' was not declared in this scope
  183 |         if (read_data(dev, BMP280_REG_CTRL, &ctrl, 1))
      |             ^~~~~~~~~
../Core/Src/bmp280.cpp:187:13: error: 'write_register8' was not declared in this scope
  187 |         if (write_register8(dev, BMP280_REG_CTRL, ctrl)) {
      |             ^~~~~~~~~~~~~~~
../Core/Src/bmp280.cpp: In member function 'bool BMP280::bmp280_is_measuring(BMP280_HandleTypedef*)':
../Core/Src/bmp280.cpp:195:13: error: 'read_data' was not declared in this scope
  195 |         if (read_data(dev, BMP280_REG_STATUS, &status, 1))
      |             ^~~~~~~~~
../Core/Src/bmp280.cpp: At global scope:
../Core/Src/bmp280.cpp:208:23: error: no declaration matches 'int32_t BMP280::compensate_temperature(BMP280_HandleTypedef*, int32_t, int32_t*)'
  208 | static inline int32_t BMP280::compensate_temperature(BMP280_HandleTypedef *dev, int32_t adc_temp,
      |                       ^~~~~~
../Core/Src/bmp280.cpp:208:23: note: no functions named 'int32_t BMP280::compensate_temperature(BMP280_HandleTypedef*, int32_t, int32_t*)'
../Core/Inc/bmp280.hpp:16:7: note: 'class BMP280' defined here
   16 | class BMP280 {
      |       ^~~~~~
../Core/Src/bmp280.cpp:227:15: error: 'uint32_BMP280' does not name a type
  227 | static inline uint32_BMP280::t compensate_pressure(BMP280_HandleTypedef *dev, int32_t adc_press,
      |               ^~~~~~~~~~~~~
../Core/Src/bmp280.cpp:257:24: error: no declaration matches 'uint32_t BMP280::compensate_humidity(BMP280_HandleTypedef*, int32_t, int32_t)'
  257 | static inline uint32_t BMP280::compensate_humidity(BMP280_HandleTypedef *dev, int32_t adc_hum,
      |                        ^~~~~~
../Core/Src/bmp280.cpp:257:24: note: no functions named 'uint32_t BMP280::compensate_humidity(BMP280_HandleTypedef*, int32_t, int32_t)'
../Core/Inc/bmp280.hpp:16:7: note: 'class BMP280' defined here
   16 | class BMP280 {
      |       ^~~~~~
../Core/Src/bmp280.cpp: In member function 'bool BMP280::bmp280_read_fixed(BMP280_HandleTypedef*, int32_t*, uint32_t*, uint32_t*)':
../Core/Src/bmp280.cpp:291:13: error: 'read_data' was not declared in this scope
  291 |         if (read_data(dev, 0xf7, data, size)) {
      |             ^~~~~~~~~
../Core/Src/bmp280.cpp:299:24: error: 'compensate_temperature' was not declared in this scope
  299 |         *temperature = compensate_temperature(dev, adc_temp, &fine_temp);
      |                        ^~~~~~~~~~~~~~~~~~~~~~
../Core/Src/bmp280.cpp:300:21: error: 'compensate_pressure' was not declared in this scope
  300 |         *pressure = compensate_pressure(dev, adc_pressure, fine_temp);
      |                     ^~~~~~~~~~~~~~~~~~~
../Core/Src/bmp280.cpp:304:29: error: 'compensate_humidity' was not declared in this scope
  304 |                 *humidity = compensate_humidity(dev, adc_humidity, fine_temp);
      |                             ^~~~~~~~~~~~~~~~~~~
make: *** [Core/Src/subdir.mk:56: Core/Src/bmp280.o] Error 1
"make -j8 all" terminated with exit code 2. Build might be incomplete.
09:46:03 **** Incremental Build of configuration Debug for project FrogClamp ****
make -j8 all 
arm-none-eabi-g++ "../Core/Src/EventLoop.cpp" -mcpu=cortex-m4 -std=gnu++14 -g3 -DDEBUG -DUSE_HAL_DRIVER -DSTM32F411xE -c -I../Core/Inc -I../Drivers/STM32F4xx_HAL_Driver/Inc -I../Drivers/STM32F4xx_HAL_Driver/Inc/Legacy -I../Drivers/CMSIS/Device/ST/STM32F4xx/Include -I../Drivers/CMSIS/Include -O0 -ffunction-sections -fdata-sections -fno-exceptions -fno-rtti -fno-use-cxa-atexit -Wall -fstack-usage -fcyclomatic-complexity -MMD -MP -MF"Core/Src/EventLoop.d" -MT"Core/Src/EventLoop.o" --specs=nano.specs -mfpu=fpv4-sp-d16 -mfloat-abi=hard -mthumb -o "Core/Src/EventLoop.o"
arm-none-eabi-g++ "../Core/Src/bmp280.cpp" -mcpu=cortex-m4 -std=gnu++14 -g3 -DDEBUG -DUSE_HAL_DRIVER -DSTM32F411xE -c -I../Core/Inc -I../Drivers/STM32F4xx_HAL_Driver/Inc -I../Drivers/STM32F4xx_HAL_Driver/Inc/Legacy -I../Drivers/CMSIS/Device/ST/STM32F4xx/Include -I../Drivers/CMSIS/Include -O0 -ffunction-sections -fdata-sections -fno-exceptions -fno-rtti -fno-use-cxa-atexit -Wall -fstack-usage -fcyclomatic-complexity -MMD -MP -MF"Core/Src/bmp280.d" -MT"Core/Src/bmp280.o" --specs=nano.specs -mfpu=fpv4-sp-d16 -mfloat-abi=hard -mthumb -o "Core/Src/bmp280.o"
arm-none-eabi-gcc "../Core/Src/stm32f4xx_it.c" -mcpu=cortex-m4 -std=gnu11 -g3 -DDEBUG -DUSE_HAL_DRIVER -DSTM32F411xE -c -I../Core/Inc -I../Drivers/STM32F4xx_HAL_Driver/Inc -I../Drivers/STM32F4xx_HAL_Driver/Inc/Legacy -I../Drivers/CMSIS/Device/ST/STM32F4xx/Include -I../Drivers/CMSIS/Include -O0 -ffunction-sections -fdata-sections -Wall -fstack-usage -fcyclomatic-complexity -MMD -MP -MF"Core/Src/stm32f4xx_it.d" -MT"Core/Src/stm32f4xx_it.o" --specs=nano.specs -mfpu=fpv4-sp-d16 -mfloat-abi=hard -mthumb -o "Core/Src/stm32f4xx_it.o"
arm-none-eabi-gcc "../Core/Src/syscalls.c" -mcpu=cortex-m4 -std=gnu11 -g3 -DDEBUG -DUSE_HAL_DRIVER -DSTM32F411xE -c -I../Core/Inc -I../Drivers/STM32F4xx_HAL_Driver/Inc -I../Drivers/STM32F4xx_HAL_Driver/Inc/Legacy -I../Drivers/CMSIS/Device/ST/STM32F4xx/Include -I../Drivers/CMSIS/Include -O0 -ffunction-sections -fdata-sections -Wall -fstack-usage -fcyclomatic-complexity -MMD -MP -MF"Core/Src/syscalls.d" -MT"Core/Src/syscalls.o" --specs=nano.specs -mfpu=fpv4-sp-d16 -mfloat-abi=hard -mthumb -o "Core/Src/syscalls.o"
arm-none-eabi-gcc "../Core/Src/sysmem.c" -mcpu=cortex-m4 -std=gnu11 -g3 -DDEBUG -DUSE_HAL_DRIVER -DSTM32F411xE -c -I../Core/Inc -I../Drivers/STM32F4xx_HAL_Driver/Inc -I../Drivers/STM32F4xx_HAL_Driver/Inc/Legacy -I../Drivers/CMSIS/Device/ST/STM32F4xx/Include -I../Drivers/CMSIS/Include -O0 -ffunction-sections -fdata-sections -Wall -fstack-usage -fcyclomatic-complexity -MMD -MP -MF"Core/Src/sysmem.d" -MT"Core/Src/sysmem.o" --specs=nano.specs -mfpu=fpv4-sp-d16 -mfloat-abi=hard -mthumb -o "Core/Src/sysmem.o"
arm-none-eabi-gcc "../Core/Src/system_stm32f4xx.c" -mcpu=cortex-m4 -std=gnu11 -g3 -DDEBUG -DUSE_HAL_DRIVER -DSTM32F411xE -c -I../Core/Inc -I../Drivers/STM32F4xx_HAL_Driver/Inc -I../Drivers/STM32F4xx_HAL_Driver/Inc/Legacy -I../Drivers/CMSIS/Device/ST/STM32F4xx/Include -I../Drivers/CMSIS/Include -O0 -ffunction-sections -fdata-sections -Wall -fstack-usage -fcyclomatic-complexity -MMD -MP -MF"Core/Src/system_stm32f4xx.d" -MT"Core/Src/system_stm32f4xx.o" --specs=nano.specs -mfpu=fpv4-sp-d16 -mfloat-abi=hard -mthumb -o "Core/Src/system_stm32f4xx.o"
../Core/Src/bmp280.cpp:40:29: error: 'BMP280_HandleTypedef' was not declared in this scope; did you mean 'SPI_HandleTypeDef'?
   40 | static bool read_register16(BMP280_HandleTypedef *dev, uint8_t addr, uint16_t *value) {
      |                             ^~~~~~~~~~~~~~~~~~~~
      |                             SPI_HandleTypeDef
../Core/Src/bmp280.cpp:40:51: error: 'dev' was not declared in this scope
   40 | static bool read_register16(BMP280_HandleTypedef *dev, uint8_t addr, uint16_t *value) {
      |                                                   ^~~
../Core/Src/bmp280.cpp:40:64: error: expected primary-expression before 'addr'
   40 | static bool read_register16(BMP280_HandleTypedef *dev, uint8_t addr, uint16_t *value) {
      |                                                                ^~~~
../Core/Src/bmp280.cpp:40:79: error: expected primary-expression before '*' token
   40 | static bool read_register16(BMP280_HandleTypedef *dev, uint8_t addr, uint16_t *value) {
      |                                                                               ^
../Core/Src/bmp280.cpp:40:80: error: 'value' was not declared in this scope
   40 | static bool read_register16(BMP280_HandleTypedef *dev, uint8_t addr, uint16_t *value) {
      |                                                                                ^~~~~
../Core/Src/bmp280.cpp:40:85: error: expression list treated as compound expression in initializer [-fpermissive]
   40 | static bool read_register16(BMP280_HandleTypedef *dev, uint8_t addr, uint16_t *value) {
      |                                                                                     ^
../Core/Src/bmp280.cpp:54:8: warning: inline variables are only available with '-std=c++17' or '-std=gnu++17' [-Wc++17-extensions]
   54 | static inline int read_data(BMP280_HandleTypedef *dev, uint8_t addr, uint8_t *value,
      |        ^~~~~~
../Core/Src/EventLoop.cpp:8:1: error: 'BMP280_HandleTypedef' does not name a type; did you mean 'SPI_HandleTypeDef'?
    8 | BMP280_HandleTypedef bmp280;
      | ^~~~~~~~~~~~~~~~~~~~
      | SPI_HandleTypeDef
../Core/Src/EventLoop.cpp: In function 'void EventLoopCpp()':
../Core/Src/EventLoop.cpp:82:9: error: 'bmp280' has not been declared
   82 |         bmp280::bmp280_init_default_params(&bmp280.params);
      |         ^~~~~~
../Core/Src/EventLoop.cpp:82:45: error: 'bmp280' was not declared in this scope; did you mean 'BMP280'?
   82 |         bmp280::bmp280_init_default_params(&bmp280.params);
      |                                             ^~~~~~
      |                                             BMP280
../Core/Src/EventLoop.cpp:87:17: error: 'bmp280_init' was not declared in this scope
   87 |         while (!bmp280_init(&bmp280, &bmp280.params)) {
      |                 ^~~~~~~~~~~
../Core/Src/bmp280.cpp:54:29: error: 'BMP280_HandleTypedef' was not declared in this scope; did you mean 'SPI_HandleTypeDef'?
   54 | static inline int read_data(BMP280_HandleTypedef *dev, uint8_t addr, uint8_t *value,
      |                             ^~~~~~~~~~~~~~~~~~~~
      |                             SPI_HandleTypeDef
../Core/Src/bmp280.cpp:54:51: error: 'dev' was not declared in this scope
   54 | static inline int read_data(BMP280_HandleTypedef *dev, uint8_t addr, uint8_t *value,
      |                                                   ^~~
../Core/Src/bmp280.cpp:54:64: error: expected primary-expression before 'addr'
   54 | static inline int read_data(BMP280_HandleTypedef *dev, uint8_t addr, uint8_t *value,
      |                                                                ^~~~
../Core/Src/bmp280.cpp:54:78: error: expected primary-expression before '*' token
   54 | static inline int read_data(BMP280_HandleTypedef *dev, uint8_t addr, uint8_t *value,
      |                                                                              ^
../Core/Src/bmp280.cpp:54:79: error: 'value' was not declared in this scope
   54 | static inline int read_data(BMP280_HandleTypedef *dev, uint8_t addr, uint8_t *value,
      |                                                                               ^~~~~
../Core/Src/bmp280.cpp:55:25: error: expected primary-expression before 'len'
   55 |                 uint8_t len) {
      |                         ^~~
../Core/Src/bmp280.cpp:55:28: error: expression list treated as compound expression in initializer [-fpermissive]
   55 |                 uint8_t len) {
      |                            ^
../Core/Src/EventLoop.cpp:108:26: error: 'bmp280_read_float' was not declared in this scope
  108 |                     if (!bmp280_read_float(&bmp280, &temperature, &pressure, &humidity)) {
      |                          ^~~~~~~~~~~~~~~~~
../Core/Src/EventLoop.cpp:92:14: warning: unused variable 'bme280p' [-Wunused-variable]
   92 |         bool bme280p = bmp280.id == BME280_CHIP_ID;
      |              ^~~~~~~
../Core/Src/bmp280.cpp:65:35: error: 'BMP280_HandleTypedef' was not declared in this scope; did you mean 'SPI_HandleTypeDef'?
   65 | static bool read_calibration_data(BMP280_HandleTypedef *dev) {
      |                                   ^~~~~~~~~~~~~~~~~~~~
      |                                   SPI_HandleTypeDef
../Core/Src/bmp280.cpp:65:57: error: 'dev' was not declared in this scope
   65 | static bool read_calibration_data(BMP280_HandleTypedef *dev) {
      |                                                         ^~~
make: *** [Core/Src/subdir.mk:56: Core/Src/EventLoop.o] Error 1
make: *** Waiting for unfinished jobs....
../Core/Src/bmp280.cpp:87:39: error: 'BMP280_HandleTypedef' was not declared in this scope; did you mean 'SPI_HandleTypeDef'?
   87 | static bool read_hum_calibration_data(BMP280_HandleTypedef *dev) {
      |                                       ^~~~~~~~~~~~~~~~~~~~
      |                                       SPI_HandleTypeDef
../Core/Src/bmp280.cpp:87:61: error: 'dev' was not declared in this scope
   87 | static bool read_hum_calibration_data(BMP280_HandleTypedef *dev) {
      |                                                             ^~~
../Core/Src/bmp280.cpp:105:28: error: 'BMP280_HandleTypedef' was not declared in this scope; did you mean 'SPI_HandleTypeDef'?
  105 | static int write_register8(BMP280_HandleTypedef *dev, uint8_t addr, uint8_t value) {
      |                            ^~~~~~~~~~~~~~~~~~~~
      |                            SPI_HandleTypeDef
../Core/Src/bmp280.cpp:105:50: error: 'dev' was not declared in this scope
  105 | static int write_register8(BMP280_HandleTypedef *dev, uint8_t addr, uint8_t value) {
      |                                                  ^~~
../Core/Src/bmp280.cpp:105:63: error: expected primary-expression before 'addr'
  105 | static int write_register8(BMP280_HandleTypedef *dev, uint8_t addr, uint8_t value) {
      |                                                               ^~~~
../Core/Src/bmp280.cpp:105:77: error: expected primary-expression before 'value'
  105 | static int write_register8(BMP280_HandleTypedef *dev, uint8_t addr, uint8_t value) {
      |                                                                             ^~~~~
../Core/Src/bmp280.cpp:105:82: error: expression list treated as compound expression in initializer [-fpermissive]
  105 | static int write_register8(BMP280_HandleTypedef *dev, uint8_t addr, uint8_t value) {
      |                                                                                  ^
../Core/Src/bmp280.cpp: In member function 'bool BMP280::bmp280_init(BMP280_HandleTypedef*, bmp280_params_t*)':
../Core/Src/bmp280.cpp:124:22: error: 'read_data' cannot be used as a function
  124 |         if (read_data(dev, BMP280_REG_ID, &dev->id, 1)) {
      |             ~~~~~~~~~^~~~~~~~~~~~~~~~~~~~~~~~~~~~~~~~~
../Core/Src/bmp280.cpp:134:28: error: 'write_register8' cannot be used as a function
  134 |         if (write_register8(dev, BMP280_REG_RESET, BMP280_RESET_VALUE)) {
      |             ~~~~~~~~~~~~~~~^~~~~~~~~~~~~~~~~~~~~~~~~~~~~~~~~~~~~~~~~~~
../Core/Src/bmp280.cpp:141:31: error: 'read_data' cannot be used as a function
  141 |                 if (!read_data(dev, BMP280_REG_STATUS, &status, 1)
      |                      ~~~~~~~~~^~~~~~~~~~~~~~~~~~~~~~~~~~~~~~~~~~~~
../Core/Src/bmp280.cpp:146:35: error: 'read_calibration_data' cannot be used as a function
  146 |         if (!read_calibration_data(dev)) {
      |              ~~~~~~~~~~~~~~~~~~~~~^~~~~
../Core/Src/bmp280.cpp:150:68: error: 'read_hum_calibration_data' cannot be used as a function
  150 |         if (dev->id == BME280_CHIP_ID && !read_hum_calibration_data(dev)) {
      |                                           ~~~~~~~~~~~~~~~~~~~~~~~~~^~~~~
../Core/Src/bmp280.cpp:155:28: error: 'write_register8' cannot be used as a function
  155 |         if (write_register8(dev, BMP280_REG_CONFIG, config)) {
      |             ~~~~~~~~~~~~~~~^~~~~~~~~~~~~~~~~~~~~~~~~~~~~~~~
../Core/Src/bmp280.cpp:169:36: error: 'write_register8' cannot be used as a function
  169 |                 if (write_register8(dev, BMP280_REG_CTRL_HUM, ctrl_hum)) {
      |                     ~~~~~~~~~~~~~~~^~~~~~~~~~~~~~~~~~~~~~~~~~~~~~~~~~~~
../Core/Src/bmp280.cpp:174:28: error: 'write_register8' cannot be used as a function
  174 |         if (write_register8(dev, BMP280_REG_CTRL, ctrl)) {
      |             ~~~~~~~~~~~~~~~^~~~~~~~~~~~~~~~~~~~~~~~~~~~
../Core/Src/bmp280.cpp: In member function 'bool BMP280::bmp280_force_measurement(BMP280_HandleTypedef*)':
../Core/Src/bmp280.cpp:183:22: error: 'read_data' cannot be used as a function
  183 |         if (read_data(dev, BMP280_REG_CTRL, &ctrl, 1))
      |             ~~~~~~~~~^~~~~~~~~~~~~~~~~~~~~~~~~~~~~~~~
../Core/Src/bmp280.cpp:187:28: error: 'write_register8' cannot be used as a function
  187 |         if (write_register8(dev, BMP280_REG_CTRL, ctrl)) {
      |             ~~~~~~~~~~~~~~~^~~~~~~~~~~~~~~~~~~~~~~~~~~~
../Core/Src/bmp280.cpp: In member function 'bool BMP280::bmp280_is_measuring(BMP280_HandleTypedef*)':
../Core/Src/bmp280.cpp:195:22: error: 'read_data' cannot be used as a function
  195 |         if (read_data(dev, BMP280_REG_STATUS, &status, 1))
      |             ~~~~~~~~~^~~~~~~~~~~~~~~~~~~~~~~~~~~~~~~~~~~~
../Core/Src/bmp280.cpp: At global scope:
../Core/Src/bmp280.cpp:208:23: error: no declaration matches 'int32_t BMP280::compensate_temperature(BMP280_HandleTypedef*, int32_t, int32_t*)'
  208 | static inline int32_t BMP280::compensate_temperature(BMP280_HandleTypedef *dev, int32_t adc_temp,
      |                       ^~~~~~
../Core/Src/bmp280.cpp:208:23: note: no functions named 'int32_t BMP280::compensate_temperature(BMP280_HandleTypedef*, int32_t, int32_t*)'
In file included from ../Core/Src/bmp280.cpp:5:
../Core/Inc/bmp280.hpp:16:7: note: 'class BMP280' defined here
   16 | class BMP280 {
      |       ^~~~~~
../Core/Src/bmp280.cpp:227:15: error: 'uint32_BMP280' does not name a type
  227 | static inline uint32_BMP280::t compensate_pressure(BMP280_HandleTypedef *dev, int32_t adc_press,
      |               ^~~~~~~~~~~~~
../Core/Src/bmp280.cpp:257:24: error: no declaration matches 'uint32_t BMP280::compensate_humidity(BMP280_HandleTypedef*, int32_t, int32_t)'
  257 | static inline uint32_t BMP280::compensate_humidity(BMP280_HandleTypedef *dev, int32_t adc_hum,
      |                        ^~~~~~
../Core/Src/bmp280.cpp:257:24: note: no functions named 'uint32_t BMP280::compensate_humidity(BMP280_HandleTypedef*, int32_t, int32_t)'
../Core/Inc/bmp280.hpp:16:7: note: 'class BMP280' defined here
   16 | class BMP280 {
      |       ^~~~~~
../Core/Src/bmp280.cpp: In member function 'bool BMP280::bmp280_read_fixed(BMP280_HandleTypedef*, int32_t*, uint32_t*, uint32_t*)':
../Core/Src/bmp280.cpp:291:22: error: 'read_data' cannot be used as a function
  291 |         if (read_data(dev, 0xf7, data, size)) {
      |             ~~~~~~~~~^~~~~~~~~~~~~~~~~~~~~~~
../Core/Src/bmp280.cpp:299:24: error: 'compensate_temperature' was not declared in this scope
  299 |         *temperature = compensate_temperature(dev, adc_temp, &fine_temp);
      |                        ^~~~~~~~~~~~~~~~~~~~~~
../Core/Src/bmp280.cpp:300:21: error: 'compensate_pressure' was not declared in this scope
  300 |         *pressure = compensate_pressure(dev, adc_pressure, fine_temp);
      |                     ^~~~~~~~~~~~~~~~~~~
../Core/Src/bmp280.cpp:304:29: error: 'compensate_humidity' was not declared in this scope
  304 |                 *humidity = compensate_humidity(dev, adc_humidity, fine_temp);
      |                             ^~~~~~~~~~~~~~~~~~~
../Core/Src/bmp280.cpp: At global scope:
../Core/Src/bmp280.cpp:40:13: warning: 'read_register16' defined but not used [-Wunused-variable]
   40 | static bool read_register16(BMP280_HandleTypedef *dev, uint8_t addr, uint16_t *value) {
      |             ^~~~~~~~~~~~~~~
make: *** [Core/Src/subdir.mk:56: Core/Src/bmp280.o] Error 1
"make -j8 all" terminated with exit code 2. Build might be incomplete.
09:46:03 **** Incremental Build of configuration Debug for project Joy ****
make -j8 all 
arm-none-eabi-size  Joy.elf 
   text	   data	    bss	    dec	    hex	filename
  36284	    348	   9292	  45924	   b364	Joy.elf
Finished building: default.size.stdout
 
09:46:04 **** Incremental Build of configuration Debug for project NRF ****
make -j8 all 
arm-none-eabi-size  NRF.elf 
   text	   data	    bss	    dec	    hex	filename
  48192	    336	   9816	  58344	   e3e8	NRF.elf
Finished building: default.size.stdout
 
09:46:05 **** Incremental Build of configuration Debug for project PIR ****
make -j8 all 
arm-none-eabi-size  PIR.elf 
   text	   data	    bss	    dec	    hex	filename
  29376	    348	   9124	  38848	   97c0	PIR.elf
Finished building: default.size.stdout
 
09:46:05 **** Incremental Build of configuration Debug for project mmWave ****
make -j8 all 
arm-none-eabi-size  mmWave.elf 
   text	   data	    bss	    dec	    hex	filename
  32484	    268	   8860	  41612	   a28c	mmWave.elf
Finished building: default.size.stdout
 
09:46:06 **** Incremental Build of configuration Debug for project tmirq ****
make -j8 all 
arm-none-eabi-size  tmirq.elf 
   text	   data	    bss	    dec	    hex	filename
  11940	     16	   1816	  13772	   35cc	tmirq.elf
Finished building: default.size.stdout
 
09:46:12 **** Incremental Build of configuration Debug for project FrogClamp ****
make -j8 all 
arm-none-eabi-g++ "../Core/Src/EventLoop.cpp" -mcpu=cortex-m4 -std=gnu++14 -g3 -DDEBUG -DUSE_HAL_DRIVER -DSTM32F411xE -c -I../Core/Inc -I../Drivers/STM32F4xx_HAL_Driver/Inc -I../Drivers/STM32F4xx_HAL_Driver/Inc/Legacy -I../Drivers/CMSIS/Device/ST/STM32F4xx/Include -I../Drivers/CMSIS/Include -O0 -ffunction-sections -fdata-sections -fno-exceptions -fno-rtti -fno-use-cxa-atexit -Wall -fstack-usage -fcyclomatic-complexity -MMD -MP -MF"Core/Src/EventLoop.d" -MT"Core/Src/EventLoop.o" --specs=nano.specs -mfpu=fpv4-sp-d16 -mfloat-abi=hard -mthumb -o "Core/Src/EventLoop.o"
arm-none-eabi-g++ "../Core/Src/bmp280.cpp" -mcpu=cortex-m4 -std=gnu++14 -g3 -DDEBUG -DUSE_HAL_DRIVER -DSTM32F411xE -c -I../Core/Inc -I../Drivers/STM32F4xx_HAL_Driver/Inc -I../Drivers/STM32F4xx_HAL_Driver/Inc/Legacy -I../Drivers/CMSIS/Device/ST/STM32F4xx/Include -I../Drivers/CMSIS/Include -O0 -ffunction-sections -fdata-sections -fno-exceptions -fno-rtti -fno-use-cxa-atexit -Wall -fstack-usage -fcyclomatic-complexity -MMD -MP -MF"Core/Src/bmp280.d" -MT"Core/Src/bmp280.o" --specs=nano.specs -mfpu=fpv4-sp-d16 -mfloat-abi=hard -mthumb -o "Core/Src/bmp280.o"
../Core/Src/bmp280.cpp:40:29: error: 'BMP280_HandleTypedef' was not declared in this scope; did you mean 'SPI_HandleTypeDef'?
   40 | static bool read_register16(BMP280_HandleTypedef *dev, uint8_t addr, uint16_t *value) {
      |                             ^~~~~~~~~~~~~~~~~~~~
      |                             SPI_HandleTypeDef
../Core/Src/bmp280.cpp:40:51: error: 'dev' was not declared in this scope
   40 | static bool read_register16(BMP280_HandleTypedef *dev, uint8_t addr, uint16_t *value) {
      |                                                   ^~~
../Core/Src/bmp280.cpp:40:64: error: expected primary-expression before 'addr'
   40 | static bool read_register16(BMP280_HandleTypedef *dev, uint8_t addr, uint16_t *value) {
      |                                                                ^~~~
../Core/Src/bmp280.cpp:40:79: error: expected primary-expression before '*' token
   40 | static bool read_register16(BMP280_HandleTypedef *dev, uint8_t addr, uint16_t *value) {
      |                                                                               ^
../Core/Src/bmp280.cpp:40:80: error: 'value' was not declared in this scope
   40 | static bool read_register16(BMP280_HandleTypedef *dev, uint8_t addr, uint16_t *value) {
      |                                                                                ^~~~~
../Core/Src/bmp280.cpp:40:85: error: expression list treated as compound expression in initializer [-fpermissive]
   40 | static bool read_register16(BMP280_HandleTypedef *dev, uint8_t addr, uint16_t *value) {
      |                                                                                     ^
../Core/Src/bmp280.cpp:54:8: warning: inline variables are only available with '-std=c++17' or '-std=gnu++17' [-Wc++17-extensions]
   54 | static inline int read_data(BMP280_HandleTypedef *dev, uint8_t addr, uint8_t *value,
      |        ^~~~~~
../Core/Src/EventLoop.cpp:8:1: error: 'BMP280_HandleTypedef' does not name a type; did you mean 'SPI_HandleTypeDef'?
    8 | BMP280_HandleTypedef bmp280;
      | ^~~~~~~~~~~~~~~~~~~~
      | SPI_HandleTypeDef
../Core/Src/EventLoop.cpp: In function 'void EventLoopCpp()':
../Core/Src/EventLoop.cpp:82:9: error: 'bmp280' has not been declared
   82 |         bmp280::bmp280_init_default_params(&bmp280.params);
      |         ^~~~~~
../Core/Src/EventLoop.cpp:82:45: error: 'bmp280' was not declared in this scope; did you mean 'BMP280'?
   82 |         bmp280::bmp280_init_default_params(&bmp280.params);
      |                                             ^~~~~~
      |                                             BMP280
../Core/Src/bmp280.cpp:54:29: error: 'BMP280_HandleTypedef' was not declared in this scope; did you mean 'SPI_HandleTypeDef'?
   54 | static inline int read_data(BMP280_HandleTypedef *dev, uint8_t addr, uint8_t *value,
      |                             ^~~~~~~~~~~~~~~~~~~~
      |                             SPI_HandleTypeDef
../Core/Src/bmp280.cpp:54:51: error: 'dev' was not declared in this scope
   54 | static inline int read_data(BMP280_HandleTypedef *dev, uint8_t addr, uint8_t *value,
      |                                                   ^~~
../Core/Src/bmp280.cpp:54:64: error: expected primary-expression before 'addr'
   54 | static inline int read_data(BMP280_HandleTypedef *dev, uint8_t addr, uint8_t *value,
      |                                                                ^~~~
../Core/Src/bmp280.cpp:54:78: error: expected primary-expression before '*' token
   54 | static inline int read_data(BMP280_HandleTypedef *dev, uint8_t addr, uint8_t *value,
      |                                                                              ^
../Core/Src/bmp280.cpp:54:79: error: 'value' was not declared in this scope
   54 | static inline int read_data(BMP280_HandleTypedef *dev, uint8_t addr, uint8_t *value,
      |                                                                               ^~~~~
../Core/Src/bmp280.cpp:55:25: error: expected primary-expression before 'len'
   55 |                 uint8_t len) {
      |                         ^~~
../Core/Src/bmp280.cpp:55:28: error: expression list treated as compound expression in initializer [-fpermissive]
   55 |                 uint8_t len) {
      |                            ^
../Core/Src/EventLoop.cpp:87:17: error: 'bmp280_init' was not declared in this scope
   87 |         while (!bmp280_init(&bmp280, &bmp280.params)) {
      |                 ^~~~~~~~~~~
../Core/Src/bmp280.cpp:65:35: error: 'BMP280_HandleTypedef' was not declared in this scope; did you mean 'SPI_HandleTypeDef'?
   65 | static bool read_calibration_data(BMP280_HandleTypedef *dev) {
      |                                   ^~~~~~~~~~~~~~~~~~~~
      |                                   SPI_HandleTypeDef
../Core/Src/bmp280.cpp:65:57: error: 'dev' was not declared in this scope
   65 | static bool read_calibration_data(BMP280_HandleTypedef *dev) {
      |                                                         ^~~
../Core/Src/EventLoop.cpp:108:26: error: 'bmp280_read_float' was not declared in this scope
  108 |                     if (!bmp280_read_float(&bmp280, &temperature, &pressure, &humidity)) {
      |                          ^~~~~~~~~~~~~~~~~
../Core/Src/EventLoop.cpp:92:14: warning: unused variable 'bme280p' [-Wunused-variable]
   92 |         bool bme280p = bmp280.id == BME280_CHIP_ID;
      |              ^~~~~~~
make: *** [Core/Src/subdir.mk:56: Core/Src/EventLoop.o] Error 1
make: *** Waiting for unfinished jobs....
../Core/Src/bmp280.cpp:87:39: error: 'BMP280_HandleTypedef' was not declared in this scope; did you mean 'SPI_HandleTypeDef'?
   87 | static bool read_hum_calibration_data(BMP280_HandleTypedef *dev) {
      |                                       ^~~~~~~~~~~~~~~~~~~~
      |                                       SPI_HandleTypeDef
../Core/Src/bmp280.cpp:87:61: error: 'dev' was not declared in this scope
   87 | static bool read_hum_calibration_data(BMP280_HandleTypedef *dev) {
      |                                                             ^~~
../Core/Src/bmp280.cpp:105:28: error: 'BMP280_HandleTypedef' was not declared in this scope; did you mean 'SPI_HandleTypeDef'?
  105 | static int write_register8(BMP280_HandleTypedef *dev, uint8_t addr, uint8_t value) {
      |                            ^~~~~~~~~~~~~~~~~~~~
      |                            SPI_HandleTypeDef
../Core/Src/bmp280.cpp:105:50: error: 'dev' was not declared in this scope
  105 | static int write_register8(BMP280_HandleTypedef *dev, uint8_t addr, uint8_t value) {
      |                                                  ^~~
../Core/Src/bmp280.cpp:105:63: error: expected primary-expression before 'addr'
  105 | static int write_register8(BMP280_HandleTypedef *dev, uint8_t addr, uint8_t value) {
      |                                                               ^~~~
../Core/Src/bmp280.cpp:105:77: error: expected primary-expression before 'value'
  105 | static int write_register8(BMP280_HandleTypedef *dev, uint8_t addr, uint8_t value) {
      |                                                                             ^~~~~
../Core/Src/bmp280.cpp:105:82: error: expression list treated as compound expression in initializer [-fpermissive]
  105 | static int write_register8(BMP280_HandleTypedef *dev, uint8_t addr, uint8_t value) {
      |                                                                                  ^
../Core/Src/bmp280.cpp: In member function 'bool BMP280::bmp280_init(BMP280_HandleTypedef*, bmp280_params_t*)':
../Core/Src/bmp280.cpp:124:22: error: 'read_data' cannot be used as a function
  124 |         if (read_data(dev, BMP280_REG_ID, &dev->id, 1)) {
      |             ~~~~~~~~~^~~~~~~~~~~~~~~~~~~~~~~~~~~~~~~~~
../Core/Src/bmp280.cpp:134:28: error: 'write_register8' cannot be used as a function
  134 |         if (write_register8(dev, BMP280_REG_RESET, BMP280_RESET_VALUE)) {
      |             ~~~~~~~~~~~~~~~^~~~~~~~~~~~~~~~~~~~~~~~~~~~~~~~~~~~~~~~~~~
../Core/Src/bmp280.cpp:141:31: error: 'read_data' cannot be used as a function
  141 |                 if (!read_data(dev, BMP280_REG_STATUS, &status, 1)
      |                      ~~~~~~~~~^~~~~~~~~~~~~~~~~~~~~~~~~~~~~~~~~~~~
../Core/Src/bmp280.cpp:146:35: error: 'read_calibration_data' cannot be used as a function
  146 |         if (!read_calibration_data(dev)) {
      |              ~~~~~~~~~~~~~~~~~~~~~^~~~~
../Core/Src/bmp280.cpp:150:68: error: 'read_hum_calibration_data' cannot be used as a function
  150 |         if (dev->id == BME280_CHIP_ID && !read_hum_calibration_data(dev)) {
      |                                           ~~~~~~~~~~~~~~~~~~~~~~~~~^~~~~
../Core/Src/bmp280.cpp:155:28: error: 'write_register8' cannot be used as a function
  155 |         if (write_register8(dev, BMP280_REG_CONFIG, config)) {
      |             ~~~~~~~~~~~~~~~^~~~~~~~~~~~~~~~~~~~~~~~~~~~~~~~
../Core/Src/bmp280.cpp:169:36: error: 'write_register8' cannot be used as a function
  169 |                 if (write_register8(dev, BMP280_REG_CTRL_HUM, ctrl_hum)) {
      |                     ~~~~~~~~~~~~~~~^~~~~~~~~~~~~~~~~~~~~~~~~~~~~~~~~~~~
../Core/Src/bmp280.cpp:174:28: error: 'write_register8' cannot be used as a function
  174 |         if (write_register8(dev, BMP280_REG_CTRL, ctrl)) {
      |             ~~~~~~~~~~~~~~~^~~~~~~~~~~~~~~~~~~~~~~~~~~~
../Core/Src/bmp280.cpp: In member function 'bool BMP280::bmp280_force_measurement(BMP280_HandleTypedef*)':
../Core/Src/bmp280.cpp:183:22: error: 'read_data' cannot be used as a function
  183 |         if (read_data(dev, BMP280_REG_CTRL, &ctrl, 1))
      |             ~~~~~~~~~^~~~~~~~~~~~~~~~~~~~~~~~~~~~~~~~
../Core/Src/bmp280.cpp:187:28: error: 'write_register8' cannot be used as a function
  187 |         if (write_register8(dev, BMP280_REG_CTRL, ctrl)) {
      |             ~~~~~~~~~~~~~~~^~~~~~~~~~~~~~~~~~~~~~~~~~~~
../Core/Src/bmp280.cpp: In member function 'bool BMP280::bmp280_is_measuring(BMP280_HandleTypedef*)':
../Core/Src/bmp280.cpp:195:22: error: 'read_data' cannot be used as a function
  195 |         if (read_data(dev, BMP280_REG_STATUS, &status, 1))
      |             ~~~~~~~~~^~~~~~~~~~~~~~~~~~~~~~~~~~~~~~~~~~~~
../Core/Src/bmp280.cpp: At global scope:
../Core/Src/bmp280.cpp:208:23: error: no declaration matches 'int32_t BMP280::compensate_temperature(BMP280_HandleTypedef*, int32_t, int32_t*)'
  208 | static inline int32_t BMP280::compensate_temperature(BMP280_HandleTypedef *dev, int32_t adc_temp,
      |                       ^~~~~~
../Core/Src/bmp280.cpp:208:23: note: no functions named 'int32_t BMP280::compensate_temperature(BMP280_HandleTypedef*, int32_t, int32_t*)'
In file included from ../Core/Src/bmp280.cpp:5:
../Core/Inc/bmp280.hpp:16:7: note: 'class BMP280' defined here
   16 | class BMP280 {
      |       ^~~~~~
../Core/Src/bmp280.cpp:227:15: error: 'uint32_BMP280' does not name a type
  227 | static inline uint32_BMP280::t compensate_pressure(BMP280_HandleTypedef *dev, int32_t adc_press,
      |               ^~~~~~~~~~~~~
../Core/Src/bmp280.cpp:257:24: error: no declaration matches 'uint32_t BMP280::compensate_humidity(BMP280_HandleTypedef*, int32_t, int32_t)'
  257 | static inline uint32_t BMP280::compensate_humidity(BMP280_HandleTypedef *dev, int32_t adc_hum,
      |                        ^~~~~~
../Core/Src/bmp280.cpp:257:24: note: no functions named 'uint32_t BMP280::compensate_humidity(BMP280_HandleTypedef*, int32_t, int32_t)'
../Core/Inc/bmp280.hpp:16:7: note: 'class BMP280' defined here
   16 | class BMP280 {
      |       ^~~~~~
../Core/Src/bmp280.cpp: In member function 'bool BMP280::bmp280_read_fixed(BMP280_HandleTypedef*, int32_t*, uint32_t*, uint32_t*)':
../Core/Src/bmp280.cpp:291:22: error: 'read_data' cannot be used as a function
  291 |         if (read_data(dev, 0xf7, data, size)) {
      |             ~~~~~~~~~^~~~~~~~~~~~~~~~~~~~~~~
../Core/Src/bmp280.cpp:299:24: error: 'compensate_temperature' was not declared in this scope
  299 |         *temperature = compensate_temperature(dev, adc_temp, &fine_temp);
      |                        ^~~~~~~~~~~~~~~~~~~~~~
../Core/Src/bmp280.cpp:300:21: error: 'compensate_pressure' was not declared in this scope
  300 |         *pressure = compensate_pressure(dev, adc_pressure, fine_temp);
      |                     ^~~~~~~~~~~~~~~~~~~
../Core/Src/bmp280.cpp:304:29: error: 'compensate_humidity' was not declared in this scope
  304 |                 *humidity = compensate_humidity(dev, adc_humidity, fine_temp);
      |                             ^~~~~~~~~~~~~~~~~~~
../Core/Src/bmp280.cpp: At global scope:
../Core/Src/bmp280.cpp:40:13: warning: 'read_register16' defined but not used [-Wunused-variable]
   40 | static bool read_register16(BMP280_HandleTypedef *dev, uint8_t addr, uint16_t *value) {
      |             ^~~~~~~~~~~~~~~
make: *** [Core/Src/subdir.mk:56: Core/Src/bmp280.o] Error 1
"make -j8 all" terminated with exit code 2. Build might be incomplete.
09:48:27 **** Incremental Build of configuration Debug for project FrogClamp ****
make -j8 all 
arm-none-eabi-g++ "../Core/Src/EventLoop.cpp" -mcpu=cortex-m4 -std=gnu++14 -g3 -DDEBUG -DUSE_HAL_DRIVER -DSTM32F411xE -c -I../Core/Inc -I../Drivers/STM32F4xx_HAL_Driver/Inc -I../Drivers/STM32F4xx_HAL_Driver/Inc/Legacy -I../Drivers/CMSIS/Device/ST/STM32F4xx/Include -I../Drivers/CMSIS/Include -O0 -ffunction-sections -fdata-sections -fno-exceptions -fno-rtti -fno-use-cxa-atexit -Wall -fstack-usage -fcyclomatic-complexity -MMD -MP -MF"Core/Src/EventLoop.d" -MT"Core/Src/EventLoop.o" --specs=nano.specs -mfpu=fpv4-sp-d16 -mfloat-abi=hard -mthumb -o "Core/Src/EventLoop.o"
arm-none-eabi-g++ "../Core/Src/bmp280.cpp" -mcpu=cortex-m4 -std=gnu++14 -g3 -DDEBUG -DUSE_HAL_DRIVER -DSTM32F411xE -c -I../Core/Inc -I../Drivers/STM32F4xx_HAL_Driver/Inc -I../Drivers/STM32F4xx_HAL_Driver/Inc/Legacy -I../Drivers/CMSIS/Device/ST/STM32F4xx/Include -I../Drivers/CMSIS/Include -O0 -ffunction-sections -fdata-sections -fno-exceptions -fno-rtti -fno-use-cxa-atexit -Wall -fstack-usage -fcyclomatic-complexity -MMD -MP -MF"Core/Src/bmp280.d" -MT"Core/Src/bmp280.o" --specs=nano.specs -mfpu=fpv4-sp-d16 -mfloat-abi=hard -mthumb -o "Core/Src/bmp280.o"
In file included from ../Core/Src/bmp280.cpp:5:
../Core/Inc/bmp280.hpp:184:1: error: expected unqualified-id before 'private'
  184 | private:
      | ^~~~~~~
../Core/Src/bmp280.cpp:40:13: error: no declaration matches 'bool BMP280::read_register16(BMP280_HandleTypedef*, uint8_t, uint16_t*)'
   40 | static bool BMP280::read_register16(BMP280_HandleTypedef *dev, uint8_t addr, uint16_t *value) {
      |             ^~~~~~
../Core/Src/bmp280.cpp:40:13: note: no functions named 'bool BMP280::read_register16(BMP280_HandleTypedef*, uint8_t, uint16_t*)'
../Core/Inc/bmp280.hpp:16:7: note: 'class BMP280' defined here
   16 | class BMP280 {
      |       ^~~~~~
../Core/Src/bmp280.cpp:54:8: warning: inline variables are only available with '-std=c++17' or '-std=gnu++17' [-Wc++17-extensions]
   54 | static inline int read_data(BMP280_HandleTypedef *dev, uint8_t addr, uint8_t *value,
      |        ^~~~~~
In file included from ../Core/Src/EventLoop.cpp:1:
../Core/Inc/bmp280.hpp:184:1: error: expected unqualified-id before 'private'
  184 | private:
      | ^~~~~~~
../Core/Src/bmp280.cpp:54:29: error: 'BMP280_HandleTypedef' was not declared in this scope; did you mean 'SPI_HandleTypeDef'?
   54 | static inline int read_data(BMP280_HandleTypedef *dev, uint8_t addr, uint8_t *value,
      |                             ^~~~~~~~~~~~~~~~~~~~
      |                             SPI_HandleTypeDef
../Core/Src/bmp280.cpp:54:51: error: 'dev' was not declared in this scope
   54 | static inline int read_data(BMP280_HandleTypedef *dev, uint8_t addr, uint8_t *value,
      |                                                   ^~~
../Core/Src/bmp280.cpp:54:64: error: expected primary-expression before 'addr'
   54 | static inline int read_data(BMP280_HandleTypedef *dev, uint8_t addr, uint8_t *value,
      |                                                                ^~~~
../Core/Src/bmp280.cpp:54:78: error: expected primary-expression before '*' token
   54 | static inline int read_data(BMP280_HandleTypedef *dev, uint8_t addr, uint8_t *value,
      |                                                                              ^
../Core/Src/bmp280.cpp:54:79: error: 'value' was not declared in this scope
   54 | static inline int read_data(BMP280_HandleTypedef *dev, uint8_t addr, uint8_t *value,
      |                                                                               ^~~~~
../Core/Src/bmp280.cpp:55:25: error: expected primary-expression before 'len'
   55 |                 uint8_t len) {
      |                         ^~~
../Core/Src/bmp280.cpp:55:28: error: expression list treated as compound expression in initializer [-fpermissive]
   55 |                 uint8_t len) {
      |                            ^
../Core/Src/EventLoop.cpp:8:1: error: 'BMP280_HandleTypedef' does not name a type; did you mean 'SPI_HandleTypeDef'?
    8 | BMP280_HandleTypedef bmp280;
      | ^~~~~~~~~~~~~~~~~~~~
      | SPI_HandleTypeDef
../Core/Src/EventLoop.cpp: In function 'void EventLoopCpp()':
../Core/Src/EventLoop.cpp:82:9: error: 'bmp280' has not been declared
   82 |         bmp280::bmp280_init_default_params(&bmp280.params);
      |         ^~~~~~
../Core/Src/bmp280.cpp:65:35: error: 'BMP280_HandleTypedef' was not declared in this scope; did you mean 'SPI_HandleTypeDef'?
   65 | static bool read_calibration_data(BMP280_HandleTypedef *dev) {
      |                                   ^~~~~~~~~~~~~~~~~~~~
      |                                   SPI_HandleTypeDef
../Core/Src/EventLoop.cpp:82:45: error: 'bmp280' was not declared in this scope; did you mean 'BMP280'?
   82 |         bmp280::bmp280_init_default_params(&bmp280.params);
      |                                             ^~~~~~
      |                                             BMP280
../Core/Src/bmp280.cpp:65:57: error: 'dev' was not declared in this scope
   65 | static bool read_calibration_data(BMP280_HandleTypedef *dev) {
      |                                                         ^~~
../Core/Src/EventLoop.cpp:87:17: error: 'bmp280_init' was not declared in this scope
   87 |         while (!bmp280_init(&bmp280, &bmp280.params)) {
      |                 ^~~~~~~~~~~
../Core/Src/bmp280.cpp:87:39: error: 'BMP280_HandleTypedef' was not declared in this scope; did you mean 'SPI_HandleTypeDef'?
   87 | static bool read_hum_calibration_data(BMP280_HandleTypedef *dev) {
      |                                       ^~~~~~~~~~~~~~~~~~~~
      |                                       SPI_HandleTypeDef
../Core/Src/bmp280.cpp:87:61: error: 'dev' was not declared in this scope
   87 | static bool read_hum_calibration_data(BMP280_HandleTypedef *dev) {
      |                                                             ^~~
../Core/Src/EventLoop.cpp:108:26: error: 'bmp280_read_float' was not declared in this scope
  108 |                     if (!bmp280_read_float(&bmp280, &temperature, &pressure, &humidity)) {
      |                          ^~~~~~~~~~~~~~~~~
../Core/Src/EventLoop.cpp:92:14: warning: unused variable 'bme280p' [-Wunused-variable]
   92 |         bool bme280p = bmp280.id == BME280_CHIP_ID;
      |              ^~~~~~~
make: *** [Core/Src/subdir.mk:56: Core/Src/EventLoop.o] Error 1
make: *** Waiting for unfinished jobs....
../Core/Src/bmp280.cpp:105:28: error: 'BMP280_HandleTypedef' was not declared in this scope; did you mean 'SPI_HandleTypeDef'?
  105 | static int write_register8(BMP280_HandleTypedef *dev, uint8_t addr, uint8_t value) {
      |                            ^~~~~~~~~~~~~~~~~~~~
      |                            SPI_HandleTypeDef
../Core/Src/bmp280.cpp:105:50: error: 'dev' was not declared in this scope
  105 | static int write_register8(BMP280_HandleTypedef *dev, uint8_t addr, uint8_t value) {
      |                                                  ^~~
../Core/Src/bmp280.cpp:105:63: error: expected primary-expression before 'addr'
  105 | static int write_register8(BMP280_HandleTypedef *dev, uint8_t addr, uint8_t value) {
      |                                                               ^~~~
../Core/Src/bmp280.cpp:105:77: error: expected primary-expression before 'value'
  105 | static int write_register8(BMP280_HandleTypedef *dev, uint8_t addr, uint8_t value) {
      |                                                                             ^~~~~
../Core/Src/bmp280.cpp:105:82: error: expression list treated as compound expression in initializer [-fpermissive]
  105 | static int write_register8(BMP280_HandleTypedef *dev, uint8_t addr, uint8_t value) {
      |                                                                                  ^
../Core/Src/bmp280.cpp: In member function 'bool BMP280::bmp280_init(BMP280_HandleTypedef*, bmp280_params_t*)':
../Core/Src/bmp280.cpp:124:22: error: 'read_data' cannot be used as a function
  124 |         if (read_data(dev, BMP280_REG_ID, &dev->id, 1)) {
      |             ~~~~~~~~~^~~~~~~~~~~~~~~~~~~~~~~~~~~~~~~~~
../Core/Src/bmp280.cpp:134:28: error: 'write_register8' cannot be used as a function
  134 |         if (write_register8(dev, BMP280_REG_RESET, BMP280_RESET_VALUE)) {
      |             ~~~~~~~~~~~~~~~^~~~~~~~~~~~~~~~~~~~~~~~~~~~~~~~~~~~~~~~~~~
../Core/Src/bmp280.cpp:141:31: error: 'read_data' cannot be used as a function
  141 |                 if (!read_data(dev, BMP280_REG_STATUS, &status, 1)
      |                      ~~~~~~~~~^~~~~~~~~~~~~~~~~~~~~~~~~~~~~~~~~~~~
../Core/Src/bmp280.cpp:146:35: error: 'read_calibration_data' cannot be used as a function
  146 |         if (!read_calibration_data(dev)) {
      |              ~~~~~~~~~~~~~~~~~~~~~^~~~~
../Core/Src/bmp280.cpp:150:68: error: 'read_hum_calibration_data' cannot be used as a function
  150 |         if (dev->id == BME280_CHIP_ID && !read_hum_calibration_data(dev)) {
      |                                           ~~~~~~~~~~~~~~~~~~~~~~~~~^~~~~
../Core/Src/bmp280.cpp:155:28: error: 'write_register8' cannot be used as a function
  155 |         if (write_register8(dev, BMP280_REG_CONFIG, config)) {
      |             ~~~~~~~~~~~~~~~^~~~~~~~~~~~~~~~~~~~~~~~~~~~~~~~
../Core/Src/bmp280.cpp:169:36: error: 'write_register8' cannot be used as a function
  169 |                 if (write_register8(dev, BMP280_REG_CTRL_HUM, ctrl_hum)) {
      |                     ~~~~~~~~~~~~~~~^~~~~~~~~~~~~~~~~~~~~~~~~~~~~~~~~~~~
../Core/Src/bmp280.cpp:174:28: error: 'write_register8' cannot be used as a function
  174 |         if (write_register8(dev, BMP280_REG_CTRL, ctrl)) {
      |             ~~~~~~~~~~~~~~~^~~~~~~~~~~~~~~~~~~~~~~~~~~~
../Core/Src/bmp280.cpp: In member function 'bool BMP280::bmp280_force_measurement(BMP280_HandleTypedef*)':
../Core/Src/bmp280.cpp:183:22: error: 'read_data' cannot be used as a function
  183 |         if (read_data(dev, BMP280_REG_CTRL, &ctrl, 1))
      |             ~~~~~~~~~^~~~~~~~~~~~~~~~~~~~~~~~~~~~~~~~
../Core/Src/bmp280.cpp:187:28: error: 'write_register8' cannot be used as a function
  187 |         if (write_register8(dev, BMP280_REG_CTRL, ctrl)) {
      |             ~~~~~~~~~~~~~~~^~~~~~~~~~~~~~~~~~~~~~~~~~~~
../Core/Src/bmp280.cpp: In member function 'bool BMP280::bmp280_is_measuring(BMP280_HandleTypedef*)':
../Core/Src/bmp280.cpp:195:22: error: 'read_data' cannot be used as a function
  195 |         if (read_data(dev, BMP280_REG_STATUS, &status, 1))
      |             ~~~~~~~~~^~~~~~~~~~~~~~~~~~~~~~~~~~~~~~~~~~~~
../Core/Src/bmp280.cpp: At global scope:
../Core/Src/bmp280.cpp:208:23: error: no declaration matches 'int32_t BMP280::compensate_temperature(BMP280_HandleTypedef*, int32_t, int32_t*)'
  208 | static inline int32_t BMP280::compensate_temperature(BMP280_HandleTypedef *dev, int32_t adc_temp,
      |                       ^~~~~~
../Core/Src/bmp280.cpp:208:23: note: no functions named 'int32_t BMP280::compensate_temperature(BMP280_HandleTypedef*, int32_t, int32_t*)'
../Core/Inc/bmp280.hpp:16:7: note: 'class BMP280' defined here
   16 | class BMP280 {
      |       ^~~~~~
../Core/Src/bmp280.cpp:227:15: error: 'uint32_BMP280' does not name a type
  227 | static inline uint32_BMP280::t compensate_pressure(BMP280_HandleTypedef *dev, int32_t adc_press,
      |               ^~~~~~~~~~~~~
../Core/Src/bmp280.cpp:257:24: error: no declaration matches 'uint32_t BMP280::compensate_humidity(BMP280_HandleTypedef*, int32_t, int32_t)'
  257 | static inline uint32_t BMP280::compensate_humidity(BMP280_HandleTypedef *dev, int32_t adc_hum,
      |                        ^~~~~~
../Core/Src/bmp280.cpp:257:24: note: no functions named 'uint32_t BMP280::compensate_humidity(BMP280_HandleTypedef*, int32_t, int32_t)'
../Core/Inc/bmp280.hpp:16:7: note: 'class BMP280' defined here
   16 | class BMP280 {
      |       ^~~~~~
../Core/Src/bmp280.cpp: In member function 'bool BMP280::bmp280_read_fixed(BMP280_HandleTypedef*, int32_t*, uint32_t*, uint32_t*)':
../Core/Src/bmp280.cpp:291:22: error: 'read_data' cannot be used as a function
  291 |         if (read_data(dev, 0xf7, data, size)) {
      |             ~~~~~~~~~^~~~~~~~~~~~~~~~~~~~~~~
../Core/Src/bmp280.cpp:299:24: error: 'compensate_temperature' was not declared in this scope
  299 |         *temperature = compensate_temperature(dev, adc_temp, &fine_temp);
      |                        ^~~~~~~~~~~~~~~~~~~~~~
../Core/Src/bmp280.cpp:300:21: error: 'compensate_pressure' was not declared in this scope
  300 |         *pressure = compensate_pressure(dev, adc_pressure, fine_temp);
      |                     ^~~~~~~~~~~~~~~~~~~
../Core/Src/bmp280.cpp:304:29: error: 'compensate_humidity' was not declared in this scope
  304 |                 *humidity = compensate_humidity(dev, adc_humidity, fine_temp);
      |                             ^~~~~~~~~~~~~~~~~~~
make: *** [Core/Src/subdir.mk:56: Core/Src/bmp280.o] Error 1
"make -j8 all" terminated with exit code 2. Build might be incomplete.
09:48:51 **** Incremental Build of configuration Debug for project FrogClamp ****
make -j8 all 
arm-none-eabi-g++ "../Core/Src/EventLoop.cpp" -mcpu=cortex-m4 -std=gnu++14 -g3 -DDEBUG -DUSE_HAL_DRIVER -DSTM32F411xE -c -I../Core/Inc -I../Drivers/STM32F4xx_HAL_Driver/Inc -I../Drivers/STM32F4xx_HAL_Driver/Inc/Legacy -I../Drivers/CMSIS/Device/ST/STM32F4xx/Include -I../Drivers/CMSIS/Include -O0 -ffunction-sections -fdata-sections -fno-exceptions -fno-rtti -fno-use-cxa-atexit -Wall -fstack-usage -fcyclomatic-complexity -MMD -MP -MF"Core/Src/EventLoop.d" -MT"Core/Src/EventLoop.o" --specs=nano.specs -mfpu=fpv4-sp-d16 -mfloat-abi=hard -mthumb -o "Core/Src/EventLoop.o"
arm-none-eabi-g++ "../Core/Src/bmp280.cpp" -mcpu=cortex-m4 -std=gnu++14 -g3 -DDEBUG -DUSE_HAL_DRIVER -DSTM32F411xE -c -I../Core/Inc -I../Drivers/STM32F4xx_HAL_Driver/Inc -I../Drivers/STM32F4xx_HAL_Driver/Inc/Legacy -I../Drivers/CMSIS/Device/ST/STM32F4xx/Include -I../Drivers/CMSIS/Include -O0 -ffunction-sections -fdata-sections -fno-exceptions -fno-rtti -fno-use-cxa-atexit -Wall -fstack-usage -fcyclomatic-complexity -MMD -MP -MF"Core/Src/bmp280.d" -MT"Core/Src/bmp280.o" --specs=nano.specs -mfpu=fpv4-sp-d16 -mfloat-abi=hard -mthumb -o "Core/Src/bmp280.o"
../Core/Src/bmp280.cpp:40:93: error: cannot declare member function 'static bool BMP280::read_register16(BMP280_HandleTypedef*, uint8_t, uint16_t*)' to have static linkage [-fpermissive]
   40 | static bool BMP280::read_register16(BMP280_HandleTypedef *dev, uint8_t addr, uint16_t *value) {
      |                                                                                             ^
../Core/Src/bmp280.cpp:54:8: warning: inline variables are only available with '-std=c++17' or '-std=gnu++17' [-Wc++17-extensions]
   54 | static inline int read_data(BMP280_HandleTypedef *dev, uint8_t addr, uint8_t *value,
      |        ^~~~~~
../Core/Src/bmp280.cpp:54:29: error: 'BMP280_HandleTypedef' was not declared in this scope; did you mean 'SPI_HandleTypeDef'?
   54 | static inline int read_data(BMP280_HandleTypedef *dev, uint8_t addr, uint8_t *value,
      |                             ^~~~~~~~~~~~~~~~~~~~
      |                             SPI_HandleTypeDef
../Core/Src/bmp280.cpp:54:51: error: 'dev' was not declared in this scope
   54 | static inline int read_data(BMP280_HandleTypedef *dev, uint8_t addr, uint8_t *value,
      |                                                   ^~~
../Core/Src/bmp280.cpp:54:64: error: expected primary-expression before 'addr'
   54 | static inline int read_data(BMP280_HandleTypedef *dev, uint8_t addr, uint8_t *value,
      |                                                                ^~~~
../Core/Src/bmp280.cpp:54:78: error: expected primary-expression before '*' token
   54 | static inline int read_data(BMP280_HandleTypedef *dev, uint8_t addr, uint8_t *value,
      |                                                                              ^
../Core/Src/bmp280.cpp:54:79: error: 'value' was not declared in this scope
   54 | static inline int read_data(BMP280_HandleTypedef *dev, uint8_t addr, uint8_t *value,
      |                                                                               ^~~~~
../Core/Src/bmp280.cpp:55:25: error: expected primary-expression before 'len'
   55 |                 uint8_t len) {
      |                         ^~~
../Core/Src/bmp280.cpp:55:28: error: expression list treated as compound expression in initializer [-fpermissive]
   55 |                 uint8_t len) {
      |                            ^
../Core/Src/EventLoop.cpp:8:1: error: 'BMP280_HandleTypedef' does not name a type; did you mean 'SPI_HandleTypeDef'?
    8 | BMP280_HandleTypedef bmp280;
      | ^~~~~~~~~~~~~~~~~~~~
      | SPI_HandleTypeDef
../Core/Src/EventLoop.cpp: In function 'void EventLoopCpp()':
../Core/Src/EventLoop.cpp:82:9: error: 'bmp280' has not been declared
   82 |         bmp280::bmp280_init_default_params(&bmp280.params);
      |         ^~~~~~
../Core/Src/EventLoop.cpp:82:45: error: 'bmp280' was not declared in this scope; did you mean 'BMP280'?
   82 |         bmp280::bmp280_init_default_params(&bmp280.params);
      |                                             ^~~~~~
      |                                             BMP280
../Core/Src/bmp280.cpp:65:35: error: 'BMP280_HandleTypedef' was not declared in this scope; did you mean 'SPI_HandleTypeDef'?
   65 | static bool read_calibration_data(BMP280_HandleTypedef *dev) {
      |                                   ^~~~~~~~~~~~~~~~~~~~
      |                                   SPI_HandleTypeDef
../Core/Src/bmp280.cpp:65:57: error: 'dev' was not declared in this scope
   65 | static bool read_calibration_data(BMP280_HandleTypedef *dev) {
      |                                                         ^~~
../Core/Src/EventLoop.cpp:87:17: error: 'bmp280_init' was not declared in this scope
   87 |         while (!bmp280_init(&bmp280, &bmp280.params)) {
      |                 ^~~~~~~~~~~
../Core/Src/bmp280.cpp:87:39: error: 'BMP280_HandleTypedef' was not declared in this scope; did you mean 'SPI_HandleTypeDef'?
   87 | static bool read_hum_calibration_data(BMP280_HandleTypedef *dev) {
      |                                       ^~~~~~~~~~~~~~~~~~~~
      |                                       SPI_HandleTypeDef
../Core/Src/EventLoop.cpp:108:26: error: 'bmp280_read_float' was not declared in this scope
  108 |                     if (!bmp280_read_float(&bmp280, &temperature, &pressure, &humidity)) {
      |                          ^~~~~~~~~~~~~~~~~
../Core/Src/bmp280.cpp:87:61: error: 'dev' was not declared in this scope
   87 | static bool read_hum_calibration_data(BMP280_HandleTypedef *dev) {
      |                                                             ^~~
../Core/Src/EventLoop.cpp:92:14: warning: unused variable 'bme280p' [-Wunused-variable]
   92 |         bool bme280p = bmp280.id == BME280_CHIP_ID;
      |              ^~~~~~~
make: *** [Core/Src/subdir.mk:56: Core/Src/EventLoop.o] Error 1
make: *** Waiting for unfinished jobs....
../Core/Src/bmp280.cpp:105:28: error: 'BMP280_HandleTypedef' was not declared in this scope; did you mean 'SPI_HandleTypeDef'?
  105 | static int write_register8(BMP280_HandleTypedef *dev, uint8_t addr, uint8_t value) {
      |                            ^~~~~~~~~~~~~~~~~~~~
      |                            SPI_HandleTypeDef
../Core/Src/bmp280.cpp:105:50: error: 'dev' was not declared in this scope
  105 | static int write_register8(BMP280_HandleTypedef *dev, uint8_t addr, uint8_t value) {
      |                                                  ^~~
../Core/Src/bmp280.cpp:105:63: error: expected primary-expression before 'addr'
  105 | static int write_register8(BMP280_HandleTypedef *dev, uint8_t addr, uint8_t value) {
      |                                                               ^~~~
../Core/Src/bmp280.cpp:105:77: error: expected primary-expression before 'value'
  105 | static int write_register8(BMP280_HandleTypedef *dev, uint8_t addr, uint8_t value) {
      |                                                                             ^~~~~
../Core/Src/bmp280.cpp:105:82: error: expression list treated as compound expression in initializer [-fpermissive]
  105 | static int write_register8(BMP280_HandleTypedef *dev, uint8_t addr, uint8_t value) {
      |                                                                                  ^
../Core/Src/bmp280.cpp: In member function 'bool BMP280::bmp280_init(BMP280_HandleTypedef*, bmp280_params_t*)':
../Core/Src/bmp280.cpp:124:22: error: 'read_data' cannot be used as a function
  124 |         if (read_data(dev, BMP280_REG_ID, &dev->id, 1)) {
      |             ~~~~~~~~~^~~~~~~~~~~~~~~~~~~~~~~~~~~~~~~~~
../Core/Src/bmp280.cpp:134:28: error: 'write_register8' cannot be used as a function
  134 |         if (write_register8(dev, BMP280_REG_RESET, BMP280_RESET_VALUE)) {
      |             ~~~~~~~~~~~~~~~^~~~~~~~~~~~~~~~~~~~~~~~~~~~~~~~~~~~~~~~~~~
../Core/Src/bmp280.cpp:141:31: error: 'read_data' cannot be used as a function
  141 |                 if (!read_data(dev, BMP280_REG_STATUS, &status, 1)
      |                      ~~~~~~~~~^~~~~~~~~~~~~~~~~~~~~~~~~~~~~~~~~~~~
../Core/Src/bmp280.cpp:146:35: error: 'read_calibration_data' cannot be used as a function
  146 |         if (!read_calibration_data(dev)) {
      |              ~~~~~~~~~~~~~~~~~~~~~^~~~~
../Core/Src/bmp280.cpp:150:68: error: 'read_hum_calibration_data' cannot be used as a function
  150 |         if (dev->id == BME280_CHIP_ID && !read_hum_calibration_data(dev)) {
      |                                           ~~~~~~~~~~~~~~~~~~~~~~~~~^~~~~
../Core/Src/bmp280.cpp:155:28: error: 'write_register8' cannot be used as a function
  155 |         if (write_register8(dev, BMP280_REG_CONFIG, config)) {
      |             ~~~~~~~~~~~~~~~^~~~~~~~~~~~~~~~~~~~~~~~~~~~~~~~
../Core/Src/bmp280.cpp:169:36: error: 'write_register8' cannot be used as a function
  169 |                 if (write_register8(dev, BMP280_REG_CTRL_HUM, ctrl_hum)) {
      |                     ~~~~~~~~~~~~~~~^~~~~~~~~~~~~~~~~~~~~~~~~~~~~~~~~~~~
../Core/Src/bmp280.cpp:174:28: error: 'write_register8' cannot be used as a function
  174 |         if (write_register8(dev, BMP280_REG_CTRL, ctrl)) {
      |             ~~~~~~~~~~~~~~~^~~~~~~~~~~~~~~~~~~~~~~~~~~~
../Core/Src/bmp280.cpp: In member function 'bool BMP280::bmp280_force_measurement(BMP280_HandleTypedef*)':
../Core/Src/bmp280.cpp:183:22: error: 'read_data' cannot be used as a function
  183 |         if (read_data(dev, BMP280_REG_CTRL, &ctrl, 1))
      |             ~~~~~~~~~^~~~~~~~~~~~~~~~~~~~~~~~~~~~~~~~
../Core/Src/bmp280.cpp:187:28: error: 'write_register8' cannot be used as a function
  187 |         if (write_register8(dev, BMP280_REG_CTRL, ctrl)) {
      |             ~~~~~~~~~~~~~~~^~~~~~~~~~~~~~~~~~~~~~~~~~~~
../Core/Src/bmp280.cpp: In member function 'bool BMP280::bmp280_is_measuring(BMP280_HandleTypedef*)':
../Core/Src/bmp280.cpp:195:22: error: 'read_data' cannot be used as a function
  195 |         if (read_data(dev, BMP280_REG_STATUS, &status, 1))
      |             ~~~~~~~~~^~~~~~~~~~~~~~~~~~~~~~~~~~~~~~~~~~~~
../Core/Src/bmp280.cpp: At global scope:
../Core/Src/bmp280.cpp:208:23: error: no declaration matches 'int32_t BMP280::compensate_temperature(BMP280_HandleTypedef*, int32_t, int32_t*)'
  208 | static inline int32_t BMP280::compensate_temperature(BMP280_HandleTypedef *dev, int32_t adc_temp,
      |                       ^~~~~~
../Core/Src/bmp280.cpp:208:23: note: no functions named 'int32_t BMP280::compensate_temperature(BMP280_HandleTypedef*, int32_t, int32_t*)'
In file included from ../Core/Src/bmp280.cpp:5:
../Core/Inc/bmp280.hpp:16:7: note: 'class BMP280' defined here
   16 | class BMP280 {
      |       ^~~~~~
../Core/Src/bmp280.cpp:227:15: error: 'uint32_BMP280' does not name a type
  227 | static inline uint32_BMP280::t compensate_pressure(BMP280_HandleTypedef *dev, int32_t adc_press,
      |               ^~~~~~~~~~~~~
../Core/Src/bmp280.cpp:257:24: error: no declaration matches 'uint32_t BMP280::compensate_humidity(BMP280_HandleTypedef*, int32_t, int32_t)'
  257 | static inline uint32_t BMP280::compensate_humidity(BMP280_HandleTypedef *dev, int32_t adc_hum,
      |                        ^~~~~~
../Core/Src/bmp280.cpp:257:24: note: no functions named 'uint32_t BMP280::compensate_humidity(BMP280_HandleTypedef*, int32_t, int32_t)'
../Core/Inc/bmp280.hpp:16:7: note: 'class BMP280' defined here
   16 | class BMP280 {
      |       ^~~~~~
../Core/Src/bmp280.cpp: In member function 'bool BMP280::bmp280_read_fixed(BMP280_HandleTypedef*, int32_t*, uint32_t*, uint32_t*)':
../Core/Src/bmp280.cpp:291:22: error: 'read_data' cannot be used as a function
  291 |         if (read_data(dev, 0xf7, data, size)) {
      |             ~~~~~~~~~^~~~~~~~~~~~~~~~~~~~~~~
../Core/Src/bmp280.cpp:299:24: error: 'compensate_temperature' was not declared in this scope
  299 |         *temperature = compensate_temperature(dev, adc_temp, &fine_temp);
      |                        ^~~~~~~~~~~~~~~~~~~~~~
../Core/Src/bmp280.cpp:300:21: error: 'compensate_pressure' was not declared in this scope
  300 |         *pressure = compensate_pressure(dev, adc_pressure, fine_temp);
      |                     ^~~~~~~~~~~~~~~~~~~
../Core/Src/bmp280.cpp:304:29: error: 'compensate_humidity' was not declared in this scope
  304 |                 *humidity = compensate_humidity(dev, adc_humidity, fine_temp);
      |                             ^~~~~~~~~~~~~~~~~~~
make: *** [Core/Src/subdir.mk:56: Core/Src/bmp280.o] Error 1
"make -j8 all" terminated with exit code 2. Build might be incomplete.
09:49:19 **** Incremental Build of configuration Debug for project FrogClamp ****
make -j8 all 
arm-none-eabi-g++ "../Core/Src/EventLoop.cpp" -mcpu=cortex-m4 -std=gnu++14 -g3 -DDEBUG -DUSE_HAL_DRIVER -DSTM32F411xE -c -I../Core/Inc -I../Drivers/STM32F4xx_HAL_Driver/Inc -I../Drivers/STM32F4xx_HAL_Driver/Inc/Legacy -I../Drivers/CMSIS/Device/ST/STM32F4xx/Include -I../Drivers/CMSIS/Include -O0 -ffunction-sections -fdata-sections -fno-exceptions -fno-rtti -fno-use-cxa-atexit -Wall -fstack-usage -fcyclomatic-complexity -MMD -MP -MF"Core/Src/EventLoop.d" -MT"Core/Src/EventLoop.o" --specs=nano.specs -mfpu=fpv4-sp-d16 -mfloat-abi=hard -mthumb -o "Core/Src/EventLoop.o"
arm-none-eabi-g++ "../Core/Src/bmp280.cpp" -mcpu=cortex-m4 -std=gnu++14 -g3 -DDEBUG -DUSE_HAL_DRIVER -DSTM32F411xE -c -I../Core/Inc -I../Drivers/STM32F4xx_HAL_Driver/Inc -I../Drivers/STM32F4xx_HAL_Driver/Inc/Legacy -I../Drivers/CMSIS/Device/ST/STM32F4xx/Include -I../Drivers/CMSIS/Include -O0 -ffunction-sections -fdata-sections -fno-exceptions -fno-rtti -fno-use-cxa-atexit -Wall -fstack-usage -fcyclomatic-complexity -MMD -MP -MF"Core/Src/bmp280.d" -MT"Core/Src/bmp280.o" --specs=nano.specs -mfpu=fpv4-sp-d16 -mfloat-abi=hard -mthumb -o "Core/Src/bmp280.o"
../Core/Src/bmp280.cpp:54:8: warning: inline variables are only available with '-std=c++17' or '-std=gnu++17' [-Wc++17-extensions]
   54 | static inline int read_data(BMP280_HandleTypedef *dev, uint8_t addr, uint8_t *value,
      |        ^~~~~~
../Core/Src/bmp280.cpp:54:29: error: 'BMP280_HandleTypedef' was not declared in this scope; did you mean 'SPI_HandleTypeDef'?
   54 | static inline int read_data(BMP280_HandleTypedef *dev, uint8_t addr, uint8_t *value,
      |                             ^~~~~~~~~~~~~~~~~~~~
      |                             SPI_HandleTypeDef
../Core/Src/bmp280.cpp:54:51: error: 'dev' was not declared in this scope
   54 | static inline int read_data(BMP280_HandleTypedef *dev, uint8_t addr, uint8_t *value,
      |                                                   ^~~
../Core/Src/bmp280.cpp:54:64: error: expected primary-expression before 'addr'
   54 | static inline int read_data(BMP280_HandleTypedef *dev, uint8_t addr, uint8_t *value,
      |                                                                ^~~~
../Core/Src/bmp280.cpp:54:78: error: expected primary-expression before '*' token
   54 | static inline int read_data(BMP280_HandleTypedef *dev, uint8_t addr, uint8_t *value,
      |                                                                              ^
../Core/Src/bmp280.cpp:54:79: error: 'value' was not declared in this scope
   54 | static inline int read_data(BMP280_HandleTypedef *dev, uint8_t addr, uint8_t *value,
      |                                                                               ^~~~~
../Core/Src/bmp280.cpp:55:25: error: expected primary-expression before 'len'
   55 |                 uint8_t len) {
      |                         ^~~
../Core/Src/bmp280.cpp:55:28: error: expression list treated as compound expression in initializer [-fpermissive]
   55 |                 uint8_t len) {
      |                            ^
../Core/Src/bmp280.cpp:65:35: error: 'BMP280_HandleTypedef' was not declared in this scope; did you mean 'SPI_HandleTypeDef'?
   65 | static bool read_calibration_data(BMP280_HandleTypedef *dev) {
      |                                   ^~~~~~~~~~~~~~~~~~~~
      |                                   SPI_HandleTypeDef
../Core/Src/bmp280.cpp:65:57: error: 'dev' was not declared in this scope
   65 | static bool read_calibration_data(BMP280_HandleTypedef *dev) {
      |                                                         ^~~
../Core/Src/EventLoop.cpp:8:1: error: 'BMP280_HandleTypedef' does not name a type; did you mean 'SPI_HandleTypeDef'?
    8 | BMP280_HandleTypedef bmp280;
      | ^~~~~~~~~~~~~~~~~~~~
      | SPI_HandleTypeDef
../Core/Src/EventLoop.cpp: In function 'void EventLoopCpp()':
../Core/Src/EventLoop.cpp:82:9: error: 'bmp280' has not been declared
   82 |         bmp280::bmp280_init_default_params(&bmp280.params);
      |         ^~~~~~
../Core/Src/EventLoop.cpp:82:45: error: 'bmp280' was not declared in this scope; did you mean 'BMP280'?
   82 |         bmp280::bmp280_init_default_params(&bmp280.params);
      |                                             ^~~~~~
      |                                             BMP280
../Core/Src/EventLoop.cpp:87:17: error: 'bmp280_init' was not declared in this scope
   87 |         while (!bmp280_init(&bmp280, &bmp280.params)) {
      |                 ^~~~~~~~~~~
../Core/Src/bmp280.cpp:87:39: error: 'BMP280_HandleTypedef' was not declared in this scope; did you mean 'SPI_HandleTypeDef'?
   87 | static bool read_hum_calibration_data(BMP280_HandleTypedef *dev) {
      |                                       ^~~~~~~~~~~~~~~~~~~~
      |                                       SPI_HandleTypeDef
../Core/Src/bmp280.cpp:87:61: error: 'dev' was not declared in this scope
   87 | static bool read_hum_calibration_data(BMP280_HandleTypedef *dev) {
      |                                                             ^~~
../Core/Src/EventLoop.cpp:108:26: error: 'bmp280_read_float' was not declared in this scope
  108 |                     if (!bmp280_read_float(&bmp280, &temperature, &pressure, &humidity)) {
      |                          ^~~~~~~~~~~~~~~~~
../Core/Src/EventLoop.cpp:92:14: warning: unused variable 'bme280p' [-Wunused-variable]
   92 |         bool bme280p = bmp280.id == BME280_CHIP_ID;
      |              ^~~~~~~
../Core/Src/bmp280.cpp:105:28: error: 'BMP280_HandleTypedef' was not declared in this scope; did you mean 'SPI_HandleTypeDef'?
  105 | static int write_register8(BMP280_HandleTypedef *dev, uint8_t addr, uint8_t value) {
      |                            ^~~~~~~~~~~~~~~~~~~~
      |                            SPI_HandleTypeDef
../Core/Src/bmp280.cpp:105:50: error: 'dev' was not declared in this scope
  105 | static int write_register8(BMP280_HandleTypedef *dev, uint8_t addr, uint8_t value) {
      |                                                  ^~~
../Core/Src/bmp280.cpp:105:63: error: expected primary-expression before 'addr'
  105 | static int write_register8(BMP280_HandleTypedef *dev, uint8_t addr, uint8_t value) {
      |                                                               ^~~~
../Core/Src/bmp280.cpp:105:77: error: expected primary-expression before 'value'
  105 | static int write_register8(BMP280_HandleTypedef *dev, uint8_t addr, uint8_t value) {
      |                                                                             ^~~~~
../Core/Src/bmp280.cpp:105:82: error: expression list treated as compound expression in initializer [-fpermissive]
  105 | static int write_register8(BMP280_HandleTypedef *dev, uint8_t addr, uint8_t value) {
      |                                                                                  ^
../Core/Src/bmp280.cpp: In member function 'bool BMP280::bmp280_init(BMP280_HandleTypedef*, bmp280_params_t*)':
../Core/Src/bmp280.cpp:124:22: error: 'read_data' cannot be used as a function
  124 |         if (read_data(dev, BMP280_REG_ID, &dev->id, 1)) {
      |             ~~~~~~~~~^~~~~~~~~~~~~~~~~~~~~~~~~~~~~~~~~
../Core/Src/bmp280.cpp:134:28: error: 'write_register8' cannot be used as a function
  134 |         if (write_register8(dev, BMP280_REG_RESET, BMP280_RESET_VALUE)) {
      |             ~~~~~~~~~~~~~~~^~~~~~~~~~~~~~~~~~~~~~~~~~~~~~~~~~~~~~~~~~~
../Core/Src/bmp280.cpp:141:31: error: 'read_data' cannot be used as a function
  141 |                 if (!read_data(dev, BMP280_REG_STATUS, &status, 1)
      |                      ~~~~~~~~~^~~~~~~~~~~~~~~~~~~~~~~~~~~~~~~~~~~~
../Core/Src/bmp280.cpp:146:35: error: 'read_calibration_data' cannot be used as a function
  146 |         if (!read_calibration_data(dev)) {
      |              ~~~~~~~~~~~~~~~~~~~~~^~~~~
../Core/Src/bmp280.cpp:150:68: error: 'read_hum_calibration_data' cannot be used as a function
[...]
 
10:42:00 **** Incremental Build of configuration Debug for project tmirq ****
make -j8 all 
arm-none-eabi-size  tmirq.elf 
   text	   data	    bss	    dec	    hex	filename
  11940	     16	   1816	  13772	   35cc	tmirq.elf
Finished building: default.size.stdout
 
10:42:43 **** Incremental Build of configuration Debug for project FrogClamp ****
make -j8 all 
arm-none-eabi-size  FrogClamp.elf 
   text	   data	    bss	    dec	    hex	filename
  18324	     96	   2200	  20620	   508c	FrogClamp.elf
Finished building: default.size.stdout
 
09:26:52 **** Build of configuration Debug for project FrogClamp ****
make -j16 all 
arm-none-eabi-gcc "../Drivers/STM32F4xx_HAL_Driver/Src/stm32f4xx_hal.c" -mcpu=cortex-m4 -std=gnu11 -g3 -DDEBUG -DUSE_HAL_DRIVER -DSTM32F411xE -c -I../Core/Inc -I../Drivers/STM32F4xx_HAL_Driver/Inc -I../Drivers/STM32F4xx_HAL_Driver/Inc/Legacy -I../Drivers/CMSIS/Device/ST/STM32F4xx/Include -I../Drivers/CMSIS/Include -O0 -ffunction-sections -fdata-sections -Wall -fstack-usage -fcyclomatic-complexity -MMD -MP -MF"Drivers/STM32F4xx_HAL_Driver/Src/stm32f4xx_hal.d" -MT"Drivers/STM32F4xx_HAL_Driver/Src/stm32f4xx_hal.o" --specs=nano.specs -mfpu=fpv4-sp-d16 -mfloat-abi=hard -mthumb -o "Drivers/STM32F4xx_HAL_Driver/Src/stm32f4xx_hal.o"
arm-none-eabi-gcc "../Drivers/STM32F4xx_HAL_Driver/Src/stm32f4xx_hal_cortex.c" -mcpu=cortex-m4 -std=gnu11 -g3 -DDEBUG -DUSE_HAL_DRIVER -DSTM32F411xE -c -I../Core/Inc -I../Drivers/STM32F4xx_HAL_Driver/Inc -I../Drivers/STM32F4xx_HAL_Driver/Inc/Legacy -I../Drivers/CMSIS/Device/ST/STM32F4xx/Include -I../Drivers/CMSIS/Include -O0 -ffunction-sections -fdata-sections -Wall -fstack-usage -fcyclomatic-complexity -MMD -MP -MF"Drivers/STM32F4xx_HAL_Driver/Src/stm32f4xx_hal_cortex.d" -MT"Drivers/STM32F4xx_HAL_Driver/Src/stm32f4xx_hal_cortex.o" --specs=nano.specs -mfpu=fpv4-sp-d16 -mfloat-abi=hard -mthumb -o "Drivers/STM32F4xx_HAL_Driver/Src/stm32f4xx_hal_cortex.o"
arm-none-eabi-gcc "../Drivers/STM32F4xx_HAL_Driver/Src/stm32f4xx_hal_dma.c" -mcpu=cortex-m4 -std=gnu11 -g3 -DDEBUG -DUSE_HAL_DRIVER -DSTM32F411xE -c -I../Core/Inc -I../Drivers/STM32F4xx_HAL_Driver/Inc -I../Drivers/STM32F4xx_HAL_Driver/Inc/Legacy -I../Drivers/CMSIS/Device/ST/STM32F4xx/Include -I../Drivers/CMSIS/Include -O0 -ffunction-sections -fdata-sections -Wall -fstack-usage -fcyclomatic-complexity -MMD -MP -MF"Drivers/STM32F4xx_HAL_Driver/Src/stm32f4xx_hal_dma.d" -MT"Drivers/STM32F4xx_HAL_Driver/Src/stm32f4xx_hal_dma.o" --specs=nano.specs -mfpu=fpv4-sp-d16 -mfloat-abi=hard -mthumb -o "Drivers/STM32F4xx_HAL_Driver/Src/stm32f4xx_hal_dma.o"
arm-none-eabi-gcc "../Drivers/STM32F4xx_HAL_Driver/Src/stm32f4xx_hal_dma_ex.c" -mcpu=cortex-m4 -std=gnu11 -g3 -DDEBUG -DUSE_HAL_DRIVER -DSTM32F411xE -c -I../Core/Inc -I../Drivers/STM32F4xx_HAL_Driver/Inc -I../Drivers/STM32F4xx_HAL_Driver/Inc/Legacy -I../Drivers/CMSIS/Device/ST/STM32F4xx/Include -I../Drivers/CMSIS/Include -O0 -ffunction-sections -fdata-sections -Wall -fstack-usage -fcyclomatic-complexity -MMD -MP -MF"Drivers/STM32F4xx_HAL_Driver/Src/stm32f4xx_hal_dma_ex.d" -MT"Drivers/STM32F4xx_HAL_Driver/Src/stm32f4xx_hal_dma_ex.o" --specs=nano.specs -mfpu=fpv4-sp-d16 -mfloat-abi=hard -mthumb -o "Drivers/STM32F4xx_HAL_Driver/Src/stm32f4xx_hal_dma_ex.o"
arm-none-eabi-gcc "../Drivers/STM32F4xx_HAL_Driver/Src/stm32f4xx_hal_exti.c" -mcpu=cortex-m4 -std=gnu11 -g3 -DDEBUG -DUSE_HAL_DRIVER -DSTM32F411xE -c -I../Core/Inc -I../Drivers/STM32F4xx_HAL_Driver/Inc -I../Drivers/STM32F4xx_HAL_Driver/Inc/Legacy -I../Drivers/CMSIS/Device/ST/STM32F4xx/Include -I../Drivers/CMSIS/Include -O0 -ffunction-sections -fdata-sections -Wall -fstack-usage -fcyclomatic-complexity -MMD -MP -MF"Drivers/STM32F4xx_HAL_Driver/Src/stm32f4xx_hal_exti.d" -MT"Drivers/STM32F4xx_HAL_Driver/Src/stm32f4xx_hal_exti.o" --specs=nano.specs -mfpu=fpv4-sp-d16 -mfloat-abi=hard -mthumb -o "Drivers/STM32F4xx_HAL_Driver/Src/stm32f4xx_hal_exti.o"
arm-none-eabi-gcc "../Drivers/STM32F4xx_HAL_Driver/Src/stm32f4xx_hal_flash.c" -mcpu=cortex-m4 -std=gnu11 -g3 -DDEBUG -DUSE_HAL_DRIVER -DSTM32F411xE -c -I../Core/Inc -I../Drivers/STM32F4xx_HAL_Driver/Inc -I../Drivers/STM32F4xx_HAL_Driver/Inc/Legacy -I../Drivers/CMSIS/Device/ST/STM32F4xx/Include -I../Drivers/CMSIS/Include -O0 -ffunction-sections -fdata-sections -Wall -fstack-usage -fcyclomatic-complexity -MMD -MP -MF"Drivers/STM32F4xx_HAL_Driver/Src/stm32f4xx_hal_flash.d" -MT"Drivers/STM32F4xx_HAL_Driver/Src/stm32f4xx_hal_flash.o" --specs=nano.specs -mfpu=fpv4-sp-d16 -mfloat-abi=hard -mthumb -o "Drivers/STM32F4xx_HAL_Driver/Src/stm32f4xx_hal_flash.o"
arm-none-eabi-gcc "../Drivers/STM32F4xx_HAL_Driver/Src/stm32f4xx_hal_flash_ex.c" -mcpu=cortex-m4 -std=gnu11 -g3 -DDEBUG -DUSE_HAL_DRIVER -DSTM32F411xE -c -I../Core/Inc -I../Drivers/STM32F4xx_HAL_Driver/Inc -I../Drivers/STM32F4xx_HAL_Driver/Inc/Legacy -I../Drivers/CMSIS/Device/ST/STM32F4xx/Include -I../Drivers/CMSIS/Include -O0 -ffunction-sections -fdata-sections -Wall -fstack-usage -fcyclomatic-complexity -MMD -MP -MF"Drivers/STM32F4xx_HAL_Driver/Src/stm32f4xx_hal_flash_ex.d" -MT"Drivers/STM32F4xx_HAL_Driver/Src/stm32f4xx_hal_flash_ex.o" --specs=nano.specs -mfpu=fpv4-sp-d16 -mfloat-abi=hard -mthumb -o "Drivers/STM32F4xx_HAL_Driver/Src/stm32f4xx_hal_flash_ex.o"
arm-none-eabi-gcc "../Drivers/STM32F4xx_HAL_Driver/Src/stm32f4xx_hal_flash_ramfunc.c" -mcpu=cortex-m4 -std=gnu11 -g3 -DDEBUG -DUSE_HAL_DRIVER -DSTM32F411xE -c -I../Core/Inc -I../Drivers/STM32F4xx_HAL_Driver/Inc -I../Drivers/STM32F4xx_HAL_Driver/Inc/Legacy -I../Drivers/CMSIS/Device/ST/STM32F4xx/Include -I../Drivers/CMSIS/Include -O0 -ffunction-sections -fdata-sections -Wall -fstack-usage -fcyclomatic-complexity -MMD -MP -MF"Drivers/STM32F4xx_HAL_Driver/Src/stm32f4xx_hal_flash_ramfunc.d" -MT"Drivers/STM32F4xx_HAL_Driver/Src/stm32f4xx_hal_flash_ramfunc.o" --specs=nano.specs -mfpu=fpv4-sp-d16 -mfloat-abi=hard -mthumb -o "Drivers/STM32F4xx_HAL_Driver/Src/stm32f4xx_hal_flash_ramfunc.o"
arm-none-eabi-gcc "../Drivers/STM32F4xx_HAL_Driver/Src/stm32f4xx_hal_gpio.c" -mcpu=cortex-m4 -std=gnu11 -g3 -DDEBUG -DUSE_HAL_DRIVER -DSTM32F411xE -c -I../Core/Inc -I../Drivers/STM32F4xx_HAL_Driver/Inc -I../Drivers/STM32F4xx_HAL_Driver/Inc/Legacy -I../Drivers/CMSIS/Device/ST/STM32F4xx/Include -I../Drivers/CMSIS/Include -O0 -ffunction-sections -fdata-sections -Wall -fstack-usage -fcyclomatic-complexity -MMD -MP -MF"Drivers/STM32F4xx_HAL_Driver/Src/stm32f4xx_hal_gpio.d" -MT"Drivers/STM32F4xx_HAL_Driver/Src/stm32f4xx_hal_gpio.o" --specs=nano.specs -mfpu=fpv4-sp-d16 -mfloat-abi=hard -mthumb -o "Drivers/STM32F4xx_HAL_Driver/Src/stm32f4xx_hal_gpio.o"
arm-none-eabi-gcc "../Drivers/STM32F4xx_HAL_Driver/Src/stm32f4xx_hal_i2c.c" -mcpu=cortex-m4 -std=gnu11 -g3 -DDEBUG -DUSE_HAL_DRIVER -DSTM32F411xE -c -I../Core/Inc -I../Drivers/STM32F4xx_HAL_Driver/Inc -I../Drivers/STM32F4xx_HAL_Driver/Inc/Legacy -I../Drivers/CMSIS/Device/ST/STM32F4xx/Include -I../Drivers/CMSIS/Include -O0 -ffunction-sections -fdata-sections -Wall -fstack-usage -fcyclomatic-complexity -MMD -MP -MF"Drivers/STM32F4xx_HAL_Driver/Src/stm32f4xx_hal_i2c.d" -MT"Drivers/STM32F4xx_HAL_Driver/Src/stm32f4xx_hal_i2c.o" --specs=nano.specs -mfpu=fpv4-sp-d16 -mfloat-abi=hard -mthumb -o "Drivers/STM32F4xx_HAL_Driver/Src/stm32f4xx_hal_i2c.o"
arm-none-eabi-gcc "../Drivers/STM32F4xx_HAL_Driver/Src/stm32f4xx_hal_i2c_ex.c" -mcpu=cortex-m4 -std=gnu11 -g3 -DDEBUG -DUSE_HAL_DRIVER -DSTM32F411xE -c -I../Core/Inc -I../Drivers/STM32F4xx_HAL_Driver/Inc -I../Drivers/STM32F4xx_HAL_Driver/Inc/Legacy -I../Drivers/CMSIS/Device/ST/STM32F4xx/Include -I../Drivers/CMSIS/Include -O0 -ffunction-sections -fdata-sections -Wall -fstack-usage -fcyclomatic-complexity -MMD -MP -MF"Drivers/STM32F4xx_HAL_Driver/Src/stm32f4xx_hal_i2c_ex.d" -MT"Drivers/STM32F4xx_HAL_Driver/Src/stm32f4xx_hal_i2c_ex.o" --specs=nano.specs -mfpu=fpv4-sp-d16 -mfloat-abi=hard -mthumb -o "Drivers/STM32F4xx_HAL_Driver/Src/stm32f4xx_hal_i2c_ex.o"
arm-none-eabi-gcc "../Drivers/STM32F4xx_HAL_Driver/Src/stm32f4xx_hal_pwr.c" -mcpu=cortex-m4 -std=gnu11 -g3 -DDEBUG -DUSE_HAL_DRIVER -DSTM32F411xE -c -I../Core/Inc -I../Drivers/STM32F4xx_HAL_Driver/Inc -I../Drivers/STM32F4xx_HAL_Driver/Inc/Legacy -I../Drivers/CMSIS/Device/ST/STM32F4xx/Include -I../Drivers/CMSIS/Include -O0 -ffunction-sections -fdata-sections -Wall -fstack-usage -fcyclomatic-complexity -MMD -MP -MF"Drivers/STM32F4xx_HAL_Driver/Src/stm32f4xx_hal_pwr.d" -MT"Drivers/STM32F4xx_HAL_Driver/Src/stm32f4xx_hal_pwr.o" --specs=nano.specs -mfpu=fpv4-sp-d16 -mfloat-abi=hard -mthumb -o "Drivers/STM32F4xx_HAL_Driver/Src/stm32f4xx_hal_pwr.o"
arm-none-eabi-gcc "../Drivers/STM32F4xx_HAL_Driver/Src/stm32f4xx_hal_pwr_ex.c" -mcpu=cortex-m4 -std=gnu11 -g3 -DDEBUG -DUSE_HAL_DRIVER -DSTM32F411xE -c -I../Core/Inc -I../Drivers/STM32F4xx_HAL_Driver/Inc -I../Drivers/STM32F4xx_HAL_Driver/Inc/Legacy -I../Drivers/CMSIS/Device/ST/STM32F4xx/Include -I../Drivers/CMSIS/Include -O0 -ffunction-sections -fdata-sections -Wall -fstack-usage -fcyclomatic-complexity -MMD -MP -MF"Drivers/STM32F4xx_HAL_Driver/Src/stm32f4xx_hal_pwr_ex.d" -MT"Drivers/STM32F4xx_HAL_Driver/Src/stm32f4xx_hal_pwr_ex.o" --specs=nano.specs -mfpu=fpv4-sp-d16 -mfloat-abi=hard -mthumb -o "Drivers/STM32F4xx_HAL_Driver/Src/stm32f4xx_hal_pwr_ex.o"
arm-none-eabi-gcc "../Drivers/STM32F4xx_HAL_Driver/Src/stm32f4xx_hal_rcc.c" -mcpu=cortex-m4 -std=gnu11 -g3 -DDEBUG -DUSE_HAL_DRIVER -DSTM32F411xE -c -I../Core/Inc -I../Drivers/STM32F4xx_HAL_Driver/Inc -I../Drivers/STM32F4xx_HAL_Driver/Inc/Legacy -I../Drivers/CMSIS/Device/ST/STM32F4xx/Include -I../Drivers/CMSIS/Include -O0 -ffunction-sections -fdata-sections -Wall -fstack-usage -fcyclomatic-complexity -MMD -MP -MF"Drivers/STM32F4xx_HAL_Driver/Src/stm32f4xx_hal_rcc.d" -MT"Drivers/STM32F4xx_HAL_Driver/Src/stm32f4xx_hal_rcc.o" --specs=nano.specs -mfpu=fpv4-sp-d16 -mfloat-abi=hard -mthumb -o "Drivers/STM32F4xx_HAL_Driver/Src/stm32f4xx_hal_rcc.o"
arm-none-eabi-gcc "../Drivers/STM32F4xx_HAL_Driver/Src/stm32f4xx_hal_rcc_ex.c" -mcpu=cortex-m4 -std=gnu11 -g3 -DDEBUG -DUSE_HAL_DRIVER -DSTM32F411xE -c -I../Core/Inc -I../Drivers/STM32F4xx_HAL_Driver/Inc -I../Drivers/STM32F4xx_HAL_Driver/Inc/Legacy -I../Drivers/CMSIS/Device/ST/STM32F4xx/Include -I../Drivers/CMSIS/Include -O0 -ffunction-sections -fdata-sections -Wall -fstack-usage -fcyclomatic-complexity -MMD -MP -MF"Drivers/STM32F4xx_HAL_Driver/Src/stm32f4xx_hal_rcc_ex.d" -MT"Drivers/STM32F4xx_HAL_Driver/Src/stm32f4xx_hal_rcc_ex.o" --specs=nano.specs -mfpu=fpv4-sp-d16 -mfloat-abi=hard -mthumb -o "Drivers/STM32F4xx_HAL_Driver/Src/stm32f4xx_hal_rcc_ex.o"
arm-none-eabi-gcc "../Drivers/STM32F4xx_HAL_Driver/Src/stm32f4xx_hal_spi.c" -mcpu=cortex-m4 -std=gnu11 -g3 -DDEBUG -DUSE_HAL_DRIVER -DSTM32F411xE -c -I../Core/Inc -I../Drivers/STM32F4xx_HAL_Driver/Inc -I../Drivers/STM32F4xx_HAL_Driver/Inc/Legacy -I../Drivers/CMSIS/Device/ST/STM32F4xx/Include -I../Drivers/CMSIS/Include -O0 -ffunction-sections -fdata-sections -Wall -fstack-usage -fcyclomatic-complexity -MMD -MP -MF"Drivers/STM32F4xx_HAL_Driver/Src/stm32f4xx_hal_spi.d" -MT"Drivers/STM32F4xx_HAL_Driver/Src/stm32f4xx_hal_spi.o" --specs=nano.specs -mfpu=fpv4-sp-d16 -mfloat-abi=hard -mthumb -o "Drivers/STM32F4xx_HAL_Driver/Src/stm32f4xx_hal_spi.o"
arm-none-eabi-gcc "../Drivers/STM32F4xx_HAL_Driver/Src/stm32f4xx_hal_tim.c" -mcpu=cortex-m4 -std=gnu11 -g3 -DDEBUG -DUSE_HAL_DRIVER -DSTM32F411xE -c -I../Core/Inc -I../Drivers/STM32F4xx_HAL_Driver/Inc -I../Drivers/STM32F4xx_HAL_Driver/Inc/Legacy -I../Drivers/CMSIS/Device/ST/STM32F4xx/Include -I../Drivers/CMSIS/Include -O0 -ffunction-sections -fdata-sections -Wall -fstack-usage -fcyclomatic-complexity -MMD -MP -MF"Drivers/STM32F4xx_HAL_Driver/Src/stm32f4xx_hal_tim.d" -MT"Drivers/STM32F4xx_HAL_Driver/Src/stm32f4xx_hal_tim.o" --specs=nano.specs -mfpu=fpv4-sp-d16 -mfloat-abi=hard -mthumb -o "Drivers/STM32F4xx_HAL_Driver/Src/stm32f4xx_hal_tim.o"
arm-none-eabi-gcc "../Drivers/STM32F4xx_HAL_Driver/Src/stm32f4xx_hal_tim_ex.c" -mcpu=cortex-m4 -std=gnu11 -g3 -DDEBUG -DUSE_HAL_DRIVER -DSTM32F411xE -c -I../Core/Inc -I../Drivers/STM32F4xx_HAL_Driver/Inc -I../Drivers/STM32F4xx_HAL_Driver/Inc/Legacy -I../Drivers/CMSIS/Device/ST/STM32F4xx/Include -I../Drivers/CMSIS/Include -O0 -ffunction-sections -fdata-sections -Wall -fstack-usage -fcyclomatic-complexity -MMD -MP -MF"Drivers/STM32F4xx_HAL_Driver/Src/stm32f4xx_hal_tim_ex.d" -MT"Drivers/STM32F4xx_HAL_Driver/Src/stm32f4xx_hal_tim_ex.o" --specs=nano.specs -mfpu=fpv4-sp-d16 -mfloat-abi=hard -mthumb -o "Drivers/STM32F4xx_HAL_Driver/Src/stm32f4xx_hal_tim_ex.o"
arm-none-eabi-gcc -mcpu=cortex-m4 -g3 -DDEBUG -c -x assembler-with-cpp -MMD -MP -MF"Core/Startup/startup_stm32f411ceux.d" -MT"Core/Startup/startup_stm32f411ceux.o" --specs=nano.specs -mfpu=fpv4-sp-d16 -mfloat-abi=hard -mthumb -o "Core/Startup/startup_stm32f411ceux.o" "../Core/Startup/startup_stm32f411ceux.s"
arm-none-eabi-g++ "../Core/Src/EventLoop.cpp" -mcpu=cortex-m4 -std=gnu++14 -g3 -DDEBUG -DUSE_HAL_DRIVER -DSTM32F411xE -c -I../Core/Inc -I../Drivers/STM32F4xx_HAL_Driver/Inc -I../Drivers/STM32F4xx_HAL_Driver/Inc/Legacy -I../Drivers/CMSIS/Device/ST/STM32F4xx/Include -I../Drivers/CMSIS/Include -O0 -ffunction-sections -fdata-sections -fno-exceptions -fno-rtti -fno-use-cxa-atexit -Wall -fstack-usage -fcyclomatic-complexity -MMD -MP -MF"Core/Src/EventLoop.d" -MT"Core/Src/EventLoop.o" --specs=nano.specs -mfpu=fpv4-sp-d16 -mfloat-abi=hard -mthumb -o "Core/Src/EventLoop.o"
arm-none-eabi-g++ "../Core/Src/NRF24L.cpp" -mcpu=cortex-m4 -std=gnu++14 -g3 -DDEBUG -DUSE_HAL_DRIVER -DSTM32F411xE -c -I../Core/Inc -I../Drivers/STM32F4xx_HAL_Driver/Inc -I../Drivers/STM32F4xx_HAL_Driver/Inc/Legacy -I../Drivers/CMSIS/Device/ST/STM32F4xx/Include -I../Drivers/CMSIS/Include -O0 -ffunction-sections -fdata-sections -fno-exceptions -fno-rtti -fno-use-cxa-atexit -Wall -fstack-usage -fcyclomatic-complexity -MMD -MP -MF"Core/Src/NRF24L.d" -MT"Core/Src/NRF24L.o" --specs=nano.specs -mfpu=fpv4-sp-d16 -mfloat-abi=hard -mthumb -o "Core/Src/NRF24L.o"
arm-none-eabi-g++ "../Core/Src/bmp280.cpp" -mcpu=cortex-m4 -std=gnu++14 -g3 -DDEBUG -DUSE_HAL_DRIVER -DSTM32F411xE -c -I../Core/Inc -I../Drivers/STM32F4xx_HAL_Driver/Inc -I../Drivers/STM32F4xx_HAL_Driver/Inc/Legacy -I../Drivers/CMSIS/Device/ST/STM32F4xx/Include -I../Drivers/CMSIS/Include -O0 -ffunction-sections -fdata-sections -fno-exceptions -fno-rtti -fno-use-cxa-atexit -Wall -fstack-usage -fcyclomatic-complexity -MMD -MP -MF"Core/Src/bmp280.d" -MT"Core/Src/bmp280.o" --specs=nano.specs -mfpu=fpv4-sp-d16 -mfloat-abi=hard -mthumb -o "Core/Src/bmp280.o"
arm-none-eabi-gcc "../Core/Src/gpio.c" -mcpu=cortex-m4 -std=gnu11 -g3 -DDEBUG -DUSE_HAL_DRIVER -DSTM32F411xE -c -I../Core/Inc -I../Drivers/STM32F4xx_HAL_Driver/Inc -I../Drivers/STM32F4xx_HAL_Driver/Inc/Legacy -I../Drivers/CMSIS/Device/ST/STM32F4xx/Include -I../Drivers/CMSIS/Include -O0 -ffunction-sections -fdata-sections -Wall -fstack-usage -fcyclomatic-complexity -MMD -MP -MF"Core/Src/gpio.d" -MT"Core/Src/gpio.o" --specs=nano.specs -mfpu=fpv4-sp-d16 -mfloat-abi=hard -mthumb -o "Core/Src/gpio.o"
arm-none-eabi-gcc "../Core/Src/i2c.c" -mcpu=cortex-m4 -std=gnu11 -g3 -DDEBUG -DUSE_HAL_DRIVER -DSTM32F411xE -c -I../Core/Inc -I../Drivers/STM32F4xx_HAL_Driver/Inc -I../Drivers/STM32F4xx_HAL_Driver/Inc/Legacy -I../Drivers/CMSIS/Device/ST/STM32F4xx/Include -I../Drivers/CMSIS/Include -O0 -ffunction-sections -fdata-sections -Wall -fstack-usage -fcyclomatic-complexity -MMD -MP -MF"Core/Src/i2c.d" -MT"Core/Src/i2c.o" --specs=nano.specs -mfpu=fpv4-sp-d16 -mfloat-abi=hard -mthumb -o "Core/Src/i2c.o"
arm-none-eabi-gcc "../Core/Src/main.c" -mcpu=cortex-m4 -std=gnu11 -g3 -DDEBUG -DUSE_HAL_DRIVER -DSTM32F411xE -c -I../Core/Inc -I../Drivers/STM32F4xx_HAL_Driver/Inc -I../Drivers/STM32F4xx_HAL_Driver/Inc/Legacy -I../Drivers/CMSIS/Device/ST/STM32F4xx/Include -I../Drivers/CMSIS/Include -O0 -ffunction-sections -fdata-sections -Wall -fstack-usage -fcyclomatic-complexity -MMD -MP -MF"Core/Src/main.d" -MT"Core/Src/main.o" --specs=nano.specs -mfpu=fpv4-sp-d16 -mfloat-abi=hard -mthumb -o "Core/Src/main.o"
arm-none-eabi-gcc "../Core/Src/spi.c" -mcpu=cortex-m4 -std=gnu11 -g3 -DDEBUG -DUSE_HAL_DRIVER -DSTM32F411xE -c -I../Core/Inc -I../Drivers/STM32F4xx_HAL_Driver/Inc -I../Drivers/STM32F4xx_HAL_Driver/Inc/Legacy -I../Drivers/CMSIS/Device/ST/STM32F4xx/Include -I../Drivers/CMSIS/Include -O0 -ffunction-sections -fdata-sections -Wall -fstack-usage -fcyclomatic-complexity -MMD -MP -MF"Core/Src/spi.d" -MT"Core/Src/spi.o" --specs=nano.specs -mfpu=fpv4-sp-d16 -mfloat-abi=hard -mthumb -o "Core/Src/spi.o"
arm-none-eabi-gcc "../Core/Src/stm32f4xx_hal_msp.c" -mcpu=cortex-m4 -std=gnu11 -g3 -DDEBUG -DUSE_HAL_DRIVER -DSTM32F411xE -c -I../Core/Inc -I../Drivers/STM32F4xx_HAL_Driver/Inc -I../Drivers/STM32F4xx_HAL_Driver/Inc/Legacy -I../Drivers/CMSIS/Device/ST/STM32F4xx/Include -I../Drivers/CMSIS/Include -O0 -ffunction-sections -fdata-sections -Wall -fstack-usage -fcyclomatic-complexity -MMD -MP -MF"Core/Src/stm32f4xx_hal_msp.d" -MT"Core/Src/stm32f4xx_hal_msp.o" --specs=nano.specs -mfpu=fpv4-sp-d16 -mfloat-abi=hard -mthumb -o "Core/Src/stm32f4xx_hal_msp.o"
arm-none-eabi-gcc "../Core/Src/stm32f4xx_it.c" -mcpu=cortex-m4 -std=gnu11 -g3 -DDEBUG -DUSE_HAL_DRIVER -DSTM32F411xE -c -I../Core/Inc -I../Drivers/STM32F4xx_HAL_Driver/Inc -I../Drivers/STM32F4xx_HAL_Driver/Inc/Legacy -I../Drivers/CMSIS/Device/ST/STM32F4xx/Include -I../Drivers/CMSIS/Include -O0 -ffunction-sections -fdata-sections -Wall -fstack-usage -fcyclomatic-complexity -MMD -MP -MF"Core/Src/stm32f4xx_it.d" -MT"Core/Src/stm32f4xx_it.o" --specs=nano.specs -mfpu=fpv4-sp-d16 -mfloat-abi=hard -mthumb -o "Core/Src/stm32f4xx_it.o"
arm-none-eabi-gcc "../Core/Src/syscalls.c" -mcpu=cortex-m4 -std=gnu11 -g3 -DDEBUG -DUSE_HAL_DRIVER -DSTM32F411xE -c -I../Core/Inc -I../Drivers/STM32F4xx_HAL_Driver/Inc -I../Drivers/STM32F4xx_HAL_Driver/Inc/Legacy -I../Drivers/CMSIS/Device/ST/STM32F4xx/Include -I../Drivers/CMSIS/Include -O0 -ffunction-sections -fdata-sections -Wall -fstack-usage -fcyclomatic-complexity -MMD -MP -MF"Core/Src/syscalls.d" -MT"Core/Src/syscalls.o" --specs=nano.specs -mfpu=fpv4-sp-d16 -mfloat-abi=hard -mthumb -o "Core/Src/syscalls.o"
arm-none-eabi-gcc "../Core/Src/sysmem.c" -mcpu=cortex-m4 -std=gnu11 -g3 -DDEBUG -DUSE_HAL_DRIVER -DSTM32F411xE -c -I../Core/Inc -I../Drivers/STM32F4xx_HAL_Driver/Inc -I../Drivers/STM32F4xx_HAL_Driver/Inc/Legacy -I../Drivers/CMSIS/Device/ST/STM32F4xx/Include -I../Drivers/CMSIS/Include -O0 -ffunction-sections -fdata-sections -Wall -fstack-usage -fcyclomatic-complexity -MMD -MP -MF"Core/Src/sysmem.d" -MT"Core/Src/sysmem.o" --specs=nano.specs -mfpu=fpv4-sp-d16 -mfloat-abi=hard -mthumb -o "Core/Src/sysmem.o"
arm-none-eabi-gcc "../Core/Src/system_stm32f4xx.c" -mcpu=cortex-m4 -std=gnu11 -g3 -DDEBUG -DUSE_HAL_DRIVER -DSTM32F411xE -c -I../Core/Inc -I../Drivers/STM32F4xx_HAL_Driver/Inc -I../Drivers/STM32F4xx_HAL_Driver/Inc/Legacy -I../Drivers/CMSIS/Device/ST/STM32F4xx/Include -I../Drivers/CMSIS/Include -O0 -ffunction-sections -fdata-sections -Wall -fstack-usage -fcyclomatic-complexity -MMD -MP -MF"Core/Src/system_stm32f4xx.d" -MT"Core/Src/system_stm32f4xx.o" --specs=nano.specs -mfpu=fpv4-sp-d16 -mfloat-abi=hard -mthumb -o "Core/Src/system_stm32f4xx.o"
../Core/Src/EventLoop.cpp: In function 'void EventLoopCpp()':
../Core/Src/EventLoop.cpp:94:14: warning: unused variable 'bme280p' [-Wunused-variable]
   94 |         bool bme280p = bmp280.id == BME280_CHIP_ID;
      |              ^~~~~~~
arm-none-eabi-g++ -o "FrogClamp.elf" @"objects.list"   -mcpu=cortex-m4 -T"F:\edev\Repos\eProjects\frogClamp\FrogClampStm\STM32F411CEUX_FLASH.ld" -Wl,-Map="FrogClamp.map" -Wl,--gc-sections -static --specs=nano.specs -mfpu=fpv4-sp-d16 -mfloat-abi=hard -mthumb -Wl,--start-group -lc -lm -lstdc++ -lsupc++ -Wl,--end-group
Finished building target: FrogClamp.elf
 
arm-none-eabi-size  FrogClamp.elf 
arm-none-eabi-objdump -h -S FrogClamp.elf  > "FrogClamp.list"
   text	   data	    bss	    dec	    hex	filename
  18324	     96	   2200	  20620	   508c	FrogClamp.elf
Finished building: default.size.stdout
 
Finished building: FrogClamp.list
 
