Archive member included to satisfy reference by file (symbol)

C:/ST/STM32CubeIDE_1.15.1/STM32CubeIDE/plugins/com.st.stm32cube.ide.mcu.externaltools.gnu-tools-for-stm32.12.3.rel1.win32_1.0.100.202403111256/tools/bin/../lib/gcc/arm-none-eabi/12.3.1/../../../../arm-none-eabi/lib/thumb/v7e-m+fp/hard\libstdc++_nano.a(del_ops.o)
                              ./Core/Src/NRF24L.o (operator delete(void*, unsigned int))
C:/ST/STM32CubeIDE_1.15.1/STM32CubeIDE/plugins/com.st.stm32cube.ide.mcu.externaltools.gnu-tools-for-stm32.12.3.rel1.win32_1.0.100.202403111256/tools/bin/../lib/gcc/arm-none-eabi/12.3.1/../../../../arm-none-eabi/lib/thumb/v7e-m+fp/hard\libstdc++_nano.a(del_op.o)
                              C:/ST/STM32CubeIDE_1.15.1/STM32CubeIDE/plugins/com.st.stm32cube.ide.mcu.externaltools.gnu-tools-for-stm32.12.3.rel1.win32_1.0.100.202403111256/tools/bin/../lib/gcc/arm-none-eabi/12.3.1/../../../../arm-none-eabi/lib/thumb/v7e-m+fp/hard\libstdc++_nano.a(del_ops.o) (operator delete(void*))
C:/ST/STM32CubeIDE_1.15.1/STM32CubeIDE/plugins/com.st.stm32cube.ide.mcu.externaltools.gnu-tools-for-stm32.12.3.rel1.win32_1.0.100.202403111256/tools/bin/../lib/gcc/arm-none-eabi/12.3.1/../../../../arm-none-eabi/lib/thumb/v7e-m+fp/hard\libc_nano.a(libc_a-exit.o)
                              C:/ST/STM32CubeIDE_1.15.1/STM32CubeIDE/plugins/com.st.stm32cube.ide.mcu.externaltools.gnu-tools-for-stm32.12.3.rel1.win32_1.0.100.202403111256/tools/bin/../lib/gcc/arm-none-eabi/12.3.1/../../../../arm-none-eabi/lib/thumb/v7e-m+fp/hard/crt0.o (exit)
C:/ST/STM32CubeIDE_1.15.1/STM32CubeIDE/plugins/com.st.stm32cube.ide.mcu.externaltools.gnu-tools-for-stm32.12.3.rel1.win32_1.0.100.202403111256/tools/bin/../lib/gcc/arm-none-eabi/12.3.1/../../../../arm-none-eabi/lib/thumb/v7e-m+fp/hard\libc_nano.a(libc_a-malloc.o)
                              C:/ST/STM32CubeIDE_1.15.1/STM32CubeIDE/plugins/com.st.stm32cube.ide.mcu.externaltools.gnu-tools-for-stm32.12.3.rel1.win32_1.0.100.202403111256/tools/bin/../lib/gcc/arm-none-eabi/12.3.1/../../../../arm-none-eabi/lib/thumb/v7e-m+fp/hard\libstdc++_nano.a(del_op.o) (free)
C:/ST/STM32CubeIDE_1.15.1/STM32CubeIDE/plugins/com.st.stm32cube.ide.mcu.externaltools.gnu-tools-for-stm32.12.3.rel1.win32_1.0.100.202403111256/tools/bin/../lib/gcc/arm-none-eabi/12.3.1/../../../../arm-none-eabi/lib/thumb/v7e-m+fp/hard\libc_nano.a(libc_a-mallocr.o)
                              C:/ST/STM32CubeIDE_1.15.1/STM32CubeIDE/plugins/com.st.stm32cube.ide.mcu.externaltools.gnu-tools-for-stm32.12.3.rel1.win32_1.0.100.202403111256/tools/bin/../lib/gcc/arm-none-eabi/12.3.1/../../../../arm-none-eabi/lib/thumb/v7e-m+fp/hard\libc_nano.a(libc_a-malloc.o) (_malloc_r)
C:/ST/STM32CubeIDE_1.15.1/STM32CubeIDE/plugins/com.st.stm32cube.ide.mcu.externaltools.gnu-tools-for-stm32.12.3.rel1.win32_1.0.100.202403111256/tools/bin/../lib/gcc/arm-none-eabi/12.3.1/../../../../arm-none-eabi/lib/thumb/v7e-m+fp/hard\libc_nano.a(libc_a-mlock.o)
                              C:/ST/STM32CubeIDE_1.15.1/STM32CubeIDE/plugins/com.st.stm32cube.ide.mcu.externaltools.gnu-tools-for-stm32.12.3.rel1.win32_1.0.100.202403111256/tools/bin/../lib/gcc/arm-none-eabi/12.3.1/../../../../arm-none-eabi/lib/thumb/v7e-m+fp/hard\libc_nano.a(libc_a-mallocr.o) (__malloc_lock)
C:/ST/STM32CubeIDE_1.15.1/STM32CubeIDE/plugins/com.st.stm32cube.ide.mcu.externaltools.gnu-tools-for-stm32.12.3.rel1.win32_1.0.100.202403111256/tools/bin/../lib/gcc/arm-none-eabi/12.3.1/../../../../arm-none-eabi/lib/thumb/v7e-m+fp/hard\libc_nano.a(libc_a-findfp.o)
                              C:/ST/STM32CubeIDE_1.15.1/STM32CubeIDE/plugins/com.st.stm32cube.ide.mcu.externaltools.gnu-tools-for-stm32.12.3.rel1.win32_1.0.100.202403111256/tools/bin/../lib/gcc/arm-none-eabi/12.3.1/../../../../arm-none-eabi/lib/thumb/v7e-m+fp/hard\libc_nano.a(libc_a-exit.o) (__stdio_exit_handler)
C:/ST/STM32CubeIDE_1.15.1/STM32CubeIDE/plugins/com.st.stm32cube.ide.mcu.externaltools.gnu-tools-for-stm32.12.3.rel1.win32_1.0.100.202403111256/tools/bin/../lib/gcc/arm-none-eabi/12.3.1/../../../../arm-none-eabi/lib/thumb/v7e-m+fp/hard\libc_nano.a(libc_a-fwalk.o)
                              C:/ST/STM32CubeIDE_1.15.1/STM32CubeIDE/plugins/com.st.stm32cube.ide.mcu.externaltools.gnu-tools-for-stm32.12.3.rel1.win32_1.0.100.202403111256/tools/bin/../lib/gcc/arm-none-eabi/12.3.1/../../../../arm-none-eabi/lib/thumb/v7e-m+fp/hard\libc_nano.a(libc_a-findfp.o) (_fwalk_sglue)
C:/ST/STM32CubeIDE_1.15.1/STM32CubeIDE/plugins/com.st.stm32cube.ide.mcu.externaltools.gnu-tools-for-stm32.12.3.rel1.win32_1.0.100.202403111256/tools/bin/../lib/gcc/arm-none-eabi/12.3.1/../../../../arm-none-eabi/lib/thumb/v7e-m+fp/hard\libc_nano.a(libc_a-stdio.o)
                              C:/ST/STM32CubeIDE_1.15.1/STM32CubeIDE/plugins/com.st.stm32cube.ide.mcu.externaltools.gnu-tools-for-stm32.12.3.rel1.win32_1.0.100.202403111256/tools/bin/../lib/gcc/arm-none-eabi/12.3.1/../../../../arm-none-eabi/lib/thumb/v7e-m+fp/hard\libc_nano.a(libc_a-findfp.o) (__sread)
[...]
Memory Configuration

Name             Origin             Length             Attributes
RAM              0x20000000         0x00020000         xrw
FLASH            0x08000000         0x00080000         xr
*default*        0x00000000         0xffffffff

Linker script and memory map

LOAD C:/ST/STM32CubeIDE_1.15.1/STM32CubeIDE/plugins/com.st.stm32cube.ide.mcu.externaltools.gnu-tools-for-stm32.12.3.rel1.win32_1.0.100.202403111256/tools/bin/../lib/gcc/arm-none-eabi/12.3.1/thumb/v7e-m+fp/hard/crti.o
LOAD C:/ST/STM32CubeIDE_1.15.1/STM32CubeIDE/plugins/com.st.stm32cube.ide.mcu.externaltools.gnu-tools-for-stm32.12.3.rel1.win32_1.0.100.202403111256/tools/bin/../lib/gcc/arm-none-eabi/12.3.1/thumb/v7e-m+fp/hard/crtbegin.o
LOAD C:/ST/STM32CubeIDE_1.15.1/STM32CubeIDE/plugins/com.st.stm32cube.ide.mcu.externaltools.gnu-tools-for-stm32.12.3.rel1.win32_1.0.100.202403111256/tools/bin/../lib/gcc/arm-none-eabi/12.3.1/../../../../arm-none-eabi/lib/thumb/v7e-m+fp/hard/crt0.o
LOAD ./Core/Src/EventLoop.o
LOAD ./Core/Src/NRF24L.o
LOAD ./Core/Src/adc.o
LOAD ./Core/Src/bmp280.o
LOAD ./Core/Src/gpio.o
LOAD ./Core/Src/i2c.o
LOAD ./Core/Src/main.o
LOAD ./Core/Src/spi.o
LOAD ./Core/Src/stm32f4xx_hal_msp.o
LOAD ./Core/Src/stm32f4xx_it.o
LOAD ./Core/Src/syscalls.o
LOAD ./Core/Src/sysmem.o
LOAD ./Core/Src/system_stm32f4xx.o
LOAD ./Core/Startup/startup_stm32f411ceux.o
LOAD ./Drivers/STM32F4xx_HAL_Driver/Src/stm32f4xx_hal.o
LOAD ./Drivers/STM32F4xx_HAL_Driver/Src/stm32f4xx_hal_adc.o
LOAD ./Drivers/STM32F4xx_HAL_Driver/Src/stm32f4xx_hal_adc_ex.o
LOAD ./Drivers/STM32F4xx_HAL_Driver/Src/stm32f4xx_hal_cortex.o
LOAD ./Drivers/STM32F4xx_HAL_Driver/Src/stm32f4xx_hal_dma.o
LOAD ./Drivers/STM32F4xx_HAL_Driver/Src/stm32f4xx_hal_dma_ex.o
LOAD ./Drivers/STM32F4xx_HAL_Driver/Src/stm32f4xx_hal_exti.o
LOAD ./Drivers/STM32F4xx_HAL_Driver/Src/stm32f4xx_hal_flash.o
LOAD ./Drivers/STM32F4xx_HAL_Driver/Src/stm32f4xx_hal_flash_ex.o
LOAD ./Drivers/STM32F4xx_HAL_Driver/Src/stm32f4xx_hal_flash_ramfunc.o
LOAD ./Drivers/STM32F4xx_HAL_Driver/Src/stm32f4xx_hal_gpio.o
LOAD ./Drivers/STM32F4xx_HAL_Driver/Src/stm32f4xx_hal_i2c.o
LOAD ./Drivers/STM32F4xx_HAL_Driver/Src/stm32f4xx_hal_i2c_ex.o
LOAD ./Drivers/STM32F4xx_HAL_Driver/Src/stm32f4xx_hal_pwr.o
LOAD ./Drivers/STM32F4xx_HAL_Driver/Src/stm32f4xx_hal_pwr_ex.o
LOAD ./Drivers/STM32F4xx_HAL_Driver/Src/stm32f4xx_hal_rcc.o
LOAD ./Drivers/STM32F4xx_HAL_Driver/Src/stm32f4xx_hal_rcc_ex.o
LOAD ./Drivers/STM32F4xx_HAL_Driver/Src/stm32f4xx_hal_spi.o
LOAD ./Drivers/STM32F4xx_HAL_Driver/Src/stm32f4xx_hal_tim.o
LOAD ./Drivers/STM32F4xx_HAL_Driver/Src/stm32f4xx_hal_tim_ex.o
LOAD ./Drivers/STM32F4xx_HAL_Driver/Src/stm32f4xx_ll_adc.o
START GROUP
LOAD C:/ST/STM32CubeIDE_1.15.1/STM32CubeIDE/plugins/com.st.stm32cube.ide.mcu.externaltools.gnu-tools-for-stm32.12.3.rel1.win32_1.0.100.202403111256/tools/bin/../lib/gcc/arm-none-eabi/12.3.1/../../../../arm-none-eabi/lib/thumb/v7e-m+fp/hard\libstdc++_nano.a
LOAD C:/ST/STM32CubeIDE_1.15.1/STM32CubeIDE/plugins/com.st.stm32cube.ide.mcu.externaltools.gnu-tools-for-stm32.12.3.rel1.win32_1.0.100.202403111256/tools/bin/../lib/gcc/arm-none-eabi/12.3.1/../../../../arm-none-eabi/lib/thumb/v7e-m+fp/hard\libsupc++_nano.a
END GROUP
LOAD C:/ST/STM32CubeIDE_1.15.1/STM32CubeIDE/plugins/com.st.stm32cube.ide.mcu.externaltools.gnu-tools-for-stm32.12.3.rel1.win32_1.0.100.202403111256/tools/bin/../lib/gcc/arm-none-eabi/12.3.1/../../../../arm-none-eabi/lib/thumb/v7e-m+fp/hard\libstdc++_nano.a
LOAD C:/ST/STM32CubeIDE_1.15.1/STM32CubeIDE/plugins/com.st.stm32cube.ide.mcu.externaltools.gnu-tools-for-stm32.12.3.rel1.win32_1.0.100.202403111256/tools/bin/../lib/gcc/arm-none-eabi/12.3.1/../../../../arm-none-eabi/lib/thumb/v7e-m+fp/hard\libm.a
LOAD C:/ST/STM32CubeIDE_1.15.1/STM32CubeIDE/plugins/com.st.stm32cube.ide.mcu.externaltools.gnu-tools-for-stm32.12.3.rel1.win32_1.0.100.202403111256/tools/bin/../lib/gcc/arm-none-eabi/12.3.1/../../../../arm-none-eabi/lib/thumb/v7e-m+fp/hard\libc_nano.a
START GROUP
LOAD C:/ST/STM32CubeIDE_1.15.1/STM32CubeIDE/plugins/com.st.stm32cube.ide.mcu.externaltools.gnu-tools-for-stm32.12.3.rel1.win32_1.0.100.202403111256/tools/bin/../lib/gcc/arm-none-eabi/12.3.1/thumb/v7e-m+fp/hard\libgcc.a
LOAD C:/ST/STM32CubeIDE_1.15.1/STM32CubeIDE/plugins/com.st.stm32cube.ide.mcu.externaltools.gnu-tools-for-stm32.12.3.rel1.win32_1.0.100.202403111256/tools/bin/../lib/gcc/arm-none-eabi/12.3.1/../../../../arm-none-eabi/lib/thumb/v7e-m+fp/hard\libc_nano.a
END GROUP
START GROUP
LOAD C:/ST/STM32CubeIDE_1.15.1/STM32CubeIDE/plugins/com.st.stm32cube.ide.mcu.externaltools.gnu-tools-for-stm32.12.3.rel1.win32_1.0.100.202403111256/tools/bin/../lib/gcc/arm-none-eabi/12.3.1/thumb/v7e-m+fp/hard\libgcc.a
LOAD C:/ST/STM32CubeIDE_1.15.1/STM32CubeIDE/plugins/com.st.stm32cube.ide.mcu.externaltools.gnu-tools-for-stm32.12.3.rel1.win32_1.0.100.202403111256/tools/bin/../lib/gcc/arm-none-eabi/12.3.1/../../../../arm-none-eabi/lib/thumb/v7e-m+fp/hard\libc_nano.a
END GROUP
LOAD C:/ST/STM32CubeIDE_1.15.1/STM32CubeIDE/plugins/com.st.stm32cube.ide.mcu.externaltools.gnu-tools-for-stm32.12.3.rel1.win32_1.0.100.202403111256/tools/bin/../lib/gcc/arm-none-eabi/12.3.1/thumb/v7e-m+fp/hard/crtend.o
LOAD C:/ST/STM32CubeIDE_1.15.1/STM32CubeIDE/plugins/com.st.stm32cube.ide.mcu.externaltools.gnu-tools-for-stm32.12.3.rel1.win32_1.0.100.202403111256/tools/bin/../lib/gcc/arm-none-eabi/12.3.1/thumb/v7e-m+fp/hard/crtn.o
                0x20020000                        _estack = (ORIGIN (RAM) + LENGTH (RAM))
                0x00000200                        _Min_Heap_Size = 0x200
                0x00000400                        _Min_Stack_Size = 0x400

.isr_vector     0x08000000      0x198
                0x08000000                        . = ALIGN (0x4)
 *(.isr_vector)
 .isr_vector    0x08000000      0x198 ./Core/Startup/startup_stm32f411ceux.o
                0x08000000                g_pfnVectors
                0x08000198                        . = ALIGN (0x4)

.text           0x08000198     0x4d1c
                0x08000198                        . = ALIGN (0x4)
 *(.text)
 .text          0x08000198       0x40 C:/ST/STM32CubeIDE_1.15.1/STM32CubeIDE/plugins/com.st.stm32cube.ide.mcu.externaltools.gnu-tools-for-stm32.12.3.rel1.win32_1.0.100.202403111256/tools/bin/../lib/gcc/arm-none-eabi/12.3.1/thumb/v7e-m+fp/hard/crtbegin.o
 .text          0x080001d8       0xa0 C:/ST/STM32CubeIDE_1.15.1/STM32CubeIDE/plugins/com.st.stm32cube.ide.mcu.externaltools.gnu-tools-for-stm32.12.3.rel1.win32_1.0.100.202403111256/tools/bin/../lib/gcc/arm-none-eabi/12.3.1/thumb/v7e-m+fp/hard\libgcc.a(_aeabi_ldivmod.o)
                0x080001d8                __aeabi_ldivmod
 .text          0x08000278       0x30 C:/ST/STM32CubeIDE_1.15.1/STM32CubeIDE/plugins/com.st.stm32cube.ide.mcu.externaltools.gnu-tools-for-stm32.12.3.rel1.win32_1.0.100.202403111256/tools/bin/../lib/gcc/arm-none-eabi/12.3.1/thumb/v7e-m+fp/hard\libgcc.a(_aeabi_uldivmod.o)
                0x08000278                __aeabi_uldivmod
 .text          0x080002a8      0x2bc C:/ST/STM32CubeIDE_1.15.1/STM32CubeIDE/plugins/com.st.stm32cube.ide.mcu.externaltools.gnu-tools-for-stm32.12.3.rel1.win32_1.0.100.202403111256/tools/bin/../lib/gcc/arm-none-eabi/12.3.1/thumb/v7e-m+fp/hard\libgcc.a(_udivmoddi4.o)
                0x080002a8                __udivmoddi4
 .text          0x08000564        0x4 C:/ST/STM32CubeIDE_1.15.1/STM32CubeIDE/plugins/com.st.stm32cube.ide.mcu.externaltools.gnu-tools-for-stm32.12.3.rel1.win32_1.0.100.202403111256/tools/bin/../lib/gcc/arm-none-eabi/12.3.1/thumb/v7e-m+fp/hard\libgcc.a(_dvmd_tls.o)
                0x08000564                __aeabi_idiv0
                0x08000564                __aeabi_ldiv0
 *(.text*)
 .text._Z12EventLoopCppv
                0x08000568      0x1b8 ./Core/Src/EventLoop.o
                0x08000568                EventLoopCpp()
 .text.EventLoopC
                0x08000720        0xc ./Core/Src/EventLoop.o
                0x08000720                EventLoopC
 .text._Z41__static_initialization_and_destruction_0ii
                0x0800072c       0x74 ./Core/Src/EventLoop.o
 .text._GLOBAL__sub_I_bmp280
                0x080007a0       0x10 ./Core/Src/EventLoop.o
 .text._GLOBAL__sub_D_bmp280
                0x080007b0       0x10 ./Core/Src/EventLoop.o
 .text._ZN6NRF24LC2EP19__SPI_HandleTypeDefP12GPIO_TypeDeftS3_t
                0x080007c0       0x70 ./Core/Src/NRF24L.o
                0x080007c0                NRF24L::NRF24L(__SPI_HandleTypeDef*, GPIO_TypeDef*, unsigned short, GPIO_TypeDef*, unsigned short)
                0x080007c0                NRF24L::NRF24L(__SPI_HandleTypeDef*, GPIO_TypeDef*, unsigned short, GPIO_TypeDef*, unsigned short)
 .text._ZN6NRF24LD2Ev
                0x08000830       0x20 ./Core/Src/NRF24L.o
                0x08000830                NRF24L::~NRF24L()
                0x08000830                NRF24L::~NRF24L()
 .text._ZN6NRF24LD0Ev
                0x08000850       0x20 ./Core/Src/NRF24L.o
                0x08000850                NRF24L::~NRF24L()
 .text._ZN6NRF24L10nRF24_CE_HEv
                0x08000870       0x20 ./Core/Src/NRF24L.o
                0x08000870                NRF24L::nRF24_CE_H()
 .text._ZN6NRF24L11nRF24_CSN_LEv
                0x08000890       0x20 ./Core/Src/NRF24L.o
                0x08000890                NRF24L::nRF24_CSN_L()
 .text._ZN6NRF24L11nRF24_CSN_HEv
                0x080008b0       0x20 ./Core/Src/NRF24L.o
                0x080008b0                NRF24L::nRF24_CSN_H()
 .text._ZN6NRF24L11nRF24_LL_RWEh
                0x080008d0       0x40 ./Core/Src/NRF24L.o
                0x080008d0                NRF24L::nRF24_LL_RW(unsigned char)
 .text._ZN6NRF24L7ReadRegEh
                0x08000910       0x3e ./Core/Src/NRF24L.o
                0x08000910                NRF24L::ReadReg(unsigned char)
 .text._ZN6NRF24L8WriteRegEhh
                0x0800094e       0x78 ./Core/Src/NRF24L.o
                0x0800094e                NRF24L::WriteReg(unsigned char, unsigned char)
 .text._ZN6NRF24L9ReadMBRegEhPhh
                0x080009c6       0x5a ./Core/Src/NRF24L.o
                0x080009c6                NRF24L::ReadMBReg(unsigned char, unsigned char*, unsigned char)
 .text._ZN6NRF24L10WriteMBRegEhPhh
                0x08000a20       0x58 ./Core/Src/NRF24L.o
                0x08000a20                NRF24L::WriteMBReg(unsigned char, unsigned char*, unsigned char)
 .text._ZN6NRF24L4InitEv
                0x08000a78       0xc8 ./Core/Src/NRF24L.o
                0x08000a78                NRF24L::Init()
 .text._ZN6NRF24L5CheckEv
                0x08000b40       0x6c ./Core/Src/NRF24L.o
                0x08000b40                NRF24L::Check()
 .text._ZN6NRF24L12SetPowerModeEh
                0x08000bac       0x44 ./Core/Src/NRF24L.o
                0x08000bac                NRF24L::SetPowerMode(unsigned char)
 .text._ZN6NRF24L18SetOperationalModeEh
                0x08000bf0       0x42 ./Core/Src/NRF24L.o
                0x08000bf0                NRF24L::SetOperationalMode(unsigned char)
 .text._ZN6NRF24L12SetCRCSchemeEh
                0x08000c32       0x42 ./Core/Src/NRF24L.o
                0x08000c32                NRF24L::SetCRCScheme(unsigned char)
 .text._ZN6NRF24L12SetRFChannelEh
                0x08000c74       0x20 ./Core/Src/NRF24L.o
                0x08000c74                NRF24L::SetRFChannel(unsigned char)
 .text._ZN6NRF24L12SetAddrWidthEh
                0x08000c94       0x24 ./Core/Src/NRF24L.o
                0x08000c94                NRF24L::SetAddrWidth(unsigned char)
 .text._ZN6NRF24L7SetAddrEhPKh
                0x08000cb8       0xa8 ./Core/Src/NRF24L.o
                0x08000cb8                NRF24L::SetAddr(unsigned char, unsigned char const*)
 .text._ZN6NRF24L11SetDataRateEh
                0x08000d60       0x3c ./Core/Src/NRF24L.o
                0x08000d60                NRF24L::SetDataRate(unsigned char)
 .text._ZN6NRF24L9SetRXPipeEhhh
                0x08000d9c       0xb4 ./Core/Src/NRF24L.o
                0x08000d9c                NRF24L::SetRXPipe(unsigned char, unsigned char, unsigned char)
 .text._ZN6NRF24L9DisableAAEh
                0x08000e50       0x56 ./Core/Src/NRF24L.o
                0x08000e50                NRF24L::DisableAA(unsigned char)
 .text._ZN6NRF24L7FlushTXEv
                0x08000ea6       0x1a ./Core/Src/NRF24L.o
                0x08000ea6                NRF24L::FlushTX()
 .text._ZN6NRF24L7FlushRXEv
                0x08000ec0       0x1a ./Core/Src/NRF24L.o
                0x08000ec0                NRF24L::FlushRX()
 .text._ZN6NRF24L13ClearIRQFlagsEv
                0x08000eda       0x30 ./Core/Src/NRF24L.o
                0x08000eda                NRF24L::ClearIRQFlags()
 *fill*         0x08000f0a        0x2 
 .text._ZN6NRF24L6InitRXEPhh
                0x08000f0c       0x70 ./Core/Src/NRF24L.o
                0x08000f0c                NRF24L::InitRX(unsigned char*, unsigned char)
 .text.MX_ADC1_Init
                0x08000f7c       0xa4 ./Core/Src/adc.o
                0x08000f7c                MX_ADC1_Init
 .text.HAL_ADC_MspInit
                0x08001020       0x44 ./Core/Src/adc.o
                0x08001020                HAL_ADC_MspInit
 .text._ZN6BMP280C2EPNS_20BMP280_HandleTypedefE
                0x08001064       0x20 ./Core/Src/bmp280.o
                0x08001064                BMP280::BMP280(BMP280::BMP280_HandleTypedef*)
                0x08001064                BMP280::BMP280(BMP280::BMP280_HandleTypedef*)
 .text._ZN6BMP280D2Ev
                0x08001084       0x16 ./Core/Src/bmp280.o
                0x08001084                BMP280::~BMP280()
                0x08001084                BMP280::~BMP280()
 .text._ZN6BMP28026bmp280_init_default_paramsEv
                0x0800109a       0x50 ./Core/Src/bmp280.o
                0x0800109a                BMP280::bmp280_init_default_params()
 .text._ZN6BMP28015read_register16EhPt
                0x080010ea       0x6c ./Core/Src/bmp280.o
                0x080010ea                BMP280::read_register16(unsigned char, unsigned short*)
 .text._ZN6BMP2809read_dataEhPhh
                0x08001156       0x5e ./Core/Src/bmp280.o
                0x08001156                BMP280::read_data(unsigned char, unsigned char*, unsigned char)
 .text._ZN6BMP28021read_calibration_dataEv
                0x080011b4      0x126 ./Core/Src/bmp280.o
                0x080011b4                BMP280::read_calibration_data()
 .text._ZN6BMP28025read_hum_calibration_dataEv
                0x080012da       0xd8 ./Core/Src/bmp280.o
                0x080012da                BMP280::read_hum_calibration_data()
 .text._ZN6BMP28015write_register8Ehh
                0x080013b2       0x58 ./Core/Src/bmp280.o
                0x080013b2                BMP280::write_register8(unsigned char, unsigned char)
 .text._ZN6BMP28011bmp280_initEv
                0x0800140a      0x1cc ./Core/Src/bmp280.o
                0x0800140a                BMP280::bmp280_init()
 .text._ZN6BMP28022compensate_temperatureElPl
                0x080015d6       0x7c ./Core/Src/bmp280.o
                0x080015d6                BMP280::compensate_temperature(long, long*)
 .text._ZN6BMP28019compensate_pressureEll
                0x08001652      0x58e ./Core/Src/bmp280.o
                0x08001652                BMP280::compensate_pressure(long, long)
 .text._ZN6BMP28019compensate_humidityEll
                0x08001be0       0xca ./Core/Src/bmp280.o
                0x08001be0                BMP280::compensate_humidity(long, long)
 .text._ZN6BMP28017bmp280_read_fixedEPlPmS1_
                0x08001caa       0xd6 ./Core/Src/bmp280.o
                0x08001caa                BMP280::bmp280_read_fixed(long*, unsigned long*, unsigned long*)
 .text._ZN6BMP28017bmp280_read_floatEPfS0_S0_
                0x08001d80       0x98 ./Core/Src/bmp280.o
                0x08001d80                BMP280::bmp280_read_float(float*, float*, float*)
 .text.MX_GPIO_Init
                0x08001e18      0x120 ./Core/Src/gpio.o
                0x08001e18                MX_GPIO_Init
 .text.MX_I2C1_Init
                0x08001f38       0x5c ./Core/Src/i2c.o
                0x08001f38                MX_I2C1_Init
 .text.HAL_I2C_MspInit
                0x08001f94       0x90 ./Core/Src/i2c.o
                0x08001f94                HAL_I2C_MspInit
 .text.main     0x08002024       0x24 ./Core/Src/main.o
                0x08002024                main
 .text.SystemClock_Config
                0x08002048       0xd0 ./Core/Src/main.o
                0x08002048                SystemClock_Config
 .text.Error_Handler
                0x08002118        0xc ./Core/Src/main.o
                0x08002118                Error_Handler
 .text.MX_SPI2_Init
                0x08002124       0x6c ./Core/Src/spi.o
                0x08002124                MX_SPI2_Init
 .text.HAL_SPI_MspInit
                0x08002190       0x90 ./Core/Src/spi.o
                0x08002190                HAL_SPI_MspInit
 .text.HAL_MspInit
                0x08002220       0x50 ./Core/Src/stm32f4xx_hal_msp.o
                0x08002220                HAL_MspInit
 .text.NMI_Handler
                0x08002270        0x8 ./Core/Src/stm32f4xx_it.o
                0x08002270                NMI_Handler
 .text.HardFault_Handler
                0x08002278        0x8 ./Core/Src/stm32f4xx_it.o
                0x08002278                HardFault_Handler
 .text.MemManage_Handler
                0x08002280        0x8 ./Core/Src/stm32f4xx_it.o
                0x08002280                MemManage_Handler
 .text.BusFault_Handler
                0x08002288        0x8 ./Core/Src/stm32f4xx_it.o
                0x08002288                BusFault_Handler
 .text.UsageFault_Handler
                0x08002290        0x8 ./Core/Src/stm32f4xx_it.o
                0x08002290                UsageFault_Handler
 .text.SVC_Handler
                0x08002298        0xe ./Core/Src/stm32f4xx_it.o
                0x08002298                SVC_Handler
 .text.DebugMon_Handler
                0x080022a6        0xe ./Core/Src/stm32f4xx_it.o
                0x080022a6                DebugMon_Handler
 .text.PendSV_Handler
                0x080022b4        0xe ./Core/Src/stm32f4xx_it.o
                0x080022b4                PendSV_Handler
 .text.SysTick_Handler
                0x080022c2        0xc ./Core/Src/stm32f4xx_it.o
                0x080022c2                SysTick_Handler
 *fill*         0x080022ce        0x2 
 .text.SystemInit
                0x080022d0       0x24 ./Core/Src/system_stm32f4xx.o
                0x080022d0                SystemInit
 .text.Reset_Handler
                0x080022f4       0x50 ./Core/Startup/startup_stm32f411ceux.o
                0x080022f4                Reset_Handler
 .text.Default_Handler
                0x08002344        0x2 ./Core/Startup/startup_stm32f411ceux.o
                0x08002344                RTC_Alarm_IRQHandler
                0x08002344                EXTI2_IRQHandler
                0x08002344                SPI4_IRQHandler
                0x08002344                TIM1_CC_IRQHandler
                0x08002344                DMA2_Stream5_IRQHandler
                0x08002344                DMA1_Stream5_IRQHandler
                0x08002344                PVD_IRQHandler
                0x08002344                SDIO_IRQHandler
                0x08002344                TAMP_STAMP_IRQHandler
                0x08002344                EXTI3_IRQHandler
                0x08002344                TIM1_UP_TIM10_IRQHandler
                0x08002344                I2C3_ER_IRQHandler
                0x08002344                EXTI0_IRQHandler
                0x08002344                I2C2_EV_IRQHandler
                0x08002344                DMA1_Stream2_IRQHandler
                0x08002344                FPU_IRQHandler
                0x08002344                DMA2_Stream2_IRQHandler
                0x08002344                SPI1_IRQHandler
                0x08002344                TIM1_BRK_TIM9_IRQHandler
                0x08002344                DMA2_Stream3_IRQHandler
                0x08002344                USART6_IRQHandler
                0x08002344                DMA2_Stream0_IRQHandler
                0x08002344                TIM4_IRQHandler
                0x08002344                I2C1_EV_IRQHandler
                0x08002344                DMA1_Stream6_IRQHandler
                0x08002344                DMA1_Stream1_IRQHandler
                0x08002344                TIM3_IRQHandler
                0x08002344                RCC_IRQHandler
                0x08002344                Default_Handler
                0x08002344                EXTI15_10_IRQHandler
                0x08002344                ADC_IRQHandler
                0x08002344                DMA1_Stream7_IRQHandler
                0x08002344                SPI5_IRQHandler
                0x08002344                TIM5_IRQHandler
                0x08002344                DMA2_Stream7_IRQHandler
                0x08002344                I2C3_EV_IRQHandler
                0x08002344                EXTI9_5_IRQHandler
                0x08002344                RTC_WKUP_IRQHandler
                0x08002344                SPI2_IRQHandler
                0x08002344                DMA1_Stream0_IRQHandler
                0x08002344                EXTI4_IRQHandler
                0x08002344                WWDG_IRQHandler
                0x08002344                TIM2_IRQHandler
                0x08002344                OTG_FS_WKUP_IRQHandler
                0x08002344                TIM1_TRG_COM_TIM11_IRQHandler
                0x08002344                EXTI1_IRQHandler
                0x08002344                USART2_IRQHandler
                0x08002344                I2C2_ER_IRQHandler
                0x08002344                DMA2_Stream1_IRQHandler
                0x08002344                FLASH_IRQHandler
                0x08002344                DMA2_Stream4_IRQHandler
                0x08002344                USART1_IRQHandler
                0x08002344                OTG_FS_IRQHandler
                0x08002344                SPI3_IRQHandler
                0x08002344                DMA1_Stream4_IRQHandler
                0x08002344                I2C1_ER_IRQHandler
                0x08002344                DMA2_Stream6_IRQHandler
                0x08002344                DMA1_Stream3_IRQHandler
 *fill*         0x08002346        0x2 
 .text.HAL_Init
                0x08002348       0x44 ./Drivers/STM32F4xx_HAL_Driver/Src/stm32f4xx_hal.o
                0x08002348                HAL_Init
 .text.HAL_InitTick
                0x0800238c       0x60 ./Drivers/STM32F4xx_HAL_Driver/Src/stm32f4xx_hal.o
                0x0800238c                HAL_InitTick
 .text.HAL_IncTick
                0x080023ec       0x28 ./Drivers/STM32F4xx_HAL_Driver/Src/stm32f4xx_hal.o
                0x080023ec                HAL_IncTick
 .text.HAL_GetTick
                0x08002414       0x18 ./Drivers/STM32F4xx_HAL_Driver/Src/stm32f4xx_hal.o
                0x08002414                HAL_GetTick
 .text.HAL_Delay
                0x0800242c       0x48 ./Drivers/STM32F4xx_HAL_Driver/Src/stm32f4xx_hal.o
                0x0800242c                HAL_Delay
 .text.HAL_ADC_Init
                0x08002474       0x86 ./Drivers/STM32F4xx_HAL_Driver/Src/stm32f4xx_hal_adc.o
                0x08002474                HAL_ADC_Init
 *fill*         0x080024fa        0x2 
 .text.HAL_ADC_ConfigChannel
                0x080024fc      0x264 ./Drivers/STM32F4xx_HAL_Driver/Src/stm32f4xx_hal_adc.o
                0x080024fc                HAL_ADC_ConfigChannel
 .text.ADC_Init
                0x08002760      0x1f8 ./Drivers/STM32F4xx_HAL_Driver/Src/stm32f4xx_hal_adc.o
 .text.__NVIC_SetPriorityGrouping
                0x08002958       0x48 ./Drivers/STM32F4xx_HAL_Driver/Src/stm32f4xx_hal_cortex.o
 .text.__NVIC_GetPriorityGrouping
                0x080029a0       0x1c ./Drivers/STM32F4xx_HAL_Driver/Src/stm32f4xx_hal_cortex.o
 .text.__NVIC_SetPriority
                0x080029bc       0x54 ./Drivers/STM32F4xx_HAL_Driver/Src/stm32f4xx_hal_cortex.o
 .text.NVIC_EncodePriority
                0x08002a10       0x66 ./Drivers/STM32F4xx_HAL_Driver/Src/stm32f4xx_hal_cortex.o
 *fill*         0x08002a76        0x2 
 .text.SysTick_Config
                0x08002a78       0x44 ./Drivers/STM32F4xx_HAL_Driver/Src/stm32f4xx_hal_cortex.o
 .text.HAL_NVIC_SetPriorityGrouping
                0x08002abc       0x16 ./Drivers/STM32F4xx_HAL_Driver/Src/stm32f4xx_hal_cortex.o
                0x08002abc                HAL_NVIC_SetPriorityGrouping
 .text.HAL_NVIC_SetPriority
                0x08002ad2       0x38 ./Drivers/STM32F4xx_HAL_Driver/Src/stm32f4xx_hal_cortex.o
                0x08002ad2                HAL_NVIC_SetPriority
 .text.HAL_SYSTICK_Config
                0x08002b0a       0x18 ./Drivers/STM32F4xx_HAL_Driver/Src/stm32f4xx_hal_cortex.o
                0x08002b0a                HAL_SYSTICK_Config
 *fill*         0x08002b22        0x2 
 .text.HAL_GPIO_Init
                0x08002b24      0x308 ./Drivers/STM32F4xx_HAL_Driver/Src/stm32f4xx_hal_gpio.o
                0x08002b24                HAL_GPIO_Init
 .text.HAL_GPIO_ReadPin
                0x08002e2c       0x30 ./Drivers/STM32F4xx_HAL_Driver/Src/stm32f4xx_hal_gpio.o
                0x08002e2c                HAL_GPIO_ReadPin
 .text.HAL_GPIO_WritePin
                0x08002e5c       0x32 ./Drivers/STM32F4xx_HAL_Driver/Src/stm32f4xx_hal_gpio.o
                0x08002e5c                HAL_GPIO_WritePin
 *fill*         0x08002e8e        0x2 
 .text.HAL_I2C_Init
                0x08002e90      0x288 ./Drivers/STM32F4xx_HAL_Driver/Src/stm32f4xx_hal_i2c.o
                0x08002e90                HAL_I2C_Init
 .text.HAL_I2C_Mem_Write
                0x08003118      0x1f4 ./Drivers/STM32F4xx_HAL_Driver/Src/stm32f4xx_hal_i2c.o
                0x08003118                HAL_I2C_Mem_Write
 .text.HAL_I2C_Mem_Read
                0x0800330c      0x464 ./Drivers/STM32F4xx_HAL_Driver/Src/stm32f4xx_hal_i2c.o
                0x0800330c                HAL_I2C_Mem_Read
 .text.I2C_RequestMemoryWrite
                0x08003770      0x12c ./Drivers/STM32F4xx_HAL_Driver/Src/stm32f4xx_hal_i2c.o
 .text.I2C_RequestMemoryRead
                0x0800389c      0x1d0 ./Drivers/STM32F4xx_HAL_Driver/Src/stm32f4xx_hal_i2c.o
 .text.I2C_WaitOnFlagUntilTimeout
                0x08003a6c       0xf4 ./Drivers/STM32F4xx_HAL_Driver/Src/stm32f4xx_hal_i2c.o
 .text.I2C_WaitOnMasterAddressFlagUntilTimeout
                0x08003b60      0x140 ./Drivers/STM32F4xx_HAL_Driver/Src/stm32f4xx_hal_i2c.o
 .text.I2C_WaitOnTXEFlagUntilTimeout
                0x08003ca0       0x90 ./Drivers/STM32F4xx_HAL_Driver/Src/stm32f4xx_hal_i2c.o
 .text.I2C_WaitOnBTFFlagUntilTimeout
                0x08003d30       0x90 ./Drivers/STM32F4xx_HAL_Driver/Src/stm32f4xx_hal_i2c.o
 .text.I2C_WaitOnRXNEFlagUntilTimeout
                0x08003dc0       0xba ./Drivers/STM32F4xx_HAL_Driver/Src/stm32f4xx_hal_i2c.o
 .text.I2C_IsAcknowledgeFailed
                0x08003e7a       0x5e ./Drivers/STM32F4xx_HAL_Driver/Src/stm32f4xx_hal_i2c.o
 .text.HAL_RCC_OscConfig
                0x08003ed8      0x4f0 ./Drivers/STM32F4xx_HAL_Driver/Src/stm32f4xx_hal_rcc.o
                0x08003ed8                HAL_RCC_OscConfig
 .text.HAL_RCC_ClockConfig
                0x080043c8      0x1cc ./Drivers/STM32F4xx_HAL_Driver/Src/stm32f4xx_hal_rcc.o
                0x080043c8                HAL_RCC_ClockConfig
 .text.HAL_RCC_GetSysClockFreq
                0x08004594      0x18c ./Drivers/STM32F4xx_HAL_Driver/Src/stm32f4xx_hal_rcc.o
                0x08004594                HAL_RCC_GetSysClockFreq
 .text.HAL_RCC_GetHCLKFreq
                0x08004720       0x18 ./Drivers/STM32F4xx_HAL_Driver/Src/stm32f4xx_hal_rcc.o
                0x08004720                HAL_RCC_GetHCLKFreq
 .text.HAL_RCC_GetPCLK1Freq
                0x08004738       0x28 ./Drivers/STM32F4xx_HAL_Driver/Src/stm32f4xx_hal_rcc.o
                0x08004738                HAL_RCC_GetPCLK1Freq
 .text.HAL_SPI_Init
                0x08004760      0x112 ./Drivers/STM32F4xx_HAL_Driver/Src/stm32f4xx_hal_spi.o
                0x08004760                HAL_SPI_Init
 .text.HAL_SPI_TransmitReceive
                0x08004872      0x352 ./Drivers/STM32F4xx_HAL_Driver/Src/stm32f4xx_hal_spi.o
                0x08004872                HAL_SPI_TransmitReceive
 .text.SPI_WaitFlagStateUntilTimeout
                0x08004bc4      0x110 ./Drivers/STM32F4xx_HAL_Driver/Src/stm32f4xx_hal_spi.o
 .text.SPI_EndRxTxTransaction
                0x08004cd4       0xa8 ./Drivers/STM32F4xx_HAL_Driver/Src/stm32f4xx_hal_spi.o
 .text._ZdlPvj  0x08004d7c        0x4 C:/ST/STM32CubeIDE_1.15.1/STM32CubeIDE/plugins/com.st.stm32cube.ide.mcu.externaltools.gnu-tools-for-stm32.12.3.rel1.win32_1.0.100.202403111256/tools/bin/../lib/gcc/arm-none-eabi/12.3.1/../../../../arm-none-eabi/lib/thumb/v7e-m+fp/hard\libstdc++_nano.a(del_ops.o)
                0x08004d7c                operator delete(void*, unsigned int)
 .text._ZdlPv   0x08004d80        0x4 C:/ST/STM32CubeIDE_1.15.1/STM32CubeIDE/plugins/com.st.stm32cube.ide.mcu.externaltools.gnu-tools-for-stm32.12.3.rel1.win32_1.0.100.202403111256/tools/bin/../lib/gcc/arm-none-eabi/12.3.1/../../../../arm-none-eabi/lib/thumb/v7e-m+fp/hard\libstdc++_nano.a(del_op.o)
                0x08004d80                operator delete(void*)
 .text.free     0x08004d84       0x10 C:/ST/STM32CubeIDE_1.15.1/STM32CubeIDE/plugins/com.st.stm32cube.ide.mcu.externaltools.gnu-tools-for-stm32.12.3.rel1.win32_1.0.100.202403111256/tools/bin/../lib/gcc/arm-none-eabi/12.3.1/../../../../arm-none-eabi/lib/thumb/v7e-m+fp/hard\libc_nano.a(libc_a-malloc.o)
                0x08004d84                free
 .text.__malloc_lock
                0x08004d94        0xc C:/ST/STM32CubeIDE_1.15.1/STM32CubeIDE/plugins/com.st.stm32cube.ide.mcu.externaltools.gnu-tools-for-stm32.12.3.rel1.win32_1.0.100.202403111256/tools/bin/../lib/gcc/arm-none-eabi/12.3.1/../../../../arm-none-eabi/lib/thumb/v7e-m+fp/hard\libc_nano.a(libc_a-mlock.o)
                0x08004d94                __malloc_lock
 .text.__malloc_unlock
                0x08004da0        0xc C:/ST/STM32CubeIDE_1.15.1/STM32CubeIDE/plugins/com.st.stm32cube.ide.mcu.externaltools.gnu-tools-for-stm32.12.3.rel1.win32_1.0.100.202403111256/tools/bin/../lib/gcc/arm-none-eabi/12.3.1/../../../../arm-none-eabi/lib/thumb/v7e-m+fp/hard\libc_nano.a(libc_a-mlock.o)
                0x08004da0                __malloc_unlock
 .text.memset   0x08004dac       0x10 C:/ST/STM32CubeIDE_1.15.1/STM32CubeIDE/plugins/com.st.stm32cube.ide.mcu.externaltools.gnu-tools-for-stm32.12.3.rel1.win32_1.0.100.202403111256/tools/bin/../lib/gcc/arm-none-eabi/12.3.1/../../../../arm-none-eabi/lib/thumb/v7e-m+fp/hard\libc_nano.a(libc_a-memset.o)
                0x08004dac                memset
 .text.__libc_init_array
                0x08004dbc       0x48 C:/ST/STM32CubeIDE_1.15.1/STM32CubeIDE/plugins/com.st.stm32cube.ide.mcu.externaltools.gnu-tools-for-stm32.12.3.rel1.win32_1.0.100.202403111256/tools/bin/../lib/gcc/arm-none-eabi/12.3.1/../../../../arm-none-eabi/lib/thumb/v7e-m+fp/hard\libc_nano.a(libc_a-init.o)
                0x08004dbc                __libc_init_array
 .text.__retarget_lock_acquire_recursive
                0x08004e04        0x2 C:/ST/STM32CubeIDE_1.15.1/STM32CubeIDE/plugins/com.st.stm32cube.ide.mcu.externaltools.gnu-tools-for-stm32.12.3.rel1.win32_1.0.100.202403111256/tools/bin/../lib/gcc/arm-none-eabi/12.3.1/../../../../arm-none-eabi/lib/thumb/v7e-m+fp/hard\libc_nano.a(libc_a-lock.o)
                0x08004e04                __retarget_lock_acquire_recursive
 .text.__retarget_lock_release_recursive
                0x08004e06        0x2 C:/ST/STM32CubeIDE_1.15.1/STM32CubeIDE/plugins/com.st.stm32cube.ide.mcu.externaltools.gnu-tools-for-stm32.12.3.rel1.win32_1.0.100.202403111256/tools/bin/../lib/gcc/arm-none-eabi/12.3.1/../../../../arm-none-eabi/lib/thumb/v7e-m+fp/hard\libc_nano.a(libc_a-lock.o)
                0x08004e06                __retarget_lock_release_recursive
 .text._free_r  0x08004e08       0x94 C:/ST/STM32CubeIDE_1.15.1/STM32CubeIDE/plugins/com.st.stm32cube.ide.mcu.externaltools.gnu-tools-for-stm32.12.3.rel1.win32_1.0.100.202403111256/tools/bin/../lib/gcc/arm-none-eabi/12.3.1/../../../../arm-none-eabi/lib/thumb/v7e-m+fp/hard\libc_nano.a(libc_a-freer.o)
                0x08004e08                _free_r
 *(.glue_7)
 .glue_7        0x08004e9c        0x0 linker stubs
 *(.glue_7t)
 .glue_7t       0x08004e9c        0x0 linker stubs
 *(.eh_frame)
 .eh_frame      0x08004e9c        0x0 C:/ST/STM32CubeIDE_1.15.1/STM32CubeIDE/plugins/com.st.stm32cube.ide.mcu.externaltools.gnu-tools-for-stm32.12.3.rel1.win32_1.0.100.202403111256/tools/bin/../lib/gcc/arm-none-eabi/12.3.1/thumb/v7e-m+fp/hard/crtbegin.o
 *(.init)
 .init          0x08004e9c        0x4 C:/ST/STM32CubeIDE_1.15.1/STM32CubeIDE/plugins/com.st.stm32cube.ide.mcu.externaltools.gnu-tools-for-stm32.12.3.rel1.win32_1.0.100.202403111256/tools/bin/../lib/gcc/arm-none-eabi/12.3.1/thumb/v7e-m+fp/hard/crti.o
                0x08004e9c                _init
 .init          0x08004ea0        0x8 C:/ST/STM32CubeIDE_1.15.1/STM32CubeIDE/plugins/com.st.stm32cube.ide.mcu.externaltools.gnu-tools-for-stm32.12.3.rel1.win32_1.0.100.202403111256/tools/bin/../lib/gcc/arm-none-eabi/12.3.1/thumb/v7e-m+fp/hard/crtn.o
 *(.fini)
 .fini          0x08004ea8        0x4 C:/ST/STM32CubeIDE_1.15.1/STM32CubeIDE/plugins/com.st.stm32cube.ide.mcu.externaltools.gnu-tools-for-stm32.12.3.rel1.win32_1.0.100.202403111256/tools/bin/../lib/gcc/arm-none-eabi/12.3.1/thumb/v7e-m+fp/hard/crti.o
                0x08004ea8                _fini
 .fini          0x08004eac        0x8 C:/ST/STM32CubeIDE_1.15.1/STM32CubeIDE/plugins/com.st.stm32cube.ide.mcu.externaltools.gnu-tools-for-stm32.12.3.rel1.win32_1.0.100.202403111256/tools/bin/../lib/gcc/arm-none-eabi/12.3.1/thumb/v7e-m+fp/hard/crtn.o
                0x08004eb4                        . = ALIGN (0x4)
                0x08004eb4                        _etext = .

.vfp11_veneer   0x08004eb4        0x0
 .vfp11_veneer  0x08004eb4        0x0 linker stubs

.v4_bx          0x08004eb4        0x0
 .v4_bx         0x08004eb4        0x0 linker stubs

.iplt           0x08004eb4        0x0
 .iplt          0x08004eb4        0x0 C:/ST/STM32CubeIDE_1.15.1/STM32CubeIDE/plugins/com.st.stm32cube.ide.mcu.externaltools.gnu-tools-for-stm32.12.3.rel1.win32_1.0.100.202403111256/tools/bin/../lib/gcc/arm-none-eabi/12.3.1/thumb/v7e-m+fp/hard/crtbegin.o

.rodata         0x08004eb4       0x44
                0x08004eb4                        . = ALIGN (0x4)
 *(.rodata)
 .rodata        0x08004eb4       0x16 ./Core/Src/NRF24L.o
 *(.rodata*)
 *fill*         0x08004eca        0x2 
 .rodata._ZZN6NRF24L6InitRXEPhhE10nRF24_ADDR
                0x08004ecc        0x3 ./Core/Src/NRF24L.o
 *fill*         0x08004ecf        0x1 
 .rodata._ZTV6NRF24L
                0x08004ed0       0x10 ./Core/Src/NRF24L.o
                0x08004ed0                vtable for NRF24L
 .rodata.AHBPrescTable
                0x08004ee0       0x10 ./Core/Src/system_stm32f4xx.o
                0x08004ee0                AHBPrescTable
 .rodata.APBPrescTable
                0x08004ef0        0x8 ./Core/Src/system_stm32f4xx.o
                0x08004ef0                APBPrescTable
                0x08004ef8                        . = ALIGN (0x4)

.ARM.extab      0x08004ef8        0x0
                0x08004ef8                        . = ALIGN (0x4)
 *(.ARM.extab* .gnu.linkonce.armextab.*)
                0x08004ef8                        . = ALIGN (0x4)

.ARM            0x08004ef8        0x8
                0x08004ef8                        . = ALIGN (0x4)
                0x08004ef8                        __exidx_start = .
 *(.ARM.exidx*)
 .ARM.exidx     0x08004ef8        0x8 C:/ST/STM32CubeIDE_1.15.1/STM32CubeIDE/plugins/com.st.stm32cube.ide.mcu.externaltools.gnu-tools-for-stm32.12.3.rel1.win32_1.0.100.202403111256/tools/bin/../lib/gcc/arm-none-eabi/12.3.1/thumb/v7e-m+fp/hard\libgcc.a(_udivmoddi4.o)
                0x08004f00                        __exidx_end = .
                0x08004f00                        . = ALIGN (0x4)

.preinit_array  0x08004f00        0x0
                0x08004f00                        . = ALIGN (0x4)
                0x08004f00                        PROVIDE (__preinit_array_start = .)
 *(.preinit_array*)
                0x08004f00                        PROVIDE (__preinit_array_end = .)
                0x08004f00                        . = ALIGN (0x4)

.init_array     0x08004f00        0x8
                0x08004f00                        . = ALIGN (0x4)
                0x08004f00                        PROVIDE (__init_array_start = .)
 *(SORT_BY_NAME(.init_array.*))
 *(.init_array*)
 .init_array    0x08004f00        0x4 C:/ST/STM32CubeIDE_1.15.1/STM32CubeIDE/plugins/com.st.stm32cube.ide.mcu.externaltools.gnu-tools-for-stm32.12.3.rel1.win32_1.0.100.202403111256/tools/bin/../lib/gcc/arm-none-eabi/12.3.1/thumb/v7e-m+fp/hard/crtbegin.o
 .init_array    0x08004f04        0x4 ./Core/Src/EventLoop.o
                0x08004f08                        PROVIDE (__init_array_end = .)
                0x08004f08                        . = ALIGN (0x4)

.fini_array     0x08004f08        0x8
                0x08004f08                        . = ALIGN (0x4)
                [!provide]                        PROVIDE (__fini_array_start = .)
 *(SORT_BY_NAME(.fini_array.*))
 *(.fini_array*)
 .fini_array    0x08004f08        0x4 C:/ST/STM32CubeIDE_1.15.1/STM32CubeIDE/plugins/com.st.stm32cube.ide.mcu.externaltools.gnu-tools-for-stm32.12.3.rel1.win32_1.0.100.202403111256/tools/bin/../lib/gcc/arm-none-eabi/12.3.1/thumb/v7e-m+fp/hard/crtbegin.o
 .fini_array    0x08004f0c        0x4 ./Core/Src/EventLoop.o
                [!provide]                        PROVIDE (__fini_array_end = .)
                0x08004f10                        . = ALIGN (0x4)
                0x08004f10                        _sidata = LOADADDR (.data)

.rel.dyn        0x08004f10        0x0
 .rel.iplt      0x08004f10        0x0 C:/ST/STM32CubeIDE_1.15.1/STM32CubeIDE/plugins/com.st.stm32cube.ide.mcu.externaltools.gnu-tools-for-stm32.12.3.rel1.win32_1.0.100.202403111256/tools/bin/../lib/gcc/arm-none-eabi/12.3.1/thumb/v7e-m+fp/hard/crtbegin.o

.data           0x20000000       0x6c load address 0x08004f10
                0x20000000                        . = ALIGN (0x4)
                0x20000000                        _sdata = .
 *(.data)
 *(.data*)
 .data.payload_length
                0x20000000        0x1 ./Core/Src/EventLoop.o
                0x20000000                payload_length
 *fill*         0x20000001        0x3 
 .data.pump_on_delay
                0x20000004        0x4 ./Core/Src/EventLoop.o
                0x20000004                pump_on_delay
 .data.pump_off_delay
                0x20000008        0x4 ./Core/Src/EventLoop.o
                0x20000008                pump_off_delay
 .data.last_button_state
                0x2000000c        0x1 ./Core/Src/EventLoop.o
                0x2000000c                last_button_state
 *fill*         0x2000000d        0x3 
 .data.SystemCoreClock
                0x20000010        0x4 ./Core/Src/system_stm32f4xx.o
                0x20000010                SystemCoreClock
 .data.uwTickPrio
                0x20000014        0x4 ./Drivers/STM32F4xx_HAL_Driver/Src/stm32f4xx_hal.o
                0x20000014                uwTickPrio
 .data.uwTickFreq
                0x20000018        0x1 ./Drivers/STM32F4xx_HAL_Driver/Src/stm32f4xx_hal.o
                0x20000018                uwTickFreq
 *fill*         0x20000019        0x3 
 .data._impure_ptr
                0x2000001c        0x4 C:/ST/STM32CubeIDE_1.15.1/STM32CubeIDE/plugins/com.st.stm32cube.ide.mcu.externaltools.gnu-tools-for-stm32.12.3.rel1.win32_1.0.100.202403111256/tools/bin/../lib/gcc/arm-none-eabi/12.3.1/../../../../arm-none-eabi/lib/thumb/v7e-m+fp/hard\libc_nano.a(libc_a-impure.o)
                0x2000001c                _impure_ptr
 .data._impure_data
                0x20000020       0x4c C:/ST/STM32CubeIDE_1.15.1/STM32CubeIDE/plugins/com.st.stm32cube.ide.mcu.externaltools.gnu-tools-for-stm32.12.3.rel1.win32_1.0.100.202403111256/tools/bin/../lib/gcc/arm-none-eabi/12.3.1/../../../../arm-none-eabi/lib/thumb/v7e-m+fp/hard\libc_nano.a(libc_a-impure.o)
                0x20000020                _impure_data
 *(.RamFunc)
 *(.RamFunc*)
                0x2000006c                        . = ALIGN (0x4)
                0x2000006c                        _edata = .

.igot.plt       0x2000006c        0x0 load address 0x08004f7c
 .igot.plt      0x2000006c        0x0 C:/ST/STM32CubeIDE_1.15.1/STM32CubeIDE/plugins/com.st.stm32cube.ide.mcu.externaltools.gnu-tools-for-stm32.12.3.rel1.win32_1.0.100.202403111256/tools/bin/../lib/gcc/arm-none-eabi/12.3.1/thumb/v7e-m+fp/hard/crtbegin.o
                0x2000006c                        . = ALIGN (0x4)

.bss            0x2000006c      0x2f0 load address 0x08004f7c
                0x2000006c                        _sbss = .
                0x2000006c                        __bss_start__ = _sbss
 *(.bss)
 .bss           0x2000006c       0x1c C:/ST/STM32CubeIDE_1.15.1/STM32CubeIDE/plugins/com.st.stm32cube.ide.mcu.externaltools.gnu-tools-for-stm32.12.3.rel1.win32_1.0.100.202403111256/tools/bin/../lib/gcc/arm-none-eabi/12.3.1/thumb/v7e-m+fp/hard/crtbegin.o
 *(.bss*)
 .bss.bmp280    0x20000088       0x34 ./Core/Src/EventLoop.o
                0x20000088                bmp280
 .bss.bmpDevice
                0x200000bc        0x4 ./Core/Src/EventLoop.o
                0x200000bc                bmpDevice
 .bss.last_bmp_read_time
                0x200000c0        0x4 ./Core/Src/EventLoop.o
                0x200000c0                last_bmp_read_time
 .bss.pressure  0x200000c4        0x4 ./Core/Src/EventLoop.o
                0x200000c4                pressure
 .bss.temperature
                0x200000c8        0x4 ./Core/Src/EventLoop.o
                0x200000c8                temperature
 .bss.humidity  0x200000cc        0x4 ./Core/Src/EventLoop.o
                0x200000cc                humidity
 .bss.nrfDevice
                0x200000d0       0x24 ./Core/Src/EventLoop.o
                0x200000d0                nrfDevice
 .bss.nRF24_payload
                0x200000f4       0x20 ./Core/Src/EventLoop.o
                0x200000f4                nRF24_payload
 .bss.pump_running
                0x20000114        0x1 ./Core/Src/EventLoop.o
                0x20000114                pump_running
 *fill*         0x20000115        0x3 
 .bss.pump_reset_time
                0x20000118        0x4 ./Core/Src/EventLoop.o
                0x20000118                pump_reset_time
 .bss.pump_time
                0x2000011c        0x4 ./Core/Src/EventLoop.o
                0x2000011c                pump_time
 .bss.last_debounce_time
                0x20000120        0x4 ./Core/Src/EventLoop.o
                0x20000120                last_debounce_time
 .bss.hadc1     0x20000124       0x48 ./Core/Src/adc.o
                0x20000124                hadc1
 .bss.hi2c1     0x2000016c       0x54 ./Core/Src/i2c.o
                0x2000016c                hi2c1
 .bss.hspi2     0x200001c0       0x58 ./Core/Src/spi.o
                0x200001c0                hspi2
 .bss.uwTick    0x20000218        0x4 ./Drivers/STM32F4xx_HAL_Driver/Src/stm32f4xx_hal.o
                0x20000218                uwTick
 .bss.__malloc_free_list
                0x2000021c        0x4 C:/ST/STM32CubeIDE_1.15.1/STM32CubeIDE/plugins/com.st.stm32cube.ide.mcu.externaltools.gnu-tools-for-stm32.12.3.rel1.win32_1.0.100.202403111256/tools/bin/../lib/gcc/arm-none-eabi/12.3.1/../../../../arm-none-eabi/lib/thumb/v7e-m+fp/hard\libc_nano.a(libc_a-mallocr.o)
                0x2000021c                __malloc_free_list
 .bss.__sf      0x20000220      0x138 C:/ST/STM32CubeIDE_1.15.1/STM32CubeIDE/plugins/com.st.stm32cube.ide.mcu.externaltools.gnu-tools-for-stm32.12.3.rel1.win32_1.0.100.202403111256/tools/bin/../lib/gcc/arm-none-eabi/12.3.1/../../../../arm-none-eabi/lib/thumb/v7e-m+fp/hard\libc_nano.a(libc_a-findfp.o)
                0x20000220                __sf
 .bss.__lock___malloc_recursive_mutex
                0x20000358        0x1 C:/ST/STM32CubeIDE_1.15.1/STM32CubeIDE/plugins/com.st.stm32cube.ide.mcu.externaltools.gnu-tools-for-stm32.12.3.rel1.win32_1.0.100.202403111256/tools/bin/../lib/gcc/arm-none-eabi/12.3.1/../../../../arm-none-eabi/lib/thumb/v7e-m+fp/hard\libc_nano.a(libc_a-lock.o)
                0x20000358                __lock___malloc_recursive_mutex
 *(COMMON)
                0x2000035c                        . = ALIGN (0x4)
 *fill*         0x20000359        0x3 
                0x2000035c                        _ebss = .
                0x2000035c                        __bss_end__ = _ebss

._user_heap_stack
                0x2000035c      0x604 load address 0x08004f7c
                0x20000360                        . = ALIGN (0x8)
 *fill*         0x2000035c        0x4 
                [!provide]                        PROVIDE (end = .)
                0x20000360                        PROVIDE (_end = .)
                0x20000560                        . = (. + _Min_Heap_Size)
 *fill*         0x20000360      0x200 
                0x20000960                        . = (. + _Min_Stack_Size)
 *fill*         0x20000560      0x400 
                0x20000960                        . = ALIGN (0x8)

/DISCARD/
 libc.a(*)
 libm.a(*)
 libgcc.a(*)

.ARM.attributes
                0x00000000       0x30
 *(.ARM.attributes)
 .ARM.attributes
                0x00000000       0x22 C:/ST/STM32CubeIDE_1.15.1/STM32CubeIDE/plugins/com.st.stm32cube.ide.mcu.externaltools.gnu-tools-for-stm32.12.3.rel1.win32_1.0.100.202403111256/tools/bin/../lib/gcc/arm-none-eabi/12.3.1/thumb/v7e-m+fp/hard/crti.o
 .ARM.attributes
                0x00000022       0x34 C:/ST/STM32CubeIDE_1.15.1/STM32CubeIDE/plugins/com.st.stm32cube.ide.mcu.externaltools.gnu-tools-for-stm32.12.3.rel1.win32_1.0.100.202403111256/tools/bin/../lib/gcc/arm-none-eabi/12.3.1/thumb/v7e-m+fp/hard/crtbegin.o
 .ARM.attributes
                0x00000056       0x34 ./Core/Src/EventLoop.o
 .ARM.attributes
                0x0000008a       0x34 ./Core/Src/NRF24L.o
 .ARM.attributes
                0x000000be       0x34 ./Core/Src/adc.o
 .ARM.attributes
                0x000000f2       0x34 ./Core/Src/bmp280.o
 .ARM.attributes
                0x00000126       0x34 ./Core/Src/gpio.o
 .ARM.attributes
                0x0000015a       0x34 ./Core/Src/i2c.o
 .ARM.attributes
                0x0000018e       0x34 ./Core/Src/main.o
 .ARM.attributes
                0x000001c2       0x34 ./Core/Src/spi.o
 .ARM.attributes
                0x000001f6       0x34 ./Core/Src/stm32f4xx_hal_msp.o
 .ARM.attributes
                0x0000022a       0x34 ./Core/Src/stm32f4xx_it.o
 .ARM.attributes
                0x0000025e       0x34 ./Core/Src/system_stm32f4xx.o
 .ARM.attributes
                0x00000292       0x21 ./Core/Startup/startup_stm32f411ceux.o
 .ARM.attributes
                0x000002b3       0x34 ./Drivers/STM32F4xx_HAL_Driver/Src/stm32f4xx_hal.o
 .ARM.attributes
                0x000002e7       0x34 ./Drivers/STM32F4xx_HAL_Driver/Src/stm32f4xx_hal_adc.o
 .ARM.attributes
                0x0000031b       0x34 ./Drivers/STM32F4xx_HAL_Driver/Src/stm32f4xx_hal_cortex.o
 .ARM.attributes
                0x0000034f       0x34 ./Drivers/STM32F4xx_HAL_Driver/Src/stm32f4xx_hal_gpio.o
 .ARM.attributes
                0x00000383       0x34 ./Drivers/STM32F4xx_HAL_Driver/Src/stm32f4xx_hal_i2c.o
 .ARM.attributes
                0x000003b7       0x34 ./Drivers/STM32F4xx_HAL_Driver/Src/stm32f4xx_hal_rcc.o
 .ARM.attributes
                0x000003eb       0x34 ./Drivers/STM32F4xx_HAL_Driver/Src/stm32f4xx_hal_spi.o
 .ARM.attributes
                0x0000041f       0x34 C:/ST/STM32CubeIDE_1.15.1/STM32CubeIDE/plugins/com.st.stm32cube.ide.mcu.externaltools.gnu-tools-for-stm32.12.3.rel1.win32_1.0.100.202403111256/tools/bin/../lib/gcc/arm-none-eabi/12.3.1/../../../../arm-none-eabi/lib/thumb/v7e-m+fp/hard\libstdc++_nano.a(del_ops.o)
 .ARM.attributes
                0x00000453       0x34 C:/ST/STM32CubeIDE_1.15.1/STM32CubeIDE/plugins/com.st.stm32cube.ide.mcu.externaltools.gnu-tools-for-stm32.12.3.rel1.win32_1.0.100.202403111256/tools/bin/../lib/gcc/arm-none-eabi/12.3.1/../../../../arm-none-eabi/lib/thumb/v7e-m+fp/hard\libstdc++_nano.a(del_op.o)
 .ARM.attributes
                0x00000487       0x34 C:/ST/STM32CubeIDE_1.15.1/STM32CubeIDE/plugins/com.st.stm32cube.ide.mcu.externaltools.gnu-tools-for-stm32.12.3.rel1.win32_1.0.100.202403111256/tools/bin/../lib/gcc/arm-none-eabi/12.3.1/../../../../arm-none-eabi/lib/thumb/v7e-m+fp/hard\libc_nano.a(libc_a-malloc.o)
 .ARM.attributes
                0x000004bb       0x34 C:/ST/STM32CubeIDE_1.15.1/STM32CubeIDE/plugins/com.st.stm32cube.ide.mcu.externaltools.gnu-tools-for-stm32.12.3.rel1.win32_1.0.100.202403111256/tools/bin/../lib/gcc/arm-none-eabi/12.3.1/../../../../arm-none-eabi/lib/thumb/v7e-m+fp/hard\libc_nano.a(libc_a-mallocr.o)
 .ARM.attributes
                0x000004ef       0x34 C:/ST/STM32CubeIDE_1.15.1/STM32CubeIDE/plugins/com.st.stm32cube.ide.mcu.externaltools.gnu-tools-for-stm32.12.3.rel1.win32_1.0.100.202403111256/tools/bin/../lib/gcc/arm-none-eabi/12.3.1/../../../../arm-none-eabi/lib/thumb/v7e-m+fp/hard\libc_nano.a(libc_a-mlock.o)
 .ARM.attributes
                0x00000523       0x34 C:/ST/STM32CubeIDE_1.15.1/STM32CubeIDE/plugins/com.st.stm32cube.ide.mcu.externaltools.gnu-tools-for-stm32.12.3.rel1.win32_1.0.100.202403111256/tools/bin/../lib/gcc/arm-none-eabi/12.3.1/../../../../arm-none-eabi/lib/thumb/v7e-m+fp/hard\libc_nano.a(libc_a-findfp.o)
 .ARM.attributes
                0x00000557       0x34 C:/ST/STM32CubeIDE_1.15.1/STM32CubeIDE/plugins/com.st.stm32cube.ide.mcu.externaltools.gnu-tools-for-stm32.12.3.rel1.win32_1.0.100.202403111256/tools/bin/../lib/gcc/arm-none-eabi/12.3.1/../../../../arm-none-eabi/lib/thumb/v7e-m+fp/hard\libc_nano.a(libc_a-memset.o)
 .ARM.attributes
                0x0000058b       0x34 C:/ST/STM32CubeIDE_1.15.1/STM32CubeIDE/plugins/com.st.stm32cube.ide.mcu.externaltools.gnu-tools-for-stm32.12.3.rel1.win32_1.0.100.202403111256/tools/bin/../lib/gcc/arm-none-eabi/12.3.1/../../../../arm-none-eabi/lib/thumb/v7e-m+fp/hard\libc_nano.a(libc_a-impure.o)
 .ARM.attributes
                0x000005bf       0x34 C:/ST/STM32CubeIDE_1.15.1/STM32CubeIDE/plugins/com.st.stm32cube.ide.mcu.externaltools.gnu-tools-for-stm32.12.3.rel1.win32_1.0.100.202403111256/tools/bin/../lib/gcc/arm-none-eabi/12.3.1/../../../../arm-none-eabi/lib/thumb/v7e-m+fp/hard\libc_nano.a(libc_a-init.o)
 .ARM.attributes
                0x000005f3       0x34 C:/ST/STM32CubeIDE_1.15.1/STM32CubeIDE/plugins/com.st.stm32cube.ide.mcu.externaltools.gnu-tools-for-stm32.12.3.rel1.win32_1.0.100.202403111256/tools/bin/../lib/gcc/arm-none-eabi/12.3.1/../../../../arm-none-eabi/lib/thumb/v7e-m+fp/hard\libc_nano.a(libc_a-lock.o)
 .ARM.attributes
                0x00000627       0x34 C:/ST/STM32CubeIDE_1.15.1/STM32CubeIDE/plugins/com.st.stm32cube.ide.mcu.externaltools.gnu-tools-for-stm32.12.3.rel1.win32_1.0.100.202403111256/tools/bin/../lib/gcc/arm-none-eabi/12.3.1/../../../../arm-none-eabi/lib/thumb/v7e-m+fp/hard\libc_nano.a(libc_a-freer.o)
 .ARM.attributes
                0x0000065b       0x22 C:/ST/STM32CubeIDE_1.15.1/STM32CubeIDE/plugins/com.st.stm32cube.ide.mcu.externaltools.gnu-tools-for-stm32.12.3.rel1.win32_1.0.100.202403111256/tools/bin/../lib/gcc/arm-none-eabi/12.3.1/thumb/v7e-m+fp/hard\libgcc.a(_aeabi_ldivmod.o)
 .ARM.attributes
                0x0000067d       0x22 C:/ST/STM32CubeIDE_1.15.1/STM32CubeIDE/plugins/com.st.stm32cube.ide.mcu.externaltools.gnu-tools-for-stm32.12.3.rel1.win32_1.0.100.202403111256/tools/bin/../lib/gcc/arm-none-eabi/12.3.1/thumb/v7e-m+fp/hard\libgcc.a(_aeabi_uldivmod.o)
 .ARM.attributes
                0x0000069f       0x34 C:/ST/STM32CubeIDE_1.15.1/STM32CubeIDE/plugins/com.st.stm32cube.ide.mcu.externaltools.gnu-tools-for-stm32.12.3.rel1.win32_1.0.100.202403111256/tools/bin/../lib/gcc/arm-none-eabi/12.3.1/thumb/v7e-m+fp/hard\libgcc.a(_udivmoddi4.o)
 .ARM.attributes
                0x000006d3       0x22 C:/ST/STM32CubeIDE_1.15.1/STM32CubeIDE/plugins/com.st.stm32cube.ide.mcu.externaltools.gnu-tools-for-stm32.12.3.rel1.win32_1.0.100.202403111256/tools/bin/../lib/gcc/arm-none-eabi/12.3.1/thumb/v7e-m+fp/hard\libgcc.a(_dvmd_tls.o)
 .ARM.attributes
                0x000006f5       0x22 C:/ST/STM32CubeIDE_1.15.1/STM32CubeIDE/plugins/com.st.stm32cube.ide.mcu.externaltools.gnu-tools-for-stm32.12.3.rel1.win32_1.0.100.202403111256/tools/bin/../lib/gcc/arm-none-eabi/12.3.1/thumb/v7e-m+fp/hard/crtn.o
OUTPUT(FrogClamp.elf elf32-littlearm)
LOAD linker stubs
LOAD C:/ST/STM32CubeIDE_1.15.1/STM32CubeIDE/plugins/com.st.stm32cube.ide.mcu.externaltools.gnu-tools-for-stm32.12.3.rel1.win32_1.0.100.202403111256/tools/bin/../lib/gcc/arm-none-eabi/12.3.1/../../../../arm-none-eabi/lib/thumb/v7e-m+fp/hard\libc.a
LOAD C:/ST/STM32CubeIDE_1.15.1/STM32CubeIDE/plugins/com.st.stm32cube.ide.mcu.externaltools.gnu-tools-for-stm32.12.3.rel1.win32_1.0.100.202403111256/tools/bin/../lib/gcc/arm-none-eabi/12.3.1/../../../../arm-none-eabi/lib/thumb/v7e-m+fp/hard\libm.a
LOAD C:/ST/STM32CubeIDE_1.15.1/STM32CubeIDE/plugins/com.st.stm32cube.ide.mcu.externaltools.gnu-tools-for-stm32.12.3.rel1.win32_1.0.100.202403111256/tools/bin/../lib/gcc/arm-none-eabi/12.3.1/thumb/v7e-m+fp/hard\libgcc.a

.debug_info     0x00000000     0xdb57
 .debug_info    0x00000000     0x14df ./Core/Src/EventLoop.o
 .debug_info    0x000014df     0x1b48 ./Core/Src/NRF24L.o
 .debug_info    0x00003027      0x857 ./Core/Src/adc.o
 .debug_info    0x0000387e     0x1176 ./Core/Src/bmp280.o
 .debug_info    0x000049f4      0x433 ./Core/Src/gpio.o
 .debug_info    0x00004e27      0x9a5 ./Core/Src/i2c.o
 .debug_info    0x000057cc      0x507 ./Core/Src/main.o
 .debug_info    0x00005cd3      0x980 ./Core/Src/spi.o
 .debug_info    0x00006653      0x291 ./Core/Src/stm32f4xx_hal_msp.o
 .debug_info    0x000068e4      0x112 ./Core/Src/stm32f4xx_it.o
 .debug_info    0x000069f6      0x53e ./Core/Src/system_stm32f4xx.o
 .debug_info    0x00006f34       0x30 ./Core/Startup/startup_stm32f411ceux.o
 .debug_info    0x00006f64      0x8c4 ./Drivers/STM32F4xx_HAL_Driver/Src/stm32f4xx_hal.o
 .debug_info    0x00007828      0xce0 ./Drivers/STM32F4xx_HAL_Driver/Src/stm32f4xx_hal_adc.o
 .debug_info    0x00008508      0xcfc ./Drivers/STM32F4xx_HAL_Driver/Src/stm32f4xx_hal_cortex.o
 .debug_info    0x00009204      0x6f9 ./Drivers/STM32F4xx_HAL_Driver/Src/stm32f4xx_hal_gpio.o
 .debug_info    0x000098fd     0x2426 ./Drivers/STM32F4xx_HAL_Driver/Src/stm32f4xx_hal_i2c.o
 .debug_info    0x0000bd23      0x904 ./Drivers/STM32F4xx_HAL_Driver/Src/stm32f4xx_hal_rcc.o
 .debug_info    0x0000c627     0x1530 ./Drivers/STM32F4xx_HAL_Driver/Src/stm32f4xx_hal_spi.o

.debug_abbrev   0x00000000     0x27f9
 .debug_abbrev  0x00000000      0x3ac ./Core/Src/EventLoop.o
 .debug_abbrev  0x000003ac      0x431 ./Core/Src/NRF24L.o
 .debug_abbrev  0x000007dd      0x1ce ./Core/Src/adc.o
 .debug_abbrev  0x000009ab      0x365 ./Core/Src/bmp280.o
 .debug_abbrev  0x00000d10      0x151 ./Core/Src/gpio.o
 .debug_abbrev  0x00000e61      0x1f0 ./Core/Src/i2c.o
 .debug_abbrev  0x00001051      0x1f6 ./Core/Src/main.o
 .debug_abbrev  0x00001247      0x1f8 ./Core/Src/spi.o
 .debug_abbrev  0x0000143f       0xd8 ./Core/Src/stm32f4xx_hal_msp.o
 .debug_abbrev  0x00001517       0x73 ./Core/Src/stm32f4xx_it.o
 .debug_abbrev  0x0000158a      0x11a ./Core/Src/system_stm32f4xx.o
 .debug_abbrev  0x000016a4       0x24 ./Core/Startup/startup_stm32f411ceux.o
 .debug_abbrev  0x000016c8      0x24b ./Drivers/STM32F4xx_HAL_Driver/Src/stm32f4xx_hal.o
 .debug_abbrev  0x00001913      0x20e ./Drivers/STM32F4xx_HAL_Driver/Src/stm32f4xx_hal_adc.o
 .debug_abbrev  0x00001b21      0x31d ./Drivers/STM32F4xx_HAL_Driver/Src/stm32f4xx_hal_cortex.o
 .debug_abbrev  0x00001e3e      0x1d3 ./Drivers/STM32F4xx_HAL_Driver/Src/stm32f4xx_hal_gpio.o
 .debug_abbrev  0x00002011      0x2bc ./Drivers/STM32F4xx_HAL_Driver/Src/stm32f4xx_hal_i2c.o
 .debug_abbrev  0x000022cd      0x2b6 ./Drivers/STM32F4xx_HAL_Driver/Src/stm32f4xx_hal_rcc.o
 .debug_abbrev  0x00002583      0x276 ./Drivers/STM32F4xx_HAL_Driver/Src/stm32f4xx_hal_spi.o

.debug_aranges  0x00000000      0xc98
 .debug_aranges
                0x00000000       0x48 ./Core/Src/EventLoop.o
 .debug_aranges
                0x00000048      0x1a8 ./Core/Src/NRF24L.o
 .debug_aranges
                0x000001f0       0x30 ./Core/Src/adc.o
 .debug_aranges
                0x00000220       0x98 ./Core/Src/bmp280.o
 .debug_aranges
                0x000002b8       0x20 ./Core/Src/gpio.o
 .debug_aranges
                0x000002d8       0x30 ./Core/Src/i2c.o
 .debug_aranges
                0x00000308       0x30 ./Core/Src/main.o
 .debug_aranges
                0x00000338       0x30 ./Core/Src/spi.o
 .debug_aranges
                0x00000368       0x20 ./Core/Src/stm32f4xx_hal_msp.o
 .debug_aranges
                0x00000388       0x60 ./Core/Src/stm32f4xx_it.o
 .debug_aranges
                0x000003e8       0x28 ./Core/Src/system_stm32f4xx.o
 .debug_aranges
                0x00000410       0x28 ./Core/Startup/startup_stm32f411ceux.o
 .debug_aranges
                0x00000438       0xf0 ./Drivers/STM32F4xx_HAL_Driver/Src/stm32f4xx_hal.o
 .debug_aranges
                0x00000528       0xe8 ./Drivers/STM32F4xx_HAL_Driver/Src/stm32f4xx_hal_adc.o
 .debug_aranges
                0x00000610      0x130 ./Drivers/STM32F4xx_HAL_Driver/Src/stm32f4xx_hal_cortex.o
 .debug_aranges
                0x00000740       0x58 ./Drivers/STM32F4xx_HAL_Driver/Src/stm32f4xx_hal_gpio.o
 .debug_aranges
                0x00000798      0x2a8 ./Drivers/STM32F4xx_HAL_Driver/Src/stm32f4xx_hal_i2c.o
 .debug_aranges
                0x00000a40       0x88 ./Drivers/STM32F4xx_HAL_Driver/Src/stm32f4xx_hal_rcc.o
 .debug_aranges
                0x00000ac8      0x1d0 ./Drivers/STM32F4xx_HAL_Driver/Src/stm32f4xx_hal_spi.o

.debug_rnglists
                0x00000000      0x995
 .debug_rnglists
                0x00000000       0x32 ./Core/Src/EventLoop.o
 .debug_rnglists
                0x00000032      0x13e ./Core/Src/NRF24L.o
 .debug_rnglists
                0x00000170       0x20 ./Core/Src/adc.o
 .debug_rnglists
                0x00000190       0x74 ./Core/Src/bmp280.o
 .debug_rnglists
                0x00000204       0x14 ./Core/Src/gpio.o
 .debug_rnglists
                0x00000218       0x20 ./Core/Src/i2c.o
 .debug_rnglists
                0x00000238       0x20 ./Core/Src/main.o
 .debug_rnglists
                0x00000258       0x20 ./Core/Src/spi.o
 .debug_rnglists
                0x00000278       0x13 ./Core/Src/stm32f4xx_hal_msp.o
 .debug_rnglists
                0x0000028b       0x43 ./Core/Src/stm32f4xx_it.o
 .debug_rnglists
                0x000002ce       0x1a ./Core/Src/system_stm32f4xx.o
 .debug_rnglists
                0x000002e8       0x19 ./Core/Startup/startup_stm32f411ceux.o
 .debug_rnglists
                0x00000301       0xaf ./Drivers/STM32F4xx_HAL_Driver/Src/stm32f4xx_hal.o
 .debug_rnglists
                0x000003b0       0xb5 ./Drivers/STM32F4xx_HAL_Driver/Src/stm32f4xx_hal_adc.o
 .debug_rnglists
                0x00000465       0xe0 ./Drivers/STM32F4xx_HAL_Driver/Src/stm32f4xx_hal_cortex.o
 .debug_rnglists
                0x00000545       0x3f ./Drivers/STM32F4xx_HAL_Driver/Src/stm32f4xx_hal_gpio.o
 .debug_rnglists
                0x00000584      0x23c ./Drivers/STM32F4xx_HAL_Driver/Src/stm32f4xx_hal_i2c.o
 .debug_rnglists
                0x000007c0       0x66 ./Drivers/STM32F4xx_HAL_Driver/Src/stm32f4xx_hal_rcc.o
 .debug_rnglists
                0x00000826      0x16f ./Drivers/STM32F4xx_HAL_Driver/Src/stm32f4xx_hal_spi.o

.debug_macro    0x00000000    0x1a29f
 .debug_macro   0x00000000      0x32a ./Core/Src/EventLoop.o
 .debug_macro   0x0000032a      0xb8c ./Core/Src/EventLoop.o
 .debug_macro   0x00000eb6      0x2a1 ./Core/Src/EventLoop.o
 .debug_macro   0x00001157       0x2e ./Core/Src/EventLoop.o
 .debug_macro   0x00001185       0x28 ./Core/Src/EventLoop.o
 .debug_macro   0x000011ad       0x1c ./Core/Src/EventLoop.o
 .debug_macro   0x000011c9       0x22 ./Core/Src/EventLoop.o
 .debug_macro   0x000011eb       0x8e ./Core/Src/EventLoop.o
 .debug_macro   0x00001279       0x51 ./Core/Src/EventLoop.o
 .debug_macro   0x000012ca      0x103 ./Core/Src/EventLoop.o
 .debug_macro   0x000013cd       0x6a ./Core/Src/EventLoop.o
 .debug_macro   0x00001437      0x1df ./Core/Src/EventLoop.o
 .debug_macro   0x00001616       0x1c ./Core/Src/EventLoop.o
 .debug_macro   0x00001632       0x22 ./Core/Src/EventLoop.o
 .debug_macro   0x00001654       0xfb ./Core/Src/EventLoop.o
 .debug_macro   0x0000174f     0x1011 ./Core/Src/EventLoop.o
 .debug_macro   0x00002760      0x11f ./Core/Src/EventLoop.o
 .debug_macro   0x0000287f     0xb968 ./Core/Src/EventLoop.o
 .debug_macro   0x0000e1e7       0x6d ./Core/Src/EventLoop.o
 .debug_macro   0x0000e254     0x3693 ./Core/Src/EventLoop.o
 .debug_macro   0x000118e7      0x190 ./Core/Src/EventLoop.o
 .debug_macro   0x00011a77       0x5c ./Core/Src/EventLoop.o
 .debug_macro   0x00011ad3      0x45c ./Core/Src/EventLoop.o
 .debug_macro   0x00011f2f      0x9e9 ./Core/Src/EventLoop.o
 .debug_macro   0x00012918      0x115 ./Core/Src/EventLoop.o
 .debug_macro   0x00012a2d      0x11b ./Core/Src/EventLoop.o
 .debug_macro   0x00012b48       0xa5 ./Core/Src/EventLoop.o
 .debug_macro   0x00012bed      0x15f ./Core/Src/EventLoop.o
 .debug_macro   0x00012d4c      0x287 ./Core/Src/EventLoop.o
 .debug_macro   0x00012fd3       0x5f ./Core/Src/EventLoop.o
 .debug_macro   0x00013032      0x236 ./Core/Src/EventLoop.o
 .debug_macro   0x00013268      0x9e1 ./Core/Src/EventLoop.o
 .debug_macro   0x00013c49      0x38b ./Core/Src/EventLoop.o
 .debug_macro   0x00013fd4      0x17d ./Core/Src/EventLoop.o
 .debug_macro   0x00014151       0xf9 ./Core/Src/EventLoop.o
 .debug_macro   0x0001424a      0x132 ./Core/Src/EventLoop.o
 .debug_macro   0x0001437c      0x264 ./Core/Src/EventLoop.o
 .debug_macro   0x000145e0       0x2e ./Core/Src/EventLoop.o
 .debug_macro   0x0001460e      0x1b5 ./Core/Src/EventLoop.o
 .debug_macro   0x000147c3       0x22 ./Core/Src/EventLoop.o
 .debug_macro   0x000147e5       0xd6 ./Core/Src/EventLoop.o
 .debug_macro   0x000148bb      0x127 ./Core/Src/EventLoop.o
 .debug_macro   0x000149e2       0x85 ./Core/Src/EventLoop.o
 .debug_macro   0x00014a67       0x89 ./Core/Src/EventLoop.o
 .debug_macro   0x00014af0      0x225 ./Core/Src/EventLoop.o
 .debug_macro   0x00014d15      0x126 ./Core/Src/EventLoop.o
 .debug_macro   0x00014e3b       0x16 ./Core/Src/EventLoop.o
 .debug_macro   0x00014e51       0x1c ./Core/Src/EventLoop.o
 .debug_macro   0x00014e6d       0x61 ./Core/Src/EventLoop.o
 .debug_macro   0x00014ece       0x2a ./Core/Src/EventLoop.o
 .debug_macro   0x00014ef8       0x43 ./Core/Src/EventLoop.o
 .debug_macro   0x00014f3b       0x34 ./Core/Src/EventLoop.o
 .debug_macro   0x00014f6f       0x16 ./Core/Src/EventLoop.o
 .debug_macro   0x00014f85       0x35 ./Core/Src/EventLoop.o
 .debug_macro   0x00014fba      0x38c ./Core/Src/EventLoop.o
 .debug_macro   0x00015346       0x10 ./Core/Src/EventLoop.o
 .debug_macro   0x00015356       0x16 ./Core/Src/EventLoop.o
 .debug_macro   0x0001536c       0x43 ./Core/Src/EventLoop.o
 .debug_macro   0x000153af       0x34 ./Core/Src/EventLoop.o
 .debug_macro   0x000153e3       0x10 ./Core/Src/EventLoop.o
 .debug_macro   0x000153f3       0x58 ./Core/Src/EventLoop.o
 .debug_macro   0x0001544b       0x8e ./Core/Src/EventLoop.o
 .debug_macro   0x000154d9       0x16 ./Core/Src/EventLoop.o
 .debug_macro   0x000154ef      0x177 ./Core/Src/EventLoop.o
 .debug_macro   0x00015666       0x16 ./Core/Src/EventLoop.o
 .debug_macro   0x0001567c       0x16 ./Core/Src/EventLoop.o
 .debug_macro   0x00015692      0x138 ./Core/Src/EventLoop.o
 .debug_macro   0x000157ca       0x76 ./Core/Src/EventLoop.o
 .debug_macro   0x00015840      0x1a4 ./Core/Src/EventLoop.o
 .debug_macro   0x000159e4      0x224 ./Core/Src/NRF24L.o
 .debug_macro   0x00015c08       0x70 ./Core/Src/NRF24L.o
 .debug_macro   0x00015c78      0x19e ./Core/Src/NRF24L.o
 .debug_macro   0x00015e16      0x214 ./Core/Src/adc.o
 .debug_macro   0x0001602a      0xab4 ./Core/Src/adc.o
 .debug_macro   0x00016ade     0x1011 ./Core/Src/adc.o
 .debug_macro   0x00017aef      0x189 ./Core/Src/adc.o
 .debug_macro   0x00017c78      0x27e ./Core/Src/bmp280.o
 .debug_macro   0x00017ef6      0x214 ./Core/Src/gpio.o
 .debug_macro   0x0001810a      0x214 ./Core/Src/i2c.o
 .debug_macro   0x0001831e      0x318 ./Core/Src/main.o
 .debug_macro   0x00018636       0x34 ./Core/Src/main.o
 .debug_macro   0x0001866a       0x35 ./Core/Src/main.o
 .debug_macro   0x0001869f      0x369 ./Core/Src/main.o
 .debug_macro   0x00018a08       0x43 ./Core/Src/main.o
 .debug_macro   0x00018a4b       0x1c ./Core/Src/main.o
 .debug_macro   0x00018a67      0x146 ./Core/Src/main.o
 .debug_macro   0x00018bad      0x214 ./Core/Src/spi.o
 .debug_macro   0x00018dc1      0x20a ./Core/Src/stm32f4xx_hal_msp.o
 .debug_macro   0x00018fcb      0x214 ./Core/Src/stm32f4xx_it.o
 .debug_macro   0x000191df      0x1fb ./Core/Src/system_stm32f4xx.o
 .debug_macro   0x000193da      0x25b ./Drivers/STM32F4xx_HAL_Driver/Src/stm32f4xx_hal.o
 .debug_macro   0x00019635      0x1fc ./Drivers/STM32F4xx_HAL_Driver/Src/stm32f4xx_hal_adc.o
 .debug_macro   0x00019831      0x1fb ./Drivers/STM32F4xx_HAL_Driver/Src/stm32f4xx_hal_cortex.o
 .debug_macro   0x00019a2c      0x201 ./Drivers/STM32F4xx_HAL_Driver/Src/stm32f4xx_hal_gpio.o
 .debug_macro   0x00019c2d      0x249 ./Drivers/STM32F4xx_HAL_Driver/Src/stm32f4xx_hal_i2c.o
 .debug_macro   0x00019e76      0x21f ./Drivers/STM32F4xx_HAL_Driver/Src/stm32f4xx_hal_rcc.o
 .debug_macro   0x0001a095      0x20a ./Drivers/STM32F4xx_HAL_Driver/Src/stm32f4xx_hal_spi.o

.debug_line     0x00000000    0x1071b
 .debug_line    0x00000000      0xa7b ./Core/Src/EventLoop.o
 .debug_line    0x00000a7b      0xece ./Core/Src/NRF24L.o
 .debug_line    0x00001949      0x805 ./Core/Src/adc.o
 .debug_line    0x0000214e      0xe7a ./Core/Src/bmp280.o
 .debug_line    0x00002fc8      0x7c6 ./Core/Src/gpio.o
 .debug_line    0x0000378e      0x7fe ./Core/Src/i2c.o
 .debug_line    0x00003f8c      0x991 ./Core/Src/main.o
 .debug_line    0x0000491d      0x806 ./Core/Src/spi.o
 .debug_line    0x00005123      0x794 ./Core/Src/stm32f4xx_hal_msp.o
 .debug_line    0x000058b7      0x857 ./Core/Src/stm32f4xx_it.o
 .debug_line    0x0000610e      0x80a ./Core/Src/system_stm32f4xx.o
 .debug_line    0x00006918       0x7a ./Core/Startup/startup_stm32f411ceux.o
 .debug_line    0x00006992      0xa82 ./Drivers/STM32F4xx_HAL_Driver/Src/stm32f4xx_hal.o
 .debug_line    0x00007414     0x124d ./Drivers/STM32F4xx_HAL_Driver/Src/stm32f4xx_hal_adc.o
 .debug_line    0x00008661      0xd74 ./Drivers/STM32F4xx_HAL_Driver/Src/stm32f4xx_hal_cortex.o
 .debug_line    0x000093d5      0xbd2 ./Drivers/STM32F4xx_HAL_Driver/Src/stm32f4xx_hal_gpio.o
 .debug_line    0x00009fa7     0x3bc3 ./Drivers/STM32F4xx_HAL_Driver/Src/stm32f4xx_hal_i2c.o
 .debug_line    0x0000db6a      0xe0b ./Drivers/STM32F4xx_HAL_Driver/Src/stm32f4xx_hal_rcc.o
 .debug_line    0x0000e975     0x1da6 ./Drivers/STM32F4xx_HAL_Driver/Src/stm32f4xx_hal_spi.o

.debug_str      0x00000000    0x9587f
 .debug_str     0x00000000    0x91de4 ./Core/Src/EventLoop.o
                              0x922dd (size before relaxing)
 .debug_str     0x00091de4      0x9f9 ./Core/Src/NRF24L.o
                              0x8e775 (size before relaxing)
 .debug_str     0x000927dd      0x500 ./Core/Src/adc.o
                              0x8cf8d (size before relaxing)
 .debug_str     0x00092cdd      0x2d6 ./Core/Src/bmp280.o
                              0x8dd58 (size before relaxing)
 .debug_str     0x00092fb3       0x6a ./Core/Src/gpio.o
                              0x8cbb5 (size before relaxing)
 .debug_str     0x0009301d       0x68 ./Core/Src/i2c.o
                              0x8d0e9 (size before relaxing)
 .debug_str     0x00093085      0x2ba ./Core/Src/main.o
                              0x90412 (size before relaxing)
 .debug_str     0x0009333f       0x4b ./Core/Src/spi.o
                              0x8d041 (size before relaxing)
 .debug_str     0x0009338a       0x2c ./Core/Src/stm32f4xx_hal_msp.o
                              0x8caea (size before relaxing)
 .debug_str     0x000933b6       0xc9 ./Core/Src/stm32f4xx_it.o
                              0x8ca5e (size before relaxing)
 .debug_str     0x0009347f       0xdb ./Core/Src/system_stm32f4xx.o
                              0x8ca01 (size before relaxing)
 .debug_str     0x0009355a       0x44 ./Core/Startup/startup_stm32f411ceux.o
                                 0x79 (size before relaxing)
 .debug_str     0x0009359e      0x939 ./Drivers/STM32F4xx_HAL_Driver/Src/stm32f4xx_hal.o
                              0x8d42d (size before relaxing)
 .debug_str     0x00093ed7      0x2d5 ./Drivers/STM32F4xx_HAL_Driver/Src/stm32f4xx_hal_adc.o
                              0x8cfdc (size before relaxing)
 .debug_str     0x000941ac      0x37f ./Drivers/STM32F4xx_HAL_Driver/Src/stm32f4xx_hal_cortex.o
                              0x8d197 (size before relaxing)
 .debug_str     0x0009452b      0x10b ./Drivers/STM32F4xx_HAL_Driver/Src/stm32f4xx_hal_gpio.o
                              0x8cb7c (size before relaxing)
 .debug_str     0x00094636      0xb13 ./Drivers/STM32F4xx_HAL_Driver/Src/stm32f4xx_hal_i2c.o
                              0x8da12 (size before relaxing)
 .debug_str     0x00095149      0x213 ./Drivers/STM32F4xx_HAL_Driver/Src/stm32f4xx_hal_rcc.o
                              0x8ce35 (size before relaxing)
 .debug_str     0x0009535c      0x523 ./Drivers/STM32F4xx_HAL_Driver/Src/stm32f4xx_hal_spi.o
                              0x8d2ad (size before relaxing)

.comment        0x00000000       0x43
 .comment       0x00000000       0x43 ./Core/Src/EventLoop.o
                                 0x44 (size before relaxing)
 .comment       0x00000043       0x44 ./Core/Src/NRF24L.o
 .comment       0x00000043       0x44 ./Core/Src/adc.o
 .comment       0x00000043       0x44 ./Core/Src/bmp280.o
 .comment       0x00000043       0x44 ./Core/Src/gpio.o
 .comment       0x00000043       0x44 ./Core/Src/i2c.o
 .comment       0x00000043       0x44 ./Core/Src/main.o
 .comment       0x00000043       0x44 ./Core/Src/spi.o
 .comment       0x00000043       0x44 ./Core/Src/stm32f4xx_hal_msp.o
 .comment       0x00000043       0x44 ./Core/Src/stm32f4xx_it.o
 .comment       0x00000043       0x44 ./Core/Src/system_stm32f4xx.o
 .comment       0x00000043       0x44 ./Drivers/STM32F4xx_HAL_Driver/Src/stm32f4xx_hal.o
 .comment       0x00000043       0x44 ./Drivers/STM32F4xx_HAL_Driver/Src/stm32f4xx_hal_adc.o
 .comment       0x00000043       0x44 ./Drivers/STM32F4xx_HAL_Driver/Src/stm32f4xx_hal_cortex.o
 .comment       0x00000043       0x44 ./Drivers/STM32F4xx_HAL_Driver/Src/stm32f4xx_hal_gpio.o
 .comment       0x00000043       0x44 ./Drivers/STM32F4xx_HAL_Driver/Src/stm32f4xx_hal_i2c.o
 .comment       0x00000043       0x44 ./Drivers/STM32F4xx_HAL_Driver/Src/stm32f4xx_hal_rcc.o
 .comment       0x00000043       0x44 ./Drivers/STM32F4xx_HAL_Driver/Src/stm32f4xx_hal_spi.o

.debug_frame    0x00000000     0x3670
 .debug_frame   0x00000000       0xcc ./Core/Src/EventLoop.o
 .debug_frame   0x000000cc      0x724 ./Core/Src/NRF24L.o
 .debug_frame   0x000007f0       0x84 ./Core/Src/adc.o
 .debug_frame   0x00000874      0x274 ./Core/Src/bmp280.o
 .debug_frame   0x00000ae8       0x34 ./Core/Src/gpio.o
 .debug_frame   0x00000b1c       0x74 ./Core/Src/i2c.o
 .debug_frame   0x00000b90       0x68 ./Core/Src/main.o
 .debug_frame   0x00000bf8       0x74 ./Core/Src/spi.o
 .debug_frame   0x00000c6c       0x38 ./Core/Src/stm32f4xx_hal_msp.o
 .debug_frame   0x00000ca4      0x104 ./Core/Src/stm32f4xx_it.o
 .debug_frame   0x00000da8       0x58 ./Core/Src/system_stm32f4xx.o
 .debug_frame   0x00000e00      0x374 ./Drivers/STM32F4xx_HAL_Driver/Src/stm32f4xx_hal.o
 .debug_frame   0x00001174      0x3fc ./Drivers/STM32F4xx_HAL_Driver/Src/stm32f4xx_hal_adc.o
 .debug_frame   0x00001570      0x508 ./Drivers/STM32F4xx_HAL_Driver/Src/stm32f4xx_hal_cortex.o
 .debug_frame   0x00001a78      0x14c ./Drivers/STM32F4xx_HAL_Driver/Src/stm32f4xx_hal_gpio.o
 .debug_frame   0x00001bc4      0xc84 ./Drivers/STM32F4xx_HAL_Driver/Src/stm32f4xx_hal_i2c.o
 .debug_frame   0x00002848      0x1f4 ./Drivers/STM32F4xx_HAL_Driver/Src/stm32f4xx_hal_rcc.o
 .debug_frame   0x00002a3c      0x828 ./Drivers/STM32F4xx_HAL_Driver/Src/stm32f4xx_hal_spi.o
 .debug_frame   0x00003264       0x20 C:/ST/STM32CubeIDE_1.15.1/STM32CubeIDE/plugins/com.st.stm32cube.ide.mcu.externaltools.gnu-tools-for-stm32.12.3.rel1.win32_1.0.100.202403111256/tools/bin/../lib/gcc/arm-none-eabi/12.3.1/../../../../arm-none-eabi/lib/thumb/v7e-m+fp/hard\libstdc++_nano.a(del_ops.o)
 .debug_frame   0x00003284       0x20 C:/ST/STM32CubeIDE_1.15.1/STM32CubeIDE/plugins/com.st.stm32cube.ide.mcu.externaltools.gnu-tools-for-stm32.12.3.rel1.win32_1.0.100.202403111256/tools/bin/../lib/gcc/arm-none-eabi/12.3.1/../../../../arm-none-eabi/lib/thumb/v7e-m+fp/hard\libstdc++_nano.a(del_op.o)
 .debug_frame   0x000032a4       0x30 C:/ST/STM32CubeIDE_1.15.1/STM32CubeIDE/plugins/com.st.stm32cube.ide.mcu.externaltools.gnu-tools-for-stm32.12.3.rel1.win32_1.0.100.202403111256/tools/bin/../lib/gcc/arm-none-eabi/12.3.1/../../../../arm-none-eabi/lib/thumb/v7e-m+fp/hard\libc_nano.a(libc_a-malloc.o)
 .debug_frame   0x000032d4       0x50 C:/ST/STM32CubeIDE_1.15.1/STM32CubeIDE/plugins/com.st.stm32cube.ide.mcu.externaltools.gnu-tools-for-stm32.12.3.rel1.win32_1.0.100.202403111256/tools/bin/../lib/gcc/arm-none-eabi/12.3.1/../../../../arm-none-eabi/lib/thumb/v7e-m+fp/hard\libc_nano.a(libc_a-mallocr.o)
 .debug_frame   0x00003324       0x30 C:/ST/STM32CubeIDE_1.15.1/STM32CubeIDE/plugins/com.st.stm32cube.ide.mcu.externaltools.gnu-tools-for-stm32.12.3.rel1.win32_1.0.100.202403111256/tools/bin/../lib/gcc/arm-none-eabi/12.3.1/../../../../arm-none-eabi/lib/thumb/v7e-m+fp/hard\libc_nano.a(libc_a-mlock.o)
 .debug_frame   0x00003354      0x144 C:/ST/STM32CubeIDE_1.15.1/STM32CubeIDE/plugins/com.st.stm32cube.ide.mcu.externaltools.gnu-tools-for-stm32.12.3.rel1.win32_1.0.100.202403111256/tools/bin/../lib/gcc/arm-none-eabi/12.3.1/../../../../arm-none-eabi/lib/thumb/v7e-m+fp/hard\libc_nano.a(libc_a-findfp.o)
 .debug_frame   0x00003498       0x20 C:/ST/STM32CubeIDE_1.15.1/STM32CubeIDE/plugins/com.st.stm32cube.ide.mcu.externaltools.gnu-tools-for-stm32.12.3.rel1.win32_1.0.100.202403111256/tools/bin/../lib/gcc/arm-none-eabi/12.3.1/../../../../arm-none-eabi/lib/thumb/v7e-m+fp/hard\libc_nano.a(libc_a-memset.o)
 .debug_frame   0x000034b8       0x2c C:/ST/STM32CubeIDE_1.15.1/STM32CubeIDE/plugins/com.st.stm32cube.ide.mcu.externaltools.gnu-tools-for-stm32.12.3.rel1.win32_1.0.100.202403111256/tools/bin/../lib/gcc/arm-none-eabi/12.3.1/../../../../arm-none-eabi/lib/thumb/v7e-m+fp/hard\libc_nano.a(libc_a-init.o)
 .debug_frame   0x000034e4       0xb0 C:/ST/STM32CubeIDE_1.15.1/STM32CubeIDE/plugins/com.st.stm32cube.ide.mcu.externaltools.gnu-tools-for-stm32.12.3.rel1.win32_1.0.100.202403111256/tools/bin/../lib/gcc/arm-none-eabi/12.3.1/../../../../arm-none-eabi/lib/thumb/v7e-m+fp/hard\libc_nano.a(libc_a-lock.o)
 .debug_frame   0x00003594       0x38 C:/ST/STM32CubeIDE_1.15.1/STM32CubeIDE/plugins/com.st.stm32cube.ide.mcu.externaltools.gnu-tools-for-stm32.12.3.rel1.win32_1.0.100.202403111256/tools/bin/../lib/gcc/arm-none-eabi/12.3.1/../../../../arm-none-eabi/lib/thumb/v7e-m+fp/hard\libc_nano.a(libc_a-freer.o)
 .debug_frame   0x000035cc       0x44 C:/ST/STM32CubeIDE_1.15.1/STM32CubeIDE/plugins/com.st.stm32cube.ide.mcu.externaltools.gnu-tools-for-stm32.12.3.rel1.win32_1.0.100.202403111256/tools/bin/../lib/gcc/arm-none-eabi/12.3.1/thumb/v7e-m+fp/hard\libgcc.a(_aeabi_ldivmod.o)
 .debug_frame   0x00003610       0x2c C:/ST/STM32CubeIDE_1.15.1/STM32CubeIDE/plugins/com.st.stm32cube.ide.mcu.externaltools.gnu-tools-for-stm32.12.3.rel1.win32_1.0.100.202403111256/tools/bin/../lib/gcc/arm-none-eabi/12.3.1/thumb/v7e-m+fp/hard\libgcc.a(_aeabi_uldivmod.o)
 .debug_frame   0x0000363c       0x34 C:/ST/STM32CubeIDE_1.15.1/STM32CubeIDE/plugins/com.st.stm32cube.ide.mcu.externaltools.gnu-tools-for-stm32.12.3.rel1.win32_1.0.100.202403111256/tools/bin/../lib/gcc/arm-none-eabi/12.3.1/thumb/v7e-m+fp/hard\libgcc.a(_udivmoddi4.o)

.debug_line_str
                0x00000000       0x5d
 .debug_line_str
                0x00000000       0x5d ./Core/Startup/startup_stm32f411ceux.o
