Archive member included to satisfy reference by file (symbol)

D:/ST/STM32CubeIDE_1.6.1/STM32CubeIDE/plugins/com.st.stm32cube.ide.mcu.externaltools.gnu-tools-for-stm32.12.3.rel1.win32_1.0.100.202403111256/tools/bin/../lib/gcc/arm-none-eabi/12.3.1/../../../../arm-none-eabi/lib/thumb/v7e-m+fp/hard\libstdc++_nano.a(del_ops.o)
                              ./Core/Src/NRF24L.o (operator delete(void*, unsigned int))
D:/ST/STM32CubeIDE_1.6.1/STM32CubeIDE/plugins/com.st.stm32cube.ide.mcu.externaltools.gnu-tools-for-stm32.12.3.rel1.win32_1.0.100.202403111256/tools/bin/../lib/gcc/arm-none-eabi/12.3.1/../../../../arm-none-eabi/lib/thumb/v7e-m+fp/hard\libstdc++_nano.a(del_op.o)
                              D:/ST/STM32CubeIDE_1.6.1/STM32CubeIDE/plugins/com.st.stm32cube.ide.mcu.externaltools.gnu-tools-for-stm32.12.3.rel1.win32_1.0.100.202403111256/tools/bin/../lib/gcc/arm-none-eabi/12.3.1/../../../../arm-none-eabi/lib/thumb/v7e-m+fp/hard\libstdc++_nano.a(del_ops.o) (operator delete(void*))
D:/ST/STM32CubeIDE_1.6.1/STM32CubeIDE/plugins/com.st.stm32cube.ide.mcu.externaltools.gnu-tools-for-stm32.12.3.rel1.win32_1.0.100.202403111256/tools/bin/../lib/gcc/arm-none-eabi/12.3.1/../../../../arm-none-eabi/lib/thumb/v7e-m+fp/hard\libc_nano.a(libc_a-exit.o)
                              D:/ST/STM32CubeIDE_1.6.1/STM32CubeIDE/plugins/com.st.stm32cube.ide.mcu.externaltools.gnu-tools-for-stm32.12.3.rel1.win32_1.0.100.202403111256/tools/bin/../lib/gcc/arm-none-eabi/12.3.1/../../../../arm-none-eabi/lib/thumb/v7e-m+fp/hard/crt0.o (exit)
D:/ST/STM32CubeIDE_1.6.1/STM32CubeIDE/plugins/com.st.stm32cube.ide.mcu.externaltools.gnu-tools-for-stm32.12.3.rel1.win32_1.0.100.202403111256/tools/bin/../lib/gcc/arm-none-eabi/12.3.1/../../../../arm-none-eabi/lib/thumb/v7e-m+fp/hard\libc_nano.a(libc_a-malloc.o)
                              D:/ST/STM32CubeIDE_1.6.1/STM32CubeIDE/plugins/com.st.stm32cube.ide.mcu.externaltools.gnu-tools-for-stm32.12.3.rel1.win32_1.0.100.202403111256/tools/bin/../lib/gcc/arm-none-eabi/12.3.1/../../../../arm-none-eabi/lib/thumb/v7e-m+fp/hard\libstdc++_nano.a(del_op.o) (free)
D:/ST/STM32CubeIDE_1.6.1/STM32CubeIDE/plugins/com.st.stm32cube.ide.mcu.externaltools.gnu-tools-for-stm32.12.3.rel1.win32_1.0.100.202403111256/tools/bin/../lib/gcc/arm-none-eabi/12.3.1/../../../../arm-none-eabi/lib/thumb/v7e-m+fp/hard\libc_nano.a(libc_a-mallocr.o)
                              D:/ST/STM32CubeIDE_1.6.1/STM32CubeIDE/plugins/com.st.stm32cube.ide.mcu.externaltools.gnu-tools-for-stm32.12.3.rel1.win32_1.0.100.202403111256/tools/bin/../lib/gcc/arm-none-eabi/12.3.1/../../../../arm-none-eabi/lib/thumb/v7e-m+fp/hard\libc_nano.a(libc_a-malloc.o) (_malloc_r)
D:/ST/STM32CubeIDE_1.6.1/STM32CubeIDE/plugins/com.st.stm32cube.ide.mcu.externaltools.gnu-tools-for-stm32.12.3.rel1.win32_1.0.100.202403111256/tools/bin/../lib/gcc/arm-none-eabi/12.3.1/../../../../arm-none-eabi/lib/thumb/v7e-m+fp/hard\libc_nano.a(libc_a-mlock.o)
                              D:/ST/STM32CubeIDE_1.6.1/STM32CubeIDE/plugins/com.st.stm32cube.ide.mcu.externaltools.gnu-tools-for-stm32.12.3.rel1.win32_1.0.100.202403111256/tools/bin/../lib/gcc/arm-none-eabi/12.3.1/../../../../arm-none-eabi/lib/thumb/v7e-m+fp/hard\libc_nano.a(libc_a-mallocr.o) (__malloc_lock)
D:/ST/STM32CubeIDE_1.6.1/STM32CubeIDE/plugins/com.st.stm32cube.ide.mcu.externaltools.gnu-tools-for-stm32.12.3.rel1.win32_1.0.100.202403111256/tools/bin/../lib/gcc/arm-none-eabi/12.3.1/../../../../arm-none-eabi/lib/thumb/v7e-m+fp/hard\libc_nano.a(libc_a-findfp.o)
                              D:/ST/STM32CubeIDE_1.6.1/STM32CubeIDE/plugins/com.st.stm32cube.ide.mcu.externaltools.gnu-tools-for-stm32.12.3.rel1.win32_1.0.100.202403111256/tools/bin/../lib/gcc/arm-none-eabi/12.3.1/../../../../arm-none-eabi/lib/thumb/v7e-m+fp/hard\libc_nano.a(libc_a-exit.o) (__stdio_exit_handler)
D:/ST/STM32CubeIDE_1.6.1/STM32CubeIDE/plugins/com.st.stm32cube.ide.mcu.externaltools.gnu-tools-for-stm32.12.3.rel1.win32_1.0.100.202403111256/tools/bin/../lib/gcc/arm-none-eabi/12.3.1/../../../../arm-none-eabi/lib/thumb/v7e-m+fp/hard\libc_nano.a(libc_a-fwalk.o)
                              D:/ST/STM32CubeIDE_1.6.1/STM32CubeIDE/plugins/com.st.stm32cube.ide.mcu.externaltools.gnu-tools-for-stm32.12.3.rel1.win32_1.0.100.202403111256/tools/bin/../lib/gcc/arm-none-eabi/12.3.1/../../../../arm-none-eabi/lib/thumb/v7e-m+fp/hard\libc_nano.a(libc_a-findfp.o) (_fwalk_sglue)
D:/ST/STM32CubeIDE_1.6.1/STM32CubeIDE/plugins/com.st.stm32cube.ide.mcu.externaltools.gnu-tools-for-stm32.12.3.rel1.win32_1.0.100.202403111256/tools/bin/../lib/gcc/arm-none-eabi/12.3.1/../../../../arm-none-eabi/lib/thumb/v7e-m+fp/hard\libc_nano.a(libc_a-stdio.o)
                              D:/ST/STM32CubeIDE_1.6.1/STM32CubeIDE/plugins/com.st.stm32cube.ide.mcu.externaltools.gnu-tools-for-stm32.12.3.rel1.win32_1.0.100.202403111256/tools/bin/../lib/gcc/arm-none-eabi/12.3.1/../../../../arm-none-eabi/lib/thumb/v7e-m+fp/hard\libc_nano.a(libc_a-findfp.o) (__sread)
[...]
Memory Configuration

Name             Origin             Length             Attributes
RAM              0x20000000         0x00020000         xrw
FLASH            0x08000000         0x00080000         xr
*default*        0x00000000         0xffffffff

Linker script and memory map

LOAD D:/ST/STM32CubeIDE_1.6.1/STM32CubeIDE/plugins/com.st.stm32cube.ide.mcu.externaltools.gnu-tools-for-stm32.12.3.rel1.win32_1.0.100.202403111256/tools/bin/../lib/gcc/arm-none-eabi/12.3.1/thumb/v7e-m+fp/hard/crti.o
LOAD D:/ST/STM32CubeIDE_1.6.1/STM32CubeIDE/plugins/com.st.stm32cube.ide.mcu.externaltools.gnu-tools-for-stm32.12.3.rel1.win32_1.0.100.202403111256/tools/bin/../lib/gcc/arm-none-eabi/12.3.1/thumb/v7e-m+fp/hard/crtbegin.o
LOAD D:/ST/STM32CubeIDE_1.6.1/STM32CubeIDE/plugins/com.st.stm32cube.ide.mcu.externaltools.gnu-tools-for-stm32.12.3.rel1.win32_1.0.100.202403111256/tools/bin/../lib/gcc/arm-none-eabi/12.3.1/../../../../arm-none-eabi/lib/thumb/v7e-m+fp/hard/crt0.o
LOAD ./Core/Src/EventLoop.o
LOAD ./Core/Src/NRF24L.o
LOAD ./Core/Src/bmp280.o
LOAD ./Core/Src/gpio.o
LOAD ./Core/Src/i2c.o
LOAD ./Core/Src/main.o
LOAD ./Core/Src/spi.o
LOAD ./Core/Src/stm32f4xx_hal_msp.o
LOAD ./Core/Src/stm32f4xx_it.o
LOAD ./Core/Src/syscalls.o
LOAD ./Core/Src/sysmem.o
LOAD ./Core/Src/system_stm32f4xx.o
LOAD ./Core/Startup/startup_stm32f411ceux.o
LOAD ./Drivers/STM32F4xx_HAL_Driver/Src/stm32f4xx_hal.o
LOAD ./Drivers/STM32F4xx_HAL_Driver/Src/stm32f4xx_hal_cortex.o
LOAD ./Drivers/STM32F4xx_HAL_Driver/Src/stm32f4xx_hal_dma.o
LOAD ./Drivers/STM32F4xx_HAL_Driver/Src/stm32f4xx_hal_dma_ex.o
LOAD ./Drivers/STM32F4xx_HAL_Driver/Src/stm32f4xx_hal_exti.o
LOAD ./Drivers/STM32F4xx_HAL_Driver/Src/stm32f4xx_hal_flash.o
LOAD ./Drivers/STM32F4xx_HAL_Driver/Src/stm32f4xx_hal_flash_ex.o
LOAD ./Drivers/STM32F4xx_HAL_Driver/Src/stm32f4xx_hal_flash_ramfunc.o
LOAD ./Drivers/STM32F4xx_HAL_Driver/Src/stm32f4xx_hal_gpio.o
LOAD ./Drivers/STM32F4xx_HAL_Driver/Src/stm32f4xx_hal_i2c.o
LOAD ./Drivers/STM32F4xx_HAL_Driver/Src/stm32f4xx_hal_i2c_ex.o
LOAD ./Drivers/STM32F4xx_HAL_Driver/Src/stm32f4xx_hal_pwr.o
LOAD ./Drivers/STM32F4xx_HAL_Driver/Src/stm32f4xx_hal_pwr_ex.o
LOAD ./Drivers/STM32F4xx_HAL_Driver/Src/stm32f4xx_hal_rcc.o
LOAD ./Drivers/STM32F4xx_HAL_Driver/Src/stm32f4xx_hal_rcc_ex.o
LOAD ./Drivers/STM32F4xx_HAL_Driver/Src/stm32f4xx_hal_spi.o
LOAD ./Drivers/STM32F4xx_HAL_Driver/Src/stm32f4xx_hal_tim.o
LOAD ./Drivers/STM32F4xx_HAL_Driver/Src/stm32f4xx_hal_tim_ex.o
START GROUP
LOAD D:/ST/STM32CubeIDE_1.6.1/STM32CubeIDE/plugins/com.st.stm32cube.ide.mcu.externaltools.gnu-tools-for-stm32.12.3.rel1.win32_1.0.100.202403111256/tools/bin/../lib/gcc/arm-none-eabi/12.3.1/../../../../arm-none-eabi/lib/thumb/v7e-m+fp/hard\libstdc++_nano.a
LOAD D:/ST/STM32CubeIDE_1.6.1/STM32CubeIDE/plugins/com.st.stm32cube.ide.mcu.externaltools.gnu-tools-for-stm32.12.3.rel1.win32_1.0.100.202403111256/tools/bin/../lib/gcc/arm-none-eabi/12.3.1/../../../../arm-none-eabi/lib/thumb/v7e-m+fp/hard\libsupc++_nano.a
END GROUP
LOAD D:/ST/STM32CubeIDE_1.6.1/STM32CubeIDE/plugins/com.st.stm32cube.ide.mcu.externaltools.gnu-tools-for-stm32.12.3.rel1.win32_1.0.100.202403111256/tools/bin/../lib/gcc/arm-none-eabi/12.3.1/../../../../arm-none-eabi/lib/thumb/v7e-m+fp/hard\libstdc++_nano.a
LOAD D:/ST/STM32CubeIDE_1.6.1/STM32CubeIDE/plugins/com.st.stm32cube.ide.mcu.externaltools.gnu-tools-for-stm32.12.3.rel1.win32_1.0.100.202403111256/tools/bin/../lib/gcc/arm-none-eabi/12.3.1/../../../../arm-none-eabi/lib/thumb/v7e-m+fp/hard\libm.a
LOAD D:/ST/STM32CubeIDE_1.6.1/STM32CubeIDE/plugins/com.st.stm32cube.ide.mcu.externaltools.gnu-tools-for-stm32.12.3.rel1.win32_1.0.100.202403111256/tools/bin/../lib/gcc/arm-none-eabi/12.3.1/../../../../arm-none-eabi/lib/thumb/v7e-m+fp/hard\libc_nano.a
START GROUP
LOAD D:/ST/STM32CubeIDE_1.6.1/STM32CubeIDE/plugins/com.st.stm32cube.ide.mcu.externaltools.gnu-tools-for-stm32.12.3.rel1.win32_1.0.100.202403111256/tools/bin/../lib/gcc/arm-none-eabi/12.3.1/thumb/v7e-m+fp/hard\libgcc.a
LOAD D:/ST/STM32CubeIDE_1.6.1/STM32CubeIDE/plugins/com.st.stm32cube.ide.mcu.externaltools.gnu-tools-for-stm32.12.3.rel1.win32_1.0.100.202403111256/tools/bin/../lib/gcc/arm-none-eabi/12.3.1/../../../../arm-none-eabi/lib/thumb/v7e-m+fp/hard\libc_nano.a
END GROUP
START GROUP
LOAD D:/ST/STM32CubeIDE_1.6.1/STM32CubeIDE/plugins/com.st.stm32cube.ide.mcu.externaltools.gnu-tools-for-stm32.12.3.rel1.win32_1.0.100.202403111256/tools/bin/../lib/gcc/arm-none-eabi/12.3.1/thumb/v7e-m+fp/hard\libgcc.a
LOAD D:/ST/STM32CubeIDE_1.6.1/STM32CubeIDE/plugins/com.st.stm32cube.ide.mcu.externaltools.gnu-tools-for-stm32.12.3.rel1.win32_1.0.100.202403111256/tools/bin/../lib/gcc/arm-none-eabi/12.3.1/../../../../arm-none-eabi/lib/thumb/v7e-m+fp/hard\libc_nano.a
END GROUP
LOAD D:/ST/STM32CubeIDE_1.6.1/STM32CubeIDE/plugins/com.st.stm32cube.ide.mcu.externaltools.gnu-tools-for-stm32.12.3.rel1.win32_1.0.100.202403111256/tools/bin/../lib/gcc/arm-none-eabi/12.3.1/thumb/v7e-m+fp/hard/crtend.o
LOAD D:/ST/STM32CubeIDE_1.6.1/STM32CubeIDE/plugins/com.st.stm32cube.ide.mcu.externaltools.gnu-tools-for-stm32.12.3.rel1.win32_1.0.100.202403111256/tools/bin/../lib/gcc/arm-none-eabi/12.3.1/thumb/v7e-m+fp/hard/crtn.o
                0x20020000                        _estack = (ORIGIN (RAM) + LENGTH (RAM))
                0x00000200                        _Min_Heap_Size = 0x200
                0x00000400                        _Min_Stack_Size = 0x400

.isr_vector     0x08000000      0x198
                0x08000000                        . = ALIGN (0x4)
 *(.isr_vector)
 .isr_vector    0x08000000      0x198 ./Core/Startup/startup_stm32f411ceux.o
                0x08000000                g_pfnVectors
                0x08000198                        . = ALIGN (0x4)

.text           0x08000198     0x45a0
                0x08000198                        . = ALIGN (0x4)
 *(.text)
 .text          0x08000198       0x40 D:/ST/STM32CubeIDE_1.6.1/STM32CubeIDE/plugins/com.st.stm32cube.ide.mcu.externaltools.gnu-tools-for-stm32.12.3.rel1.win32_1.0.100.202403111256/tools/bin/../lib/gcc/arm-none-eabi/12.3.1/thumb/v7e-m+fp/hard/crtbegin.o
 .text          0x080001d8       0xa0 D:/ST/STM32CubeIDE_1.6.1/STM32CubeIDE/plugins/com.st.stm32cube.ide.mcu.externaltools.gnu-tools-for-stm32.12.3.rel1.win32_1.0.100.202403111256/tools/bin/../lib/gcc/arm-none-eabi/12.3.1/thumb/v7e-m+fp/hard\libgcc.a(_aeabi_ldivmod.o)
                0x080001d8                __aeabi_ldivmod
 .text          0x08000278       0x30 D:/ST/STM32CubeIDE_1.6.1/STM32CubeIDE/plugins/com.st.stm32cube.ide.mcu.externaltools.gnu-tools-for-stm32.12.3.rel1.win32_1.0.100.202403111256/tools/bin/../lib/gcc/arm-none-eabi/12.3.1/thumb/v7e-m+fp/hard\libgcc.a(_aeabi_uldivmod.o)
                0x08000278                __aeabi_uldivmod
 .text          0x080002a8      0x2bc D:/ST/STM32CubeIDE_1.6.1/STM32CubeIDE/plugins/com.st.stm32cube.ide.mcu.externaltools.gnu-tools-for-stm32.12.3.rel1.win32_1.0.100.202403111256/tools/bin/../lib/gcc/arm-none-eabi/12.3.1/thumb/v7e-m+fp/hard\libgcc.a(_udivmoddi4.o)
                0x080002a8                __udivmoddi4
 .text          0x08000564        0x4 D:/ST/STM32CubeIDE_1.6.1/STM32CubeIDE/plugins/com.st.stm32cube.ide.mcu.externaltools.gnu-tools-for-stm32.12.3.rel1.win32_1.0.100.202403111256/tools/bin/../lib/gcc/arm-none-eabi/12.3.1/thumb/v7e-m+fp/hard\libgcc.a(_dvmd_tls.o)
                0x08000564                __aeabi_idiv0
                0x08000564                __aeabi_ldiv0
 *(.text*)
 .text._Z12EventLoopCppv
                0x08000568       0x98 ./Core/Src/EventLoop.o
                0x08000568                EventLoopCpp()
 .text.EventLoopC
                0x08000600        0xc ./Core/Src/EventLoop.o
                0x08000600                EventLoopC
 .text._Z41__static_initialization_and_destruction_0ii
                0x0800060c       0x74 ./Core/Src/EventLoop.o
 .text._GLOBAL__sub_I_bmp280
                0x08000680       0x10 ./Core/Src/EventLoop.o
 .text._GLOBAL__sub_D_bmp280
                0x08000690       0x10 ./Core/Src/EventLoop.o
 .text._ZN6NRF24LC2EP19__SPI_HandleTypeDefP12GPIO_TypeDeftS3_t
                0x080006a0       0x70 ./Core/Src/NRF24L.o
                0x080006a0                NRF24L::NRF24L(__SPI_HandleTypeDef*, GPIO_TypeDef*, unsigned short, GPIO_TypeDef*, unsigned short)
                0x080006a0                NRF24L::NRF24L(__SPI_HandleTypeDef*, GPIO_TypeDef*, unsigned short, GPIO_TypeDef*, unsigned short)
 .text._ZN6NRF24LD2Ev
                0x08000710       0x20 ./Core/Src/NRF24L.o
                0x08000710                NRF24L::~NRF24L()
                0x08000710                NRF24L::~NRF24L()
 .text._ZN6NRF24LD0Ev
                0x08000730       0x20 ./Core/Src/NRF24L.o
                0x08000730                NRF24L::~NRF24L()
 .text._ZN6NRF24L10nRF24_CE_HEv
                0x08000750       0x20 ./Core/Src/NRF24L.o
                0x08000750                NRF24L::nRF24_CE_H()
 .text._ZN6NRF24L11nRF24_CSN_LEv
                0x08000770       0x20 ./Core/Src/NRF24L.o
                0x08000770                NRF24L::nRF24_CSN_L()
 .text._ZN6NRF24L11nRF24_CSN_HEv
                0x08000790       0x20 ./Core/Src/NRF24L.o
                0x08000790                NRF24L::nRF24_CSN_H()
 .text._ZN6NRF24L11nRF24_LL_RWEh
                0x080007b0       0x40 ./Core/Src/NRF24L.o
                0x080007b0                NRF24L::nRF24_LL_RW(unsigned char)
 .text._ZN6NRF24L7ReadRegEh
                0x080007f0       0x3e ./Core/Src/NRF24L.o
                0x080007f0                NRF24L::ReadReg(unsigned char)
 .text._ZN6NRF24L8WriteRegEhh
                0x0800082e       0x78 ./Core/Src/NRF24L.o
                0x0800082e                NRF24L::WriteReg(unsigned char, unsigned char)
 .text._ZN6NRF24L9ReadMBRegEhPhh
                0x080008a6       0x5a ./Core/Src/NRF24L.o
                0x080008a6                NRF24L::ReadMBReg(unsigned char, unsigned char*, unsigned char)
 .text._ZN6NRF24L10WriteMBRegEhPhh
                0x08000900       0x58 ./Core/Src/NRF24L.o
                0x08000900                NRF24L::WriteMBReg(unsigned char, unsigned char*, unsigned char)
 .text._ZN6NRF24L4InitEv
                0x08000958       0xc8 ./Core/Src/NRF24L.o
                0x08000958                NRF24L::Init()
 .text._ZN6NRF24L5CheckEv
                0x08000a20       0x6c ./Core/Src/NRF24L.o
                0x08000a20                NRF24L::Check()
 .text._ZN6NRF24L12SetPowerModeEh
                0x08000a8c       0x44 ./Core/Src/NRF24L.o
                0x08000a8c                NRF24L::SetPowerMode(unsigned char)
 .text._ZN6NRF24L18SetOperationalModeEh
                0x08000ad0       0x42 ./Core/Src/NRF24L.o
                0x08000ad0                NRF24L::SetOperationalMode(unsigned char)
 .text._ZN6NRF24L12SetCRCSchemeEh
                0x08000b12       0x42 ./Core/Src/NRF24L.o
                0x08000b12                NRF24L::SetCRCScheme(unsigned char)
 .text._ZN6NRF24L12SetRFChannelEh
                0x08000b54       0x20 ./Core/Src/NRF24L.o
                0x08000b54                NRF24L::SetRFChannel(unsigned char)
 .text._ZN6NRF24L12SetAddrWidthEh
                0x08000b74       0x24 ./Core/Src/NRF24L.o
                0x08000b74                NRF24L::SetAddrWidth(unsigned char)
 .text._ZN6NRF24L7SetAddrEhPKh
                0x08000b98       0xa8 ./Core/Src/NRF24L.o
                0x08000b98                NRF24L::SetAddr(unsigned char, unsigned char const*)
 .text._ZN6NRF24L11SetDataRateEh
                0x08000c40       0x3c ./Core/Src/NRF24L.o
                0x08000c40                NRF24L::SetDataRate(unsigned char)
 .text._ZN6NRF24L9SetRXPipeEhhh
                0x08000c7c       0xb4 ./Core/Src/NRF24L.o
                0x08000c7c                NRF24L::SetRXPipe(unsigned char, unsigned char, unsigned char)
 .text._ZN6NRF24L9DisableAAEh
                0x08000d30       0x56 ./Core/Src/NRF24L.o
                0x08000d30                NRF24L::DisableAA(unsigned char)
 .text._ZN6NRF24L7FlushTXEv
                0x08000d86       0x1a ./Core/Src/NRF24L.o
                0x08000d86                NRF24L::FlushTX()
 .text._ZN6NRF24L7FlushRXEv
                0x08000da0       0x1a ./Core/Src/NRF24L.o
                0x08000da0                NRF24L::FlushRX()
 .text._ZN6NRF24L13ClearIRQFlagsEv
                0x08000dba       0x30 ./Core/Src/NRF24L.o
                0x08000dba                NRF24L::ClearIRQFlags()
 *fill*         0x08000dea        0x2 
 .text._ZN6NRF24L6InitRXEPhh
                0x08000dec       0x70 ./Core/Src/NRF24L.o
                0x08000dec                NRF24L::InitRX(unsigned char*, unsigned char)
 .text._ZN6BMP280C2EPNS_20BMP280_HandleTypedefE
                0x08000e5c       0x20 ./Core/Src/bmp280.o
                0x08000e5c                BMP280::BMP280(BMP280::BMP280_HandleTypedef*)
                0x08000e5c                BMP280::BMP280(BMP280::BMP280_HandleTypedef*)
 .text._ZN6BMP280D2Ev
                0x08000e7c       0x16 ./Core/Src/bmp280.o
                0x08000e7c                BMP280::~BMP280()
                0x08000e7c                BMP280::~BMP280()
 .text._ZN6BMP28026bmp280_init_default_paramsEv
                0x08000e92       0x50 ./Core/Src/bmp280.o
                0x08000e92                BMP280::bmp280_init_default_params()
 .text._ZN6BMP28015read_register16EhPt
                0x08000ee2       0x6c ./Core/Src/bmp280.o
                0x08000ee2                BMP280::read_register16(unsigned char, unsigned short*)
 .text._ZN6BMP2809read_dataEhPhh
                0x08000f4e       0x5e ./Core/Src/bmp280.o
                0x08000f4e                BMP280::read_data(unsigned char, unsigned char*, unsigned char)
 .text._ZN6BMP28021read_calibration_dataEv
                0x08000fac      0x126 ./Core/Src/bmp280.o
                0x08000fac                BMP280::read_calibration_data()
 .text._ZN6BMP28025read_hum_calibration_dataEv
                0x080010d2       0xd8 ./Core/Src/bmp280.o
                0x080010d2                BMP280::read_hum_calibration_data()
 .text._ZN6BMP28015write_register8Ehh
                0x080011aa       0x58 ./Core/Src/bmp280.o
                0x080011aa                BMP280::write_register8(unsigned char, unsigned char)
 .text._ZN6BMP28011bmp280_initEv
                0x08001202      0x1cc ./Core/Src/bmp280.o
                0x08001202                BMP280::bmp280_init()
 .text._ZN6BMP28022compensate_temperatureElPl
                0x080013ce       0x7c ./Core/Src/bmp280.o
                0x080013ce                BMP280::compensate_temperature(long, long*)
 .text._ZN6BMP28019compensate_pressureEll
                0x0800144a      0x58e ./Core/Src/bmp280.o
                0x0800144a                BMP280::compensate_pressure(long, long)
 .text._ZN6BMP28019compensate_humidityEll
                0x080019d8       0xca ./Core/Src/bmp280.o
                0x080019d8                BMP280::compensate_humidity(long, long)
 .text._ZN6BMP28017bmp280_read_fixedEPlPmS1_
                0x08001aa2       0xd6 ./Core/Src/bmp280.o
                0x08001aa2                BMP280::bmp280_read_fixed(long*, unsigned long*, unsigned long*)
 .text._ZN6BMP28017bmp280_read_floatEPfS0_S0_
                0x08001b78       0x98 ./Core/Src/bmp280.o
                0x08001b78                BMP280::bmp280_read_float(float*, float*, float*)
 .text.MX_GPIO_Init
                0x08001c10       0xc4 ./Core/Src/gpio.o
                0x08001c10                MX_GPIO_Init
 .text.MX_I2C1_Init
                0x08001cd4       0x5c ./Core/Src/i2c.o
                0x08001cd4                MX_I2C1_Init
 .text.HAL_I2C_MspInit
                0x08001d30       0x90 ./Core/Src/i2c.o
                0x08001d30                HAL_I2C_MspInit
 .text.main     0x08001dc0       0x20 ./Core/Src/main.o
                0x08001dc0                main
 .text.SystemClock_Config
                0x08001de0       0xd0 ./Core/Src/main.o
                0x08001de0                SystemClock_Config
 .text.Error_Handler
                0x08001eb0        0xc ./Core/Src/main.o
                0x08001eb0                Error_Handler
 .text.MX_SPI2_Init
                0x08001ebc       0x6c ./Core/Src/spi.o
                0x08001ebc                MX_SPI2_Init
 .text.HAL_SPI_MspInit
                0x08001f28       0x90 ./Core/Src/spi.o
                0x08001f28                HAL_SPI_MspInit
 .text.HAL_MspInit
                0x08001fb8       0x50 ./Core/Src/stm32f4xx_hal_msp.o
                0x08001fb8                HAL_MspInit
 .text.NMI_Handler
                0x08002008        0x8 ./Core/Src/stm32f4xx_it.o
                0x08002008                NMI_Handler
 .text.HardFault_Handler
                0x08002010        0x8 ./Core/Src/stm32f4xx_it.o
                0x08002010                HardFault_Handler
 .text.MemManage_Handler
                0x08002018        0x8 ./Core/Src/stm32f4xx_it.o
                0x08002018                MemManage_Handler
 .text.BusFault_Handler
                0x08002020        0x8 ./Core/Src/stm32f4xx_it.o
                0x08002020                BusFault_Handler
 .text.UsageFault_Handler
                0x08002028        0x8 ./Core/Src/stm32f4xx_it.o
                0x08002028                UsageFault_Handler
 .text.SVC_Handler
                0x08002030        0xe ./Core/Src/stm32f4xx_it.o
                0x08002030                SVC_Handler
 .text.DebugMon_Handler
                0x0800203e        0xe ./Core/Src/stm32f4xx_it.o
                0x0800203e                DebugMon_Handler
 .text.PendSV_Handler
                0x0800204c        0xe ./Core/Src/stm32f4xx_it.o
                0x0800204c                PendSV_Handler
 .text.SysTick_Handler
                0x0800205a        0xc ./Core/Src/stm32f4xx_it.o
                0x0800205a                SysTick_Handler
 *fill*         0x08002066        0x2 
 .text.SystemInit
                0x08002068       0x24 ./Core/Src/system_stm32f4xx.o
                0x08002068                SystemInit
 .text.Reset_Handler
                0x0800208c       0x50 ./Core/Startup/startup_stm32f411ceux.o
                0x0800208c                Reset_Handler
 .text.Default_Handler
                0x080020dc        0x2 ./Core/Startup/startup_stm32f411ceux.o
                0x080020dc                RTC_Alarm_IRQHandler
                0x080020dc                EXTI2_IRQHandler
                0x080020dc                SPI4_IRQHandler
                0x080020dc                TIM1_CC_IRQHandler
                0x080020dc                DMA2_Stream5_IRQHandler
                0x080020dc                DMA1_Stream5_IRQHandler
                0x080020dc                PVD_IRQHandler
                0x080020dc                SDIO_IRQHandler
                0x080020dc                TAMP_STAMP_IRQHandler
                0x080020dc                EXTI3_IRQHandler
                0x080020dc                TIM1_UP_TIM10_IRQHandler
                0x080020dc                I2C3_ER_IRQHandler
                0x080020dc                EXTI0_IRQHandler
                0x080020dc                I2C2_EV_IRQHandler
                0x080020dc                DMA1_Stream2_IRQHandler
                0x080020dc                FPU_IRQHandler
                0x080020dc                DMA2_Stream2_IRQHandler
                0x080020dc                SPI1_IRQHandler
                0x080020dc                TIM1_BRK_TIM9_IRQHandler
                0x080020dc                DMA2_Stream3_IRQHandler
                0x080020dc                USART6_IRQHandler
                0x080020dc                DMA2_Stream0_IRQHandler
                0x080020dc                TIM4_IRQHandler
                0x080020dc                I2C1_EV_IRQHandler
                0x080020dc                DMA1_Stream6_IRQHandler
                0x080020dc                DMA1_Stream1_IRQHandler
                0x080020dc                TIM3_IRQHandler
                0x080020dc                RCC_IRQHandler
                0x080020dc                Default_Handler
                0x080020dc                EXTI15_10_IRQHandler
                0x080020dc                ADC_IRQHandler
                0x080020dc                DMA1_Stream7_IRQHandler
                0x080020dc                SPI5_IRQHandler
                0x080020dc                TIM5_IRQHandler
                0x080020dc                DMA2_Stream7_IRQHandler
                0x080020dc                I2C3_EV_IRQHandler
                0x080020dc                EXTI9_5_IRQHandler
                0x080020dc                RTC_WKUP_IRQHandler
                0x080020dc                SPI2_IRQHandler
                0x080020dc                DMA1_Stream0_IRQHandler
                0x080020dc                EXTI4_IRQHandler
                0x080020dc                WWDG_IRQHandler
                0x080020dc                TIM2_IRQHandler
                0x080020dc                OTG_FS_WKUP_IRQHandler
                0x080020dc                TIM1_TRG_COM_TIM11_IRQHandler
                0x080020dc                EXTI1_IRQHandler
                0x080020dc                USART2_IRQHandler
                0x080020dc                I2C2_ER_IRQHandler
                0x080020dc                DMA2_Stream1_IRQHandler
                0x080020dc                FLASH_IRQHandler
                0x080020dc                DMA2_Stream4_IRQHandler
                0x080020dc                USART1_IRQHandler
                0x080020dc                OTG_FS_IRQHandler
                0x080020dc                SPI3_IRQHandler
                0x080020dc                DMA1_Stream4_IRQHandler
                0x080020dc                I2C1_ER_IRQHandler
                0x080020dc                DMA2_Stream6_IRQHandler
                0x080020dc                DMA1_Stream3_IRQHandler
 *fill*         0x080020de        0x2 
 .text.HAL_Init
                0x080020e0       0x44 ./Drivers/STM32F4xx_HAL_Driver/Src/stm32f4xx_hal.o
                0x080020e0                HAL_Init
 .text.HAL_InitTick
                0x08002124       0x60 ./Drivers/STM32F4xx_HAL_Driver/Src/stm32f4xx_hal.o
                0x08002124                HAL_InitTick
 .text.HAL_IncTick
                0x08002184       0x28 ./Drivers/STM32F4xx_HAL_Driver/Src/stm32f4xx_hal.o
                0x08002184                HAL_IncTick
 .text.HAL_GetTick
                0x080021ac       0x18 ./Drivers/STM32F4xx_HAL_Driver/Src/stm32f4xx_hal.o
                0x080021ac                HAL_GetTick
 .text.HAL_Delay
                0x080021c4       0x48 ./Drivers/STM32F4xx_HAL_Driver/Src/stm32f4xx_hal.o
                0x080021c4                HAL_Delay
 .text.__NVIC_SetPriorityGrouping
                0x0800220c       0x48 ./Drivers/STM32F4xx_HAL_Driver/Src/stm32f4xx_hal_cortex.o
 .text.__NVIC_GetPriorityGrouping
                0x08002254       0x1c ./Drivers/STM32F4xx_HAL_Driver/Src/stm32f4xx_hal_cortex.o
 .text.__NVIC_SetPriority
                0x08002270       0x54 ./Drivers/STM32F4xx_HAL_Driver/Src/stm32f4xx_hal_cortex.o
 .text.NVIC_EncodePriority
                0x080022c4       0x66 ./Drivers/STM32F4xx_HAL_Driver/Src/stm32f4xx_hal_cortex.o
 *fill*         0x0800232a        0x2 
 .text.SysTick_Config
                0x0800232c       0x44 ./Drivers/STM32F4xx_HAL_Driver/Src/stm32f4xx_hal_cortex.o
 .text.HAL_NVIC_SetPriorityGrouping
                0x08002370       0x16 ./Drivers/STM32F4xx_HAL_Driver/Src/stm32f4xx_hal_cortex.o
                0x08002370                HAL_NVIC_SetPriorityGrouping
 .text.HAL_NVIC_SetPriority
                0x08002386       0x38 ./Drivers/STM32F4xx_HAL_Driver/Src/stm32f4xx_hal_cortex.o
                0x08002386                HAL_NVIC_SetPriority
 .text.HAL_SYSTICK_Config
                0x080023be       0x18 ./Drivers/STM32F4xx_HAL_Driver/Src/stm32f4xx_hal_cortex.o
                0x080023be                HAL_SYSTICK_Config
 *fill*         0x080023d6        0x2 
 .text.HAL_GPIO_Init
                0x080023d8      0x308 ./Drivers/STM32F4xx_HAL_Driver/Src/stm32f4xx_hal_gpio.o
                0x080023d8                HAL_GPIO_Init
 .text.HAL_GPIO_WritePin
                0x080026e0       0x32 ./Drivers/STM32F4xx_HAL_Driver/Src/stm32f4xx_hal_gpio.o
                0x080026e0                HAL_GPIO_WritePin
 *fill*         0x08002712        0x2 
 .text.HAL_I2C_Init
                0x08002714      0x288 ./Drivers/STM32F4xx_HAL_Driver/Src/stm32f4xx_hal_i2c.o
                0x08002714                HAL_I2C_Init
 .text.HAL_I2C_Mem_Write
                0x0800299c      0x1f4 ./Drivers/STM32F4xx_HAL_Driver/Src/stm32f4xx_hal_i2c.o
                0x0800299c                HAL_I2C_Mem_Write
 .text.HAL_I2C_Mem_Read
                0x08002b90      0x464 ./Drivers/STM32F4xx_HAL_Driver/Src/stm32f4xx_hal_i2c.o
                0x08002b90                HAL_I2C_Mem_Read
 .text.I2C_RequestMemoryWrite
                0x08002ff4      0x12c ./Drivers/STM32F4xx_HAL_Driver/Src/stm32f4xx_hal_i2c.o
 .text.I2C_RequestMemoryRead
                0x08003120      0x1d0 ./Drivers/STM32F4xx_HAL_Driver/Src/stm32f4xx_hal_i2c.o
 .text.I2C_WaitOnFlagUntilTimeout
                0x080032f0       0xf4 ./Drivers/STM32F4xx_HAL_Driver/Src/stm32f4xx_hal_i2c.o
 .text.I2C_WaitOnMasterAddressFlagUntilTimeout
                0x080033e4      0x140 ./Drivers/STM32F4xx_HAL_Driver/Src/stm32f4xx_hal_i2c.o
 .text.I2C_WaitOnTXEFlagUntilTimeout
                0x08003524       0x90 ./Drivers/STM32F4xx_HAL_Driver/Src/stm32f4xx_hal_i2c.o
 .text.I2C_WaitOnBTFFlagUntilTimeout
                0x080035b4       0x90 ./Drivers/STM32F4xx_HAL_Driver/Src/stm32f4xx_hal_i2c.o
 .text.I2C_WaitOnRXNEFlagUntilTimeout
                0x08003644       0xba ./Drivers/STM32F4xx_HAL_Driver/Src/stm32f4xx_hal_i2c.o
 .text.I2C_IsAcknowledgeFailed
                0x080036fe       0x5e ./Drivers/STM32F4xx_HAL_Driver/Src/stm32f4xx_hal_i2c.o
 .text.HAL_RCC_OscConfig
                0x0800375c      0x4f0 ./Drivers/STM32F4xx_HAL_Driver/Src/stm32f4xx_hal_rcc.o
                0x0800375c                HAL_RCC_OscConfig
 .text.HAL_RCC_ClockConfig
                0x08003c4c      0x1cc ./Drivers/STM32F4xx_HAL_Driver/Src/stm32f4xx_hal_rcc.o
                0x08003c4c                HAL_RCC_ClockConfig
 .text.HAL_RCC_GetSysClockFreq
                0x08003e18      0x18c ./Drivers/STM32F4xx_HAL_Driver/Src/stm32f4xx_hal_rcc.o
                0x08003e18                HAL_RCC_GetSysClockFreq
 .text.HAL_RCC_GetHCLKFreq
                0x08003fa4       0x18 ./Drivers/STM32F4xx_HAL_Driver/Src/stm32f4xx_hal_rcc.o
                0x08003fa4                HAL_RCC_GetHCLKFreq
 .text.HAL_RCC_GetPCLK1Freq
                0x08003fbc       0x28 ./Drivers/STM32F4xx_HAL_Driver/Src/stm32f4xx_hal_rcc.o
                0x08003fbc                HAL_RCC_GetPCLK1Freq
 .text.HAL_SPI_Init
                0x08003fe4      0x112 ./Drivers/STM32F4xx_HAL_Driver/Src/stm32f4xx_hal_spi.o
                0x08003fe4                HAL_SPI_Init
 .text.HAL_SPI_TransmitReceive
                0x080040f6      0x352 ./Drivers/STM32F4xx_HAL_Driver/Src/stm32f4xx_hal_spi.o
                0x080040f6                HAL_SPI_TransmitReceive
 .text.SPI_WaitFlagStateUntilTimeout
                0x08004448      0x110 ./Drivers/STM32F4xx_HAL_Driver/Src/stm32f4xx_hal_spi.o
 .text.SPI_EndRxTxTransaction
                0x08004558       0xa8 ./Drivers/STM32F4xx_HAL_Driver/Src/stm32f4xx_hal_spi.o
 .text._ZdlPvj  0x08004600        0x4 D:/ST/STM32CubeIDE_1.6.1/STM32CubeIDE/plugins/com.st.stm32cube.ide.mcu.externaltools.gnu-tools-for-stm32.12.3.rel1.win32_1.0.100.202403111256/tools/bin/../lib/gcc/arm-none-eabi/12.3.1/../../../../arm-none-eabi/lib/thumb/v7e-m+fp/hard\libstdc++_nano.a(del_ops.o)
                0x08004600                operator delete(void*, unsigned int)
 .text._ZdlPv   0x08004604        0x4 D:/ST/STM32CubeIDE_1.6.1/STM32CubeIDE/plugins/com.st.stm32cube.ide.mcu.externaltools.gnu-tools-for-stm32.12.3.rel1.win32_1.0.100.202403111256/tools/bin/../lib/gcc/arm-none-eabi/12.3.1/../../../../arm-none-eabi/lib/thumb/v7e-m+fp/hard\libstdc++_nano.a(del_op.o)
                0x08004604                operator delete(void*)
 .text.free     0x08004608       0x10 D:/ST/STM32CubeIDE_1.6.1/STM32CubeIDE/plugins/com.st.stm32cube.ide.mcu.externaltools.gnu-tools-for-stm32.12.3.rel1.win32_1.0.100.202403111256/tools/bin/../lib/gcc/arm-none-eabi/12.3.1/../../../../arm-none-eabi/lib/thumb/v7e-m+fp/hard\libc_nano.a(libc_a-malloc.o)
                0x08004608                free
 .text.__malloc_lock
                0x08004618        0xc D:/ST/STM32CubeIDE_1.6.1/STM32CubeIDE/plugins/com.st.stm32cube.ide.mcu.externaltools.gnu-tools-for-stm32.12.3.rel1.win32_1.0.100.202403111256/tools/bin/../lib/gcc/arm-none-eabi/12.3.1/../../../../arm-none-eabi/lib/thumb/v7e-m+fp/hard\libc_nano.a(libc_a-mlock.o)
                0x08004618                __malloc_lock
 .text.__malloc_unlock
                0x08004624        0xc D:/ST/STM32CubeIDE_1.6.1/STM32CubeIDE/plugins/com.st.stm32cube.ide.mcu.externaltools.gnu-tools-for-stm32.12.3.rel1.win32_1.0.100.202403111256/tools/bin/../lib/gcc/arm-none-eabi/12.3.1/../../../../arm-none-eabi/lib/thumb/v7e-m+fp/hard\libc_nano.a(libc_a-mlock.o)
                0x08004624                __malloc_unlock
 .text.memset   0x08004630       0x10 D:/ST/STM32CubeIDE_1.6.1/STM32CubeIDE/plugins/com.st.stm32cube.ide.mcu.externaltools.gnu-tools-for-stm32.12.3.rel1.win32_1.0.100.202403111256/tools/bin/../lib/gcc/arm-none-eabi/12.3.1/../../../../arm-none-eabi/lib/thumb/v7e-m+fp/hard\libc_nano.a(libc_a-memset.o)
                0x08004630                memset
 .text.__libc_init_array
                0x08004640       0x48 D:/ST/STM32CubeIDE_1.6.1/STM32CubeIDE/plugins/com.st.stm32cube.ide.mcu.externaltools.gnu-tools-for-stm32.12.3.rel1.win32_1.0.100.202403111256/tools/bin/../lib/gcc/arm-none-eabi/12.3.1/../../../../arm-none-eabi/lib/thumb/v7e-m+fp/hard\libc_nano.a(libc_a-init.o)
                0x08004640                __libc_init_array
 .text.__retarget_lock_acquire_recursive
                0x08004688        0x2 D:/ST/STM32CubeIDE_1.6.1/STM32CubeIDE/plugins/com.st.stm32cube.ide.mcu.externaltools.gnu-tools-for-stm32.12.3.rel1.win32_1.0.100.202403111256/tools/bin/../lib/gcc/arm-none-eabi/12.3.1/../../../../arm-none-eabi/lib/thumb/v7e-m+fp/hard\libc_nano.a(libc_a-lock.o)
                0x08004688                __retarget_lock_acquire_recursive
 .text.__retarget_lock_release_recursive
                0x0800468a        0x2 D:/ST/STM32CubeIDE_1.6.1/STM32CubeIDE/plugins/com.st.stm32cube.ide.mcu.externaltools.gnu-tools-for-stm32.12.3.rel1.win32_1.0.100.202403111256/tools/bin/../lib/gcc/arm-none-eabi/12.3.1/../../../../arm-none-eabi/lib/thumb/v7e-m+fp/hard\libc_nano.a(libc_a-lock.o)
                0x0800468a                __retarget_lock_release_recursive
 .text._free_r  0x0800468c       0x94 D:/ST/STM32CubeIDE_1.6.1/STM32CubeIDE/plugins/com.st.stm32cube.ide.mcu.externaltools.gnu-tools-for-stm32.12.3.rel1.win32_1.0.100.202403111256/tools/bin/../lib/gcc/arm-none-eabi/12.3.1/../../../../arm-none-eabi/lib/thumb/v7e-m+fp/hard\libc_nano.a(libc_a-freer.o)
                0x0800468c                _free_r
 *(.glue_7)
 .glue_7        0x08004720        0x0 linker stubs
 *(.glue_7t)
 .glue_7t       0x08004720        0x0 linker stubs
 *(.eh_frame)
 .eh_frame      0x08004720        0x0 D:/ST/STM32CubeIDE_1.6.1/STM32CubeIDE/plugins/com.st.stm32cube.ide.mcu.externaltools.gnu-tools-for-stm32.12.3.rel1.win32_1.0.100.202403111256/tools/bin/../lib/gcc/arm-none-eabi/12.3.1/thumb/v7e-m+fp/hard/crtbegin.o
 *(.init)
 .init          0x08004720        0x4 D:/ST/STM32CubeIDE_1.6.1/STM32CubeIDE/plugins/com.st.stm32cube.ide.mcu.externaltools.gnu-tools-for-stm32.12.3.rel1.win32_1.0.100.202403111256/tools/bin/../lib/gcc/arm-none-eabi/12.3.1/thumb/v7e-m+fp/hard/crti.o
                0x08004720                _init
 .init          0x08004724        0x8 D:/ST/STM32CubeIDE_1.6.1/STM32CubeIDE/plugins/com.st.stm32cube.ide.mcu.externaltools.gnu-tools-for-stm32.12.3.rel1.win32_1.0.100.202403111256/tools/bin/../lib/gcc/arm-none-eabi/12.3.1/thumb/v7e-m+fp/hard/crtn.o
 *(.fini)
 .fini          0x0800472c        0x4 D:/ST/STM32CubeIDE_1.6.1/STM32CubeIDE/plugins/com.st.stm32cube.ide.mcu.externaltools.gnu-tools-for-stm32.12.3.rel1.win32_1.0.100.202403111256/tools/bin/../lib/gcc/arm-none-eabi/12.3.1/thumb/v7e-m+fp/hard/crti.o
                0x0800472c                _fini
 .fini          0x08004730        0x8 D:/ST/STM32CubeIDE_1.6.1/STM32CubeIDE/plugins/com.st.stm32cube.ide.mcu.externaltools.gnu-tools-for-stm32.12.3.rel1.win32_1.0.100.202403111256/tools/bin/../lib/gcc/arm-none-eabi/12.3.1/thumb/v7e-m+fp/hard/crtn.o
                0x08004738                        . = ALIGN (0x4)
                0x08004738                        _etext = .

.vfp11_veneer   0x08004738        0x0
 .vfp11_veneer  0x08004738        0x0 linker stubs

.v4_bx          0x08004738        0x0
 .v4_bx         0x08004738        0x0 linker stubs

.iplt           0x08004738        0x0
 .iplt          0x08004738        0x0 D:/ST/STM32CubeIDE_1.6.1/STM32CubeIDE/plugins/com.st.stm32cube.ide.mcu.externaltools.gnu-tools-for-stm32.12.3.rel1.win32_1.0.100.202403111256/tools/bin/../lib/gcc/arm-none-eabi/12.3.1/thumb/v7e-m+fp/hard/crtbegin.o

.rodata         0x08004738       0x44
                0x08004738                        . = ALIGN (0x4)
 *(.rodata)
 .rodata        0x08004738       0x16 ./Core/Src/NRF24L.o
 *(.rodata*)
 *fill*         0x0800474e        0x2 
 .rodata._ZZN6NRF24L6InitRXEPhhE10nRF24_ADDR
                0x08004750        0x3 ./Core/Src/NRF24L.o
 *fill*         0x08004753        0x1 
 .rodata._ZTV6NRF24L
                0x08004754       0x10 ./Core/Src/NRF24L.o
                0x08004754                vtable for NRF24L
 .rodata.AHBPrescTable
                0x08004764       0x10 ./Core/Src/system_stm32f4xx.o
                0x08004764                AHBPrescTable
 .rodata.APBPrescTable
                0x08004774        0x8 ./Core/Src/system_stm32f4xx.o
                0x08004774                APBPrescTable
                0x0800477c                        . = ALIGN (0x4)

.ARM.extab      0x0800477c        0x0
                0x0800477c                        . = ALIGN (0x4)
 *(.ARM.extab* .gnu.linkonce.armextab.*)
                0x0800477c                        . = ALIGN (0x4)

.ARM            0x0800477c        0x8
                0x0800477c                        . = ALIGN (0x4)
                0x0800477c                        __exidx_start = .
 *(.ARM.exidx*)
 .ARM.exidx     0x0800477c        0x8 D:/ST/STM32CubeIDE_1.6.1/STM32CubeIDE/plugins/com.st.stm32cube.ide.mcu.externaltools.gnu-tools-for-stm32.12.3.rel1.win32_1.0.100.202403111256/tools/bin/../lib/gcc/arm-none-eabi/12.3.1/thumb/v7e-m+fp/hard\libgcc.a(_udivmoddi4.o)
                0x08004784                        __exidx_end = .
                0x08004784                        . = ALIGN (0x4)

.preinit_array  0x08004784        0x0
                0x08004784                        . = ALIGN (0x4)
                0x08004784                        PROVIDE (__preinit_array_start = .)
 *(.preinit_array*)
                0x08004784                        PROVIDE (__preinit_array_end = .)
                0x08004784                        . = ALIGN (0x4)

.init_array     0x08004784        0x8
                0x08004784                        . = ALIGN (0x4)
                0x08004784                        PROVIDE (__init_array_start = .)
 *(SORT_BY_NAME(.init_array.*))
 *(.init_array*)
 .init_array    0x08004784        0x4 D:/ST/STM32CubeIDE_1.6.1/STM32CubeIDE/plugins/com.st.stm32cube.ide.mcu.externaltools.gnu-tools-for-stm32.12.3.rel1.win32_1.0.100.202403111256/tools/bin/../lib/gcc/arm-none-eabi/12.3.1/thumb/v7e-m+fp/hard/crtbegin.o
 .init_array    0x08004788        0x4 ./Core/Src/EventLoop.o
                0x0800478c                        PROVIDE (__init_array_end = .)
                0x0800478c                        . = ALIGN (0x4)

.fini_array     0x0800478c        0x8
                0x0800478c                        . = ALIGN (0x4)
                [!provide]                        PROVIDE (__fini_array_start = .)
 *(SORT_BY_NAME(.fini_array.*))
 *(.fini_array*)
 .fini_array    0x0800478c        0x4 D:/ST/STM32CubeIDE_1.6.1/STM32CubeIDE/plugins/com.st.stm32cube.ide.mcu.externaltools.gnu-tools-for-stm32.12.3.rel1.win32_1.0.100.202403111256/tools/bin/../lib/gcc/arm-none-eabi/12.3.1/thumb/v7e-m+fp/hard/crtbegin.o
 .fini_array    0x08004790        0x4 ./Core/Src/EventLoop.o
                [!provide]                        PROVIDE (__fini_array_end = .)
                0x08004794                        . = ALIGN (0x4)
                0x08004794                        _sidata = LOADADDR (.data)

.rel.dyn        0x08004794        0x0
 .rel.iplt      0x08004794        0x0 D:/ST/STM32CubeIDE_1.6.1/STM32CubeIDE/plugins/com.st.stm32cube.ide.mcu.externaltools.gnu-tools-for-stm32.12.3.rel1.win32_1.0.100.202403111256/tools/bin/../lib/gcc/arm-none-eabi/12.3.1/thumb/v7e-m+fp/hard/crtbegin.o

.data           0x20000000       0x60 load address 0x08004794
                0x20000000                        . = ALIGN (0x4)
                0x20000000                        _sdata = .
 *(.data)
 *(.data*)
 .data.payload_length
                0x20000000        0x1 ./Core/Src/EventLoop.o
                0x20000000                payload_length
 *fill*         0x20000001        0x3 
 .data.SystemCoreClock
                0x20000004        0x4 ./Core/Src/system_stm32f4xx.o
                0x20000004                SystemCoreClock
 .data.uwTickPrio
                0x20000008        0x4 ./Drivers/STM32F4xx_HAL_Driver/Src/stm32f4xx_hal.o
                0x20000008                uwTickPrio
 .data.uwTickFreq
                0x2000000c        0x1 ./Drivers/STM32F4xx_HAL_Driver/Src/stm32f4xx_hal.o
                0x2000000c                uwTickFreq
 *fill*         0x2000000d        0x3 
 .data._impure_ptr
                0x20000010        0x4 D:/ST/STM32CubeIDE_1.6.1/STM32CubeIDE/plugins/com.st.stm32cube.ide.mcu.externaltools.gnu-tools-for-stm32.12.3.rel1.win32_1.0.100.202403111256/tools/bin/../lib/gcc/arm-none-eabi/12.3.1/../../../../arm-none-eabi/lib/thumb/v7e-m+fp/hard\libc_nano.a(libc_a-impure.o)
                0x20000010                _impure_ptr
 .data._impure_data
                0x20000014       0x4c D:/ST/STM32CubeIDE_1.6.1/STM32CubeIDE/plugins/com.st.stm32cube.ide.mcu.externaltools.gnu-tools-for-stm32.12.3.rel1.win32_1.0.100.202403111256/tools/bin/../lib/gcc/arm-none-eabi/12.3.1/../../../../arm-none-eabi/lib/thumb/v7e-m+fp/hard\libc_nano.a(libc_a-impure.o)
                0x20000014                _impure_data
 *(.RamFunc)
 *(.RamFunc*)
                0x20000060                        . = ALIGN (0x4)
                0x20000060                        _edata = .

.igot.plt       0x20000060        0x0 load address 0x080047f4
 .igot.plt      0x20000060        0x0 D:/ST/STM32CubeIDE_1.6.1/STM32CubeIDE/plugins/com.st.stm32cube.ide.mcu.externaltools.gnu-tools-for-stm32.12.3.rel1.win32_1.0.100.202403111256/tools/bin/../lib/gcc/arm-none-eabi/12.3.1/thumb/v7e-m+fp/hard/crtbegin.o
                0x20000060                        . = ALIGN (0x4)

.bss            0x20000060      0x294 load address 0x080047f4
                0x20000060                        _sbss = .
                0x20000060                        __bss_start__ = _sbss
 *(.bss)
 .bss           0x20000060       0x1c D:/ST/STM32CubeIDE_1.6.1/STM32CubeIDE/plugins/com.st.stm32cube.ide.mcu.externaltools.gnu-tools-for-stm32.12.3.rel1.win32_1.0.100.202403111256/tools/bin/../lib/gcc/arm-none-eabi/12.3.1/thumb/v7e-m+fp/hard/crtbegin.o
 *(.bss*)
 .bss.bmp280    0x2000007c       0x34 ./Core/Src/EventLoop.o
                0x2000007c                bmp280
 .bss.bmpDevice
                0x200000b0        0x4 ./Core/Src/EventLoop.o
                0x200000b0                bmpDevice
 .bss.pressure  0x200000b4        0x4 ./Core/Src/EventLoop.o
                0x200000b4                pressure
 .bss.temperature
                0x200000b8        0x4 ./Core/Src/EventLoop.o
                0x200000b8                temperature
 .bss.humidity  0x200000bc        0x4 ./Core/Src/EventLoop.o
                0x200000bc                humidity
 .bss.nrfDevice
                0x200000c0       0x24 ./Core/Src/EventLoop.o
                0x200000c0                nrfDevice
 .bss.nRF24_payload
                0x200000e4       0x20 ./Core/Src/EventLoop.o
                0x200000e4                nRF24_payload
 .bss.hi2c1     0x20000104       0x54 ./Core/Src/i2c.o
                0x20000104                hi2c1
 .bss.hspi2     0x20000158       0x58 ./Core/Src/spi.o
                0x20000158                hspi2
 .bss.uwTick    0x200001b0        0x4 ./Drivers/STM32F4xx_HAL_Driver/Src/stm32f4xx_hal.o
                0x200001b0                uwTick
 .bss.__malloc_free_list
                0x200001b4        0x4 D:/ST/STM32CubeIDE_1.6.1/STM32CubeIDE/plugins/com.st.stm32cube.ide.mcu.externaltools.gnu-tools-for-stm32.12.3.rel1.win32_1.0.100.202403111256/tools/bin/../lib/gcc/arm-none-eabi/12.3.1/../../../../arm-none-eabi/lib/thumb/v7e-m+fp/hard\libc_nano.a(libc_a-mallocr.o)
                0x200001b4                __malloc_free_list
 .bss.__sf      0x200001b8      0x138 D:/ST/STM32CubeIDE_1.6.1/STM32CubeIDE/plugins/com.st.stm32cube.ide.mcu.externaltools.gnu-tools-for-stm32.12.3.rel1.win32_1.0.100.202403111256/tools/bin/../lib/gcc/arm-none-eabi/12.3.1/../../../../arm-none-eabi/lib/thumb/v7e-m+fp/hard\libc_nano.a(libc_a-findfp.o)
                0x200001b8                __sf
 .bss.__lock___malloc_recursive_mutex
                0x200002f0        0x1 D:/ST/STM32CubeIDE_1.6.1/STM32CubeIDE/plugins/com.st.stm32cube.ide.mcu.externaltools.gnu-tools-for-stm32.12.3.rel1.win32_1.0.100.202403111256/tools/bin/../lib/gcc/arm-none-eabi/12.3.1/../../../../arm-none-eabi/lib/thumb/v7e-m+fp/hard\libc_nano.a(libc_a-lock.o)
                0x200002f0                __lock___malloc_recursive_mutex
 *(COMMON)
                0x200002f4                        . = ALIGN (0x4)
 *fill*         0x200002f1        0x3 
                0x200002f4                        _ebss = .
                0x200002f4                        __bss_end__ = _ebss

._user_heap_stack
                0x200002f4      0x604 load address 0x080047f4
                0x200002f8                        . = ALIGN (0x8)
 *fill*         0x200002f4        0x4 
                [!provide]                        PROVIDE (end = .)
                0x200002f8                        PROVIDE (_end = .)
                0x200004f8                        . = (. + _Min_Heap_Size)
 *fill*         0x200002f8      0x200 
                0x200008f8                        . = (. + _Min_Stack_Size)
 *fill*         0x200004f8      0x400 
                0x200008f8                        . = ALIGN (0x8)

/DISCARD/
 libc.a(*)
 libm.a(*)
 libgcc.a(*)

.ARM.attributes
                0x00000000       0x30
 *(.ARM.attributes)
 .ARM.attributes
                0x00000000       0x22 D:/ST/STM32CubeIDE_1.6.1/STM32CubeIDE/plugins/com.st.stm32cube.ide.mcu.externaltools.gnu-tools-for-stm32.12.3.rel1.win32_1.0.100.202403111256/tools/bin/../lib/gcc/arm-none-eabi/12.3.1/thumb/v7e-m+fp/hard/crti.o
 .ARM.attributes
                0x00000022       0x34 D:/ST/STM32CubeIDE_1.6.1/STM32CubeIDE/plugins/com.st.stm32cube.ide.mcu.externaltools.gnu-tools-for-stm32.12.3.rel1.win32_1.0.100.202403111256/tools/bin/../lib/gcc/arm-none-eabi/12.3.1/thumb/v7e-m+fp/hard/crtbegin.o
 .ARM.attributes
                0x00000056       0x34 ./Core/Src/EventLoop.o
 .ARM.attributes
                0x0000008a       0x34 ./Core/Src/NRF24L.o
 .ARM.attributes
                0x000000be       0x34 ./Core/Src/bmp280.o
 .ARM.attributes
                0x000000f2       0x34 ./Core/Src/gpio.o
 .ARM.attributes
                0x00000126       0x34 ./Core/Src/i2c.o
 .ARM.attributes
                0x0000015a       0x34 ./Core/Src/main.o
 .ARM.attributes
                0x0000018e       0x34 ./Core/Src/spi.o
 .ARM.attributes
                0x000001c2       0x34 ./Core/Src/stm32f4xx_hal_msp.o
 .ARM.attributes
                0x000001f6       0x34 ./Core/Src/stm32f4xx_it.o
 .ARM.attributes
                0x0000022a       0x34 ./Core/Src/system_stm32f4xx.o
 .ARM.attributes
                0x0000025e       0x21 ./Core/Startup/startup_stm32f411ceux.o
 .ARM.attributes
                0x0000027f       0x34 ./Drivers/STM32F4xx_HAL_Driver/Src/stm32f4xx_hal.o
 .ARM.attributes
                0x000002b3       0x34 ./Drivers/STM32F4xx_HAL_Driver/Src/stm32f4xx_hal_cortex.o
 .ARM.attributes
                0x000002e7       0x34 ./Drivers/STM32F4xx_HAL_Driver/Src/stm32f4xx_hal_gpio.o
 .ARM.attributes
                0x0000031b       0x34 ./Drivers/STM32F4xx_HAL_Driver/Src/stm32f4xx_hal_i2c.o
 .ARM.attributes
                0x0000034f       0x34 ./Drivers/STM32F4xx_HAL_Driver/Src/stm32f4xx_hal_rcc.o
 .ARM.attributes
                0x00000383       0x34 ./Drivers/STM32F4xx_HAL_Driver/Src/stm32f4xx_hal_spi.o
 .ARM.attributes
                0x000003b7       0x34 D:/ST/STM32CubeIDE_1.6.1/STM32CubeIDE/plugins/com.st.stm32cube.ide.mcu.externaltools.gnu-tools-for-stm32.12.3.rel1.win32_1.0.100.202403111256/tools/bin/../lib/gcc/arm-none-eabi/12.3.1/../../../../arm-none-eabi/lib/thumb/v7e-m+fp/hard\libstdc++_nano.a(del_ops.o)
 .ARM.attributes
                0x000003eb       0x34 D:/ST/STM32CubeIDE_1.6.1/STM32CubeIDE/plugins/com.st.stm32cube.ide.mcu.externaltools.gnu-tools-for-stm32.12.3.rel1.win32_1.0.100.202403111256/tools/bin/../lib/gcc/arm-none-eabi/12.3.1/../../../../arm-none-eabi/lib/thumb/v7e-m+fp/hard\libstdc++_nano.a(del_op.o)
 .ARM.attributes
                0x0000041f       0x34 D:/ST/STM32CubeIDE_1.6.1/STM32CubeIDE/plugins/com.st.stm32cube.ide.mcu.externaltools.gnu-tools-for-stm32.12.3.rel1.win32_1.0.100.202403111256/tools/bin/../lib/gcc/arm-none-eabi/12.3.1/../../../../arm-none-eabi/lib/thumb/v7e-m+fp/hard\libc_nano.a(libc_a-malloc.o)
 .ARM.attributes
                0x00000453       0x34 D:/ST/STM32CubeIDE_1.6.1/STM32CubeIDE/plugins/com.st.stm32cube.ide.mcu.externaltools.gnu-tools-for-stm32.12.3.rel1.win32_1.0.100.202403111256/tools/bin/../lib/gcc/arm-none-eabi/12.3.1/../../../../arm-none-eabi/lib/thumb/v7e-m+fp/hard\libc_nano.a(libc_a-mallocr.o)
 .ARM.attributes
                0x00000487       0x34 D:/ST/STM32CubeIDE_1.6.1/STM32CubeIDE/plugins/com.st.stm32cube.ide.mcu.externaltools.gnu-tools-for-stm32.12.3.rel1.win32_1.0.100.202403111256/tools/bin/../lib/gcc/arm-none-eabi/12.3.1/../../../../arm-none-eabi/lib/thumb/v7e-m+fp/hard\libc_nano.a(libc_a-mlock.o)
 .ARM.attributes
                0x000004bb       0x34 D:/ST/STM32CubeIDE_1.6.1/STM32CubeIDE/plugins/com.st.stm32cube.ide.mcu.externaltools.gnu-tools-for-stm32.12.3.rel1.win32_1.0.100.202403111256/tools/bin/../lib/gcc/arm-none-eabi/12.3.1/../../../../arm-none-eabi/lib/thumb/v7e-m+fp/hard\libc_nano.a(libc_a-findfp.o)
 .ARM.attributes
                0x000004ef       0x34 D:/ST/STM32CubeIDE_1.6.1/STM32CubeIDE/plugins/com.st.stm32cube.ide.mcu.externaltools.gnu-tools-for-stm32.12.3.rel1.win32_1.0.100.202403111256/tools/bin/../lib/gcc/arm-none-eabi/12.3.1/../../../../arm-none-eabi/lib/thumb/v7e-m+fp/hard\libc_nano.a(libc_a-memset.o)
 .ARM.attributes
                0x00000523       0x34 D:/ST/STM32CubeIDE_1.6.1/STM32CubeIDE/plugins/com.st.stm32cube.ide.mcu.externaltools.gnu-tools-for-stm32.12.3.rel1.win32_1.0.100.202403111256/tools/bin/../lib/gcc/arm-none-eabi/12.3.1/../../../../arm-none-eabi/lib/thumb/v7e-m+fp/hard\libc_nano.a(libc_a-impure.o)
 .ARM.attributes
                0x00000557       0x34 D:/ST/STM32CubeIDE_1.6.1/STM32CubeIDE/plugins/com.st.stm32cube.ide.mcu.externaltools.gnu-tools-for-stm32.12.3.rel1.win32_1.0.100.202403111256/tools/bin/../lib/gcc/arm-none-eabi/12.3.1/../../../../arm-none-eabi/lib/thumb/v7e-m+fp/hard\libc_nano.a(libc_a-init.o)
 .ARM.attributes
                0x0000058b       0x34 D:/ST/STM32CubeIDE_1.6.1/STM32CubeIDE/plugins/com.st.stm32cube.ide.mcu.externaltools.gnu-tools-for-stm32.12.3.rel1.win32_1.0.100.202403111256/tools/bin/../lib/gcc/arm-none-eabi/12.3.1/../../../../arm-none-eabi/lib/thumb/v7e-m+fp/hard\libc_nano.a(libc_a-lock.o)
 .ARM.attributes
                0x000005bf       0x34 D:/ST/STM32CubeIDE_1.6.1/STM32CubeIDE/plugins/com.st.stm32cube.ide.mcu.externaltools.gnu-tools-for-stm32.12.3.rel1.win32_1.0.100.202403111256/tools/bin/../lib/gcc/arm-none-eabi/12.3.1/../../../../arm-none-eabi/lib/thumb/v7e-m+fp/hard\libc_nano.a(libc_a-freer.o)
 .ARM.attributes
                0x000005f3       0x22 D:/ST/STM32CubeIDE_1.6.1/STM32CubeIDE/plugins/com.st.stm32cube.ide.mcu.externaltools.gnu-tools-for-stm32.12.3.rel1.win32_1.0.100.202403111256/tools/bin/../lib/gcc/arm-none-eabi/12.3.1/thumb/v7e-m+fp/hard\libgcc.a(_aeabi_ldivmod.o)
 .ARM.attributes
                0x00000615       0x22 D:/ST/STM32CubeIDE_1.6.1/STM32CubeIDE/plugins/com.st.stm32cube.ide.mcu.externaltools.gnu-tools-for-stm32.12.3.rel1.win32_1.0.100.202403111256/tools/bin/../lib/gcc/arm-none-eabi/12.3.1/thumb/v7e-m+fp/hard\libgcc.a(_aeabi_uldivmod.o)
 .ARM.attributes
                0x00000637       0x34 D:/ST/STM32CubeIDE_1.6.1/STM32CubeIDE/plugins/com.st.stm32cube.ide.mcu.externaltools.gnu-tools-for-stm32.12.3.rel1.win32_1.0.100.202403111256/tools/bin/../lib/gcc/arm-none-eabi/12.3.1/thumb/v7e-m+fp/hard\libgcc.a(_udivmoddi4.o)
 .ARM.attributes
                0x0000066b       0x22 D:/ST/STM32CubeIDE_1.6.1/STM32CubeIDE/plugins/com.st.stm32cube.ide.mcu.externaltools.gnu-tools-for-stm32.12.3.rel1.win32_1.0.100.202403111256/tools/bin/../lib/gcc/arm-none-eabi/12.3.1/thumb/v7e-m+fp/hard\libgcc.a(_dvmd_tls.o)
 .ARM.attributes
                0x0000068d       0x22 D:/ST/STM32CubeIDE_1.6.1/STM32CubeIDE/plugins/com.st.stm32cube.ide.mcu.externaltools.gnu-tools-for-stm32.12.3.rel1.win32_1.0.100.202403111256/tools/bin/../lib/gcc/arm-none-eabi/12.3.1/thumb/v7e-m+fp/hard/crtn.o
OUTPUT(FrogClamp.elf elf32-littlearm)
LOAD linker stubs
LOAD D:/ST/STM32CubeIDE_1.6.1/STM32CubeIDE/plugins/com.st.stm32cube.ide.mcu.externaltools.gnu-tools-for-stm32.12.3.rel1.win32_1.0.100.202403111256/tools/bin/../lib/gcc/arm-none-eabi/12.3.1/../../../../arm-none-eabi/lib/thumb/v7e-m+fp/hard\libc.a
LOAD D:/ST/STM32CubeIDE_1.6.1/STM32CubeIDE/plugins/com.st.stm32cube.ide.mcu.externaltools.gnu-tools-for-stm32.12.3.rel1.win32_1.0.100.202403111256/tools/bin/../lib/gcc/arm-none-eabi/12.3.1/../../../../arm-none-eabi/lib/thumb/v7e-m+fp/hard\libm.a
LOAD D:/ST/STM32CubeIDE_1.6.1/STM32CubeIDE/plugins/com.st.stm32cube.ide.mcu.externaltools.gnu-tools-for-stm32.12.3.rel1.win32_1.0.100.202403111256/tools/bin/../lib/gcc/arm-none-eabi/12.3.1/thumb/v7e-m+fp/hard\libgcc.a

.debug_info     0x00000000     0xc506
 .debug_info    0x00000000     0x13e8 ./Core/Src/EventLoop.o
 .debug_info    0x000013e8     0x1b48 ./Core/Src/NRF24L.o
 .debug_info    0x00002f30     0x1176 ./Core/Src/bmp280.o
 .debug_info    0x000040a6      0x417 ./Core/Src/gpio.o
 .debug_info    0x000044bd      0x9a5 ./Core/Src/i2c.o
 .debug_info    0x00004e62      0x500 ./Core/Src/main.o
 .debug_info    0x00005362      0x980 ./Core/Src/spi.o
 .debug_info    0x00005ce2      0x291 ./Core/Src/stm32f4xx_hal_msp.o
 .debug_info    0x00005f73      0x112 ./Core/Src/stm32f4xx_it.o
 .debug_info    0x00006085      0x53e ./Core/Src/system_stm32f4xx.o
 .debug_info    0x000065c3       0x30 ./Core/Startup/startup_stm32f411ceux.o
 .debug_info    0x000065f3      0x8c4 ./Drivers/STM32F4xx_HAL_Driver/Src/stm32f4xx_hal.o
 .debug_info    0x00006eb7      0xcfc ./Drivers/STM32F4xx_HAL_Driver/Src/stm32f4xx_hal_cortex.o
 .debug_info    0x00007bb3      0x6f9 ./Drivers/STM32F4xx_HAL_Driver/Src/stm32f4xx_hal_gpio.o
 .debug_info    0x000082ac     0x2426 ./Drivers/STM32F4xx_HAL_Driver/Src/stm32f4xx_hal_i2c.o
 .debug_info    0x0000a6d2      0x904 ./Drivers/STM32F4xx_HAL_Driver/Src/stm32f4xx_hal_rcc.o
 .debug_info    0x0000afd6     0x1530 ./Drivers/STM32F4xx_HAL_Driver/Src/stm32f4xx_hal_spi.o

.debug_abbrev   0x00000000     0x23eb
 .debug_abbrev  0x00000000      0x37a ./Core/Src/EventLoop.o
 .debug_abbrev  0x0000037a      0x431 ./Core/Src/NRF24L.o
 .debug_abbrev  0x000007ab      0x365 ./Core/Src/bmp280.o
 .debug_abbrev  0x00000b10      0x151 ./Core/Src/gpio.o
 .debug_abbrev  0x00000c61      0x1f0 ./Core/Src/i2c.o
 .debug_abbrev  0x00000e51      0x1f6 ./Core/Src/main.o
 .debug_abbrev  0x00001047      0x1f8 ./Core/Src/spi.o
 .debug_abbrev  0x0000123f       0xd8 ./Core/Src/stm32f4xx_hal_msp.o
 .debug_abbrev  0x00001317       0x73 ./Core/Src/stm32f4xx_it.o
 .debug_abbrev  0x0000138a      0x11a ./Core/Src/system_stm32f4xx.o
 .debug_abbrev  0x000014a4       0x24 ./Core/Startup/startup_stm32f411ceux.o
 .debug_abbrev  0x000014c8      0x24b ./Drivers/STM32F4xx_HAL_Driver/Src/stm32f4xx_hal.o
 .debug_abbrev  0x00001713      0x31d ./Drivers/STM32F4xx_HAL_Driver/Src/stm32f4xx_hal_cortex.o
 .debug_abbrev  0x00001a30      0x1d3 ./Drivers/STM32F4xx_HAL_Driver/Src/stm32f4xx_hal_gpio.o
 .debug_abbrev  0x00001c03      0x2bc ./Drivers/STM32F4xx_HAL_Driver/Src/stm32f4xx_hal_i2c.o
 .debug_abbrev  0x00001ebf      0x2b6 ./Drivers/STM32F4xx_HAL_Driver/Src/stm32f4xx_hal_rcc.o
 .debug_abbrev  0x00002175      0x276 ./Drivers/STM32F4xx_HAL_Driver/Src/stm32f4xx_hal_spi.o

.debug_aranges  0x00000000      0xb80
 .debug_aranges
                0x00000000       0x48 ./Core/Src/EventLoop.o
 .debug_aranges
                0x00000048      0x1a8 ./Core/Src/NRF24L.o
 .debug_aranges
                0x000001f0       0x98 ./Core/Src/bmp280.o
 .debug_aranges
                0x00000288       0x20 ./Core/Src/gpio.o
 .debug_aranges
                0x000002a8       0x30 ./Core/Src/i2c.o
 .debug_aranges
                0x000002d8       0x30 ./Core/Src/main.o
 .debug_aranges
                0x00000308       0x30 ./Core/Src/spi.o
 .debug_aranges
                0x00000338       0x20 ./Core/Src/stm32f4xx_hal_msp.o
 .debug_aranges
                0x00000358       0x60 ./Core/Src/stm32f4xx_it.o
 .debug_aranges
                0x000003b8       0x28 ./Core/Src/system_stm32f4xx.o
 .debug_aranges
                0x000003e0       0x28 ./Core/Startup/startup_stm32f411ceux.o
 .debug_aranges
                0x00000408       0xf0 ./Drivers/STM32F4xx_HAL_Driver/Src/stm32f4xx_hal.o
 .debug_aranges
                0x000004f8      0x130 ./Drivers/STM32F4xx_HAL_Driver/Src/stm32f4xx_hal_cortex.o
 .debug_aranges
                0x00000628       0x58 ./Drivers/STM32F4xx_HAL_Driver/Src/stm32f4xx_hal_gpio.o
 .debug_aranges
                0x00000680      0x2a8 ./Drivers/STM32F4xx_HAL_Driver/Src/stm32f4xx_hal_i2c.o
 .debug_aranges
                0x00000928       0x88 ./Drivers/STM32F4xx_HAL_Driver/Src/stm32f4xx_hal_rcc.o
 .debug_aranges
                0x000009b0      0x1d0 ./Drivers/STM32F4xx_HAL_Driver/Src/stm32f4xx_hal_spi.o

.debug_rnglists
                0x00000000      0x8c0
 .debug_rnglists
                0x00000000       0x32 ./Core/Src/EventLoop.o
 .debug_rnglists
                0x00000032      0x13e ./Core/Src/NRF24L.o
 .debug_rnglists
                0x00000170       0x74 ./Core/Src/bmp280.o
 .debug_rnglists
                0x000001e4       0x14 ./Core/Src/gpio.o
 .debug_rnglists
                0x000001f8       0x20 ./Core/Src/i2c.o
 .debug_rnglists
                0x00000218       0x20 ./Core/Src/main.o
 .debug_rnglists
                0x00000238       0x20 ./Core/Src/spi.o
 .debug_rnglists
                0x00000258       0x13 ./Core/Src/stm32f4xx_hal_msp.o
 .debug_rnglists
                0x0000026b       0x43 ./Core/Src/stm32f4xx_it.o
 .debug_rnglists
                0x000002ae       0x1a ./Core/Src/system_stm32f4xx.o
 .debug_rnglists
                0x000002c8       0x19 ./Core/Startup/startup_stm32f411ceux.o
 .debug_rnglists
                0x000002e1       0xaf ./Drivers/STM32F4xx_HAL_Driver/Src/stm32f4xx_hal.o
 .debug_rnglists
                0x00000390       0xe0 ./Drivers/STM32F4xx_HAL_Driver/Src/stm32f4xx_hal_cortex.o
 .debug_rnglists
                0x00000470       0x3f ./Drivers/STM32F4xx_HAL_Driver/Src/stm32f4xx_hal_gpio.o
 .debug_rnglists
                0x000004af      0x23c ./Drivers/STM32F4xx_HAL_Driver/Src/stm32f4xx_hal_i2c.o
 .debug_rnglists
                0x000006eb       0x66 ./Drivers/STM32F4xx_HAL_Driver/Src/stm32f4xx_hal_rcc.o
 .debug_rnglists
                0x00000751      0x16f ./Drivers/STM32F4xx_HAL_Driver/Src/stm32f4xx_hal_spi.o

.debug_macro    0x00000000    0x18bd5
 .debug_macro   0x00000000      0x302 ./Core/Src/EventLoop.o
 .debug_macro   0x00000302      0xb8c ./Core/Src/EventLoop.o
 .debug_macro   0x00000e8e      0x29b ./Core/Src/EventLoop.o
 .debug_macro   0x00001129       0x2e ./Core/Src/EventLoop.o
 .debug_macro   0x00001157       0x28 ./Core/Src/EventLoop.o
 .debug_macro   0x0000117f       0x1c ./Core/Src/EventLoop.o
 .debug_macro   0x0000119b       0x22 ./Core/Src/EventLoop.o
 .debug_macro   0x000011bd       0x8e ./Core/Src/EventLoop.o
 .debug_macro   0x0000124b       0x51 ./Core/Src/EventLoop.o
 .debug_macro   0x0000129c      0x103 ./Core/Src/EventLoop.o
 .debug_macro   0x0000139f       0x6a ./Core/Src/EventLoop.o
 .debug_macro   0x00001409      0x1df ./Core/Src/EventLoop.o
 .debug_macro   0x000015e8       0x1c ./Core/Src/EventLoop.o
 .debug_macro   0x00001604       0x22 ./Core/Src/EventLoop.o
 .debug_macro   0x00001626       0xfb ./Core/Src/EventLoop.o
 .debug_macro   0x00001721     0x1011 ./Core/Src/EventLoop.o
 .debug_macro   0x00002732      0x11f ./Core/Src/EventLoop.o
 .debug_macro   0x00002851     0xb968 ./Core/Src/EventLoop.o
 .debug_macro   0x0000e1b9       0x6d ./Core/Src/EventLoop.o
 .debug_macro   0x0000e226     0x3693 ./Core/Src/EventLoop.o
 .debug_macro   0x000118b9      0x190 ./Core/Src/EventLoop.o
 .debug_macro   0x00011a49       0x5c ./Core/Src/EventLoop.o
 .debug_macro   0x00011aa5      0x45c ./Core/Src/EventLoop.o
 .debug_macro   0x00011f01      0x9e9 ./Core/Src/EventLoop.o
 .debug_macro   0x000128ea      0x115 ./Core/Src/EventLoop.o
 .debug_macro   0x000129ff      0x11b ./Core/Src/EventLoop.o
 .debug_macro   0x00012b1a       0xa5 ./Core/Src/EventLoop.o
 .debug_macro   0x00012bbf      0x15f ./Core/Src/EventLoop.o
 .debug_macro   0x00012d1e      0x287 ./Core/Src/EventLoop.o
 .debug_macro   0x00012fa5       0x5f ./Core/Src/EventLoop.o
 .debug_macro   0x00013004      0x236 ./Core/Src/EventLoop.o
 .debug_macro   0x0001323a      0x132 ./Core/Src/EventLoop.o
 .debug_macro   0x0001336c      0x264 ./Core/Src/EventLoop.o
 .debug_macro   0x000135d0       0x2e ./Core/Src/EventLoop.o
 .debug_macro   0x000135fe      0x1b5 ./Core/Src/EventLoop.o
 .debug_macro   0x000137b3       0x22 ./Core/Src/EventLoop.o
 .debug_macro   0x000137d5       0xd6 ./Core/Src/EventLoop.o
 .debug_macro   0x000138ab      0x127 ./Core/Src/EventLoop.o
 .debug_macro   0x000139d2       0x85 ./Core/Src/EventLoop.o
 .debug_macro   0x00013a57       0x89 ./Core/Src/EventLoop.o
 .debug_macro   0x00013ae0      0x225 ./Core/Src/EventLoop.o
 .debug_macro   0x00013d05      0x126 ./Core/Src/EventLoop.o
 .debug_macro   0x00013e2b       0x16 ./Core/Src/EventLoop.o
 .debug_macro   0x00013e41       0x1c ./Core/Src/EventLoop.o
 .debug_macro   0x00013e5d       0x61 ./Core/Src/EventLoop.o
 .debug_macro   0x00013ebe       0x2a ./Core/Src/EventLoop.o
 .debug_macro   0x00013ee8       0x43 ./Core/Src/EventLoop.o
 .debug_macro   0x00013f2b       0x34 ./Core/Src/EventLoop.o
 .debug_macro   0x00013f5f       0x16 ./Core/Src/EventLoop.o
 .debug_macro   0x00013f75       0x35 ./Core/Src/EventLoop.o
 .debug_macro   0x00013faa      0x38c ./Core/Src/EventLoop.o
 .debug_macro   0x00014336       0x10 ./Core/Src/EventLoop.o
 .debug_macro   0x00014346       0x16 ./Core/Src/EventLoop.o
 .debug_macro   0x0001435c       0x43 ./Core/Src/EventLoop.o
 .debug_macro   0x0001439f       0x34 ./Core/Src/EventLoop.o
 .debug_macro   0x000143d3       0x10 ./Core/Src/EventLoop.o
 .debug_macro   0x000143e3       0x58 ./Core/Src/EventLoop.o
 .debug_macro   0x0001443b       0x8e ./Core/Src/EventLoop.o
 .debug_macro   0x000144c9       0x16 ./Core/Src/EventLoop.o
 .debug_macro   0x000144df      0x177 ./Core/Src/EventLoop.o
 .debug_macro   0x00014656       0x16 ./Core/Src/EventLoop.o
 .debug_macro   0x0001466c       0x16 ./Core/Src/EventLoop.o
 .debug_macro   0x00014682      0x138 ./Core/Src/EventLoop.o
 .debug_macro   0x000147ba       0x52 ./Core/Src/EventLoop.o
 .debug_macro   0x0001480c      0x1a4 ./Core/Src/EventLoop.o
 .debug_macro   0x000149b0      0x1fc ./Core/Src/NRF24L.o
 .debug_macro   0x00014bac       0x4c ./Core/Src/NRF24L.o
 .debug_macro   0x00014bf8      0x19e ./Core/Src/NRF24L.o
 .debug_macro   0x00014d96      0x256 ./Core/Src/bmp280.o
 .debug_macro   0x00014fec      0x1ec ./Core/Src/gpio.o
 .debug_macro   0x000151d8      0xab4 ./Core/Src/gpio.o
 .debug_macro   0x00015c8c     0x1011 ./Core/Src/gpio.o
 .debug_macro   0x00016c9d      0x189 ./Core/Src/gpio.o
 .debug_macro   0x00016e26      0x1ec ./Core/Src/i2c.o
 .debug_macro   0x00017012      0x2e6 ./Core/Src/main.o
 .debug_macro   0x000172f8       0x34 ./Core/Src/main.o
 .debug_macro   0x0001732c       0x35 ./Core/Src/main.o
 .debug_macro   0x00017361      0x369 ./Core/Src/main.o
 .debug_macro   0x000176ca       0x43 ./Core/Src/main.o
 .debug_macro   0x0001770d       0x1c ./Core/Src/main.o
 .debug_macro   0x00017729      0x146 ./Core/Src/main.o
 .debug_macro   0x0001786f      0x1ec ./Core/Src/spi.o
 .debug_macro   0x00017a5b      0x1e2 ./Core/Src/stm32f4xx_hal_msp.o
 .debug_macro   0x00017c3d      0x1ec ./Core/Src/stm32f4xx_it.o
 .debug_macro   0x00017e29      0x1d3 ./Core/Src/system_stm32f4xx.o
 .debug_macro   0x00017ffc      0x233 ./Drivers/STM32F4xx_HAL_Driver/Src/stm32f4xx_hal.o
 .debug_macro   0x0001822f      0x1d3 ./Drivers/STM32F4xx_HAL_Driver/Src/stm32f4xx_hal_cortex.o
 .debug_macro   0x00018402      0x1d9 ./Drivers/STM32F4xx_HAL_Driver/Src/stm32f4xx_hal_gpio.o
 .debug_macro   0x000185db      0x221 ./Drivers/STM32F4xx_HAL_Driver/Src/stm32f4xx_hal_i2c.o
 .debug_macro   0x000187fc      0x1f7 ./Drivers/STM32F4xx_HAL_Driver/Src/stm32f4xx_hal_rcc.o
 .debug_macro   0x000189f3      0x1e2 ./Drivers/STM32F4xx_HAL_Driver/Src/stm32f4xx_hal_spi.o

.debug_line     0x00000000     0xe765
 .debug_line    0x00000000      0x9a0 ./Core/Src/EventLoop.o
 .debug_line    0x000009a0      0xe83 ./Core/Src/NRF24L.o
 .debug_line    0x00001823      0xe2f ./Core/Src/bmp280.o
 .debug_line    0x00002652      0x762 ./Core/Src/gpio.o
 .debug_line    0x00002db4      0x7b3 ./Core/Src/i2c.o
 .debug_line    0x00003567      0x93b ./Core/Src/main.o
 .debug_line    0x00003ea2      0x7bb ./Core/Src/spi.o
 .debug_line    0x0000465d      0x749 ./Core/Src/stm32f4xx_hal_msp.o
 .debug_line    0x00004da6      0x80c ./Core/Src/stm32f4xx_it.o
 .debug_line    0x000055b2      0x7bf ./Core/Src/system_stm32f4xx.o
 .debug_line    0x00005d71       0x7a ./Core/Startup/startup_stm32f411ceux.o
 .debug_line    0x00005deb      0xa37 ./Drivers/STM32F4xx_HAL_Driver/Src/stm32f4xx_hal.o
 .debug_line    0x00006822      0xd29 ./Drivers/STM32F4xx_HAL_Driver/Src/stm32f4xx_hal_cortex.o
 .debug_line    0x0000754b      0xb87 ./Drivers/STM32F4xx_HAL_Driver/Src/stm32f4xx_hal_gpio.o
 .debug_line    0x000080d2     0x3b78 ./Drivers/STM32F4xx_HAL_Driver/Src/stm32f4xx_hal_i2c.o
 .debug_line    0x0000bc4a      0xdc0 ./Drivers/STM32F4xx_HAL_Driver/Src/stm32f4xx_hal_rcc.o
 .debug_line    0x0000ca0a     0x1d5b ./Drivers/STM32F4xx_HAL_Driver/Src/stm32f4xx_hal_spi.o

.debug_str      0x00000000    0x89a7b
 .debug_str     0x00000000    0x86448 ./Core/Src/EventLoop.o
                              0x86941 (size before relaxing)
 .debug_str     0x00086448      0xa0b ./Core/Src/NRF24L.o
                              0x82ea8 (size before relaxing)
 .debug_str     0x00086e53      0x2d6 ./Core/Src/bmp280.o
                              0x82508 (size before relaxing)
 .debug_str     0x00087129      0x374 ./Core/Src/gpio.o
                              0x812e8 (size before relaxing)
 .debug_str     0x0008749d       0x68 ./Core/Src/i2c.o
                              0x8181c (size before relaxing)
 .debug_str     0x00087505      0x2ba ./Core/Src/main.o
                              0x84b2d (size before relaxing)
 .debug_str     0x000877bf       0x4b ./Core/Src/spi.o
                              0x81774 (size before relaxing)
 .debug_str     0x0008780a       0x2c ./Core/Src/stm32f4xx_hal_msp.o
                              0x8121d (size before relaxing)
 .debug_str     0x00087836       0xc9 ./Core/Src/stm32f4xx_it.o
                              0x81191 (size before relaxing)
 .debug_str     0x000878ff       0xdb ./Core/Src/system_stm32f4xx.o
                              0x811b1 (size before relaxing)
 .debug_str     0x000879da       0x44 ./Core/Startup/startup_stm32f411ceux.o
                                 0x7b (size before relaxing)
 .debug_str     0x00087a1e      0x945 ./Drivers/STM32F4xx_HAL_Driver/Src/stm32f4xx_hal.o
                              0x81bdd (size before relaxing)
 .debug_str     0x00088363      0x37f ./Drivers/STM32F4xx_HAL_Driver/Src/stm32f4xx_hal_cortex.o
                              0x81947 (size before relaxing)
 .debug_str     0x000886e2      0x11c ./Drivers/STM32F4xx_HAL_Driver/Src/stm32f4xx_hal_gpio.o
                              0x8132c (size before relaxing)
 .debug_str     0x000887fe      0xb39 ./Drivers/STM32F4xx_HAL_Driver/Src/stm32f4xx_hal_i2c.o
                              0x821c2 (size before relaxing)
 .debug_str     0x00089337      0x213 ./Drivers/STM32F4xx_HAL_Driver/Src/stm32f4xx_hal_rcc.o
                              0x815e5 (size before relaxing)
 .debug_str     0x0008954a      0x531 ./Drivers/STM32F4xx_HAL_Driver/Src/stm32f4xx_hal_spi.o
                              0x81a5d (size before relaxing)

.comment        0x00000000       0x43
 .comment       0x00000000       0x43 ./Core/Src/EventLoop.o
                                 0x44 (size before relaxing)
 .comment       0x00000043       0x44 ./Core/Src/NRF24L.o
 .comment       0x00000043       0x44 ./Core/Src/bmp280.o
 .comment       0x00000043       0x44 ./Core/Src/gpio.o
 .comment       0x00000043       0x44 ./Core/Src/i2c.o
 .comment       0x00000043       0x44 ./Core/Src/main.o
 .comment       0x00000043       0x44 ./Core/Src/spi.o
 .comment       0x00000043       0x44 ./Core/Src/stm32f4xx_hal_msp.o
 .comment       0x00000043       0x44 ./Core/Src/stm32f4xx_it.o
 .comment       0x00000043       0x44 ./Core/Src/system_stm32f4xx.o
 .comment       0x00000043       0x44 ./Drivers/STM32F4xx_HAL_Driver/Src/stm32f4xx_hal.o
 .comment       0x00000043       0x44 ./Drivers/STM32F4xx_HAL_Driver/Src/stm32f4xx_hal_cortex.o
 .comment       0x00000043       0x44 ./Drivers/STM32F4xx_HAL_Driver/Src/stm32f4xx_hal_gpio.o
 .comment       0x00000043       0x44 ./Drivers/STM32F4xx_HAL_Driver/Src/stm32f4xx_hal_i2c.o
 .comment       0x00000043       0x44 ./Drivers/STM32F4xx_HAL_Driver/Src/stm32f4xx_hal_rcc.o
 .comment       0x00000043       0x44 ./Drivers/STM32F4xx_HAL_Driver/Src/stm32f4xx_hal_spi.o

.debug_frame    0x00000000     0x31f0
 .debug_frame   0x00000000       0xcc ./Core/Src/EventLoop.o
 .debug_frame   0x000000cc      0x724 ./Core/Src/NRF24L.o
 .debug_frame   0x000007f0      0x274 ./Core/Src/bmp280.o
 .debug_frame   0x00000a64       0x34 ./Core/Src/gpio.o
 .debug_frame   0x00000a98       0x74 ./Core/Src/i2c.o
 .debug_frame   0x00000b0c       0x68 ./Core/Src/main.o
 .debug_frame   0x00000b74       0x74 ./Core/Src/spi.o
 .debug_frame   0x00000be8       0x38 ./Core/Src/stm32f4xx_hal_msp.o
 .debug_frame   0x00000c20      0x104 ./Core/Src/stm32f4xx_it.o
 .debug_frame   0x00000d24       0x58 ./Core/Src/system_stm32f4xx.o
 .debug_frame   0x00000d7c      0x374 ./Drivers/STM32F4xx_HAL_Driver/Src/stm32f4xx_hal.o
 .debug_frame   0x000010f0      0x508 ./Drivers/STM32F4xx_HAL_Driver/Src/stm32f4xx_hal_cortex.o
 .debug_frame   0x000015f8      0x14c ./Drivers/STM32F4xx_HAL_Driver/Src/stm32f4xx_hal_gpio.o
 .debug_frame   0x00001744      0xc84 ./Drivers/STM32F4xx_HAL_Driver/Src/stm32f4xx_hal_i2c.o
 .debug_frame   0x000023c8      0x1f4 ./Drivers/STM32F4xx_HAL_Driver/Src/stm32f4xx_hal_rcc.o
 .debug_frame   0x000025bc      0x828 ./Drivers/STM32F4xx_HAL_Driver/Src/stm32f4xx_hal_spi.o
 .debug_frame   0x00002de4       0x20 D:/ST/STM32CubeIDE_1.6.1/STM32CubeIDE/plugins/com.st.stm32cube.ide.mcu.externaltools.gnu-tools-for-stm32.12.3.rel1.win32_1.0.100.202403111256/tools/bin/../lib/gcc/arm-none-eabi/12.3.1/../../../../arm-none-eabi/lib/thumb/v7e-m+fp/hard\libstdc++_nano.a(del_ops.o)
 .debug_frame   0x00002e04       0x20 D:/ST/STM32CubeIDE_1.6.1/STM32CubeIDE/plugins/com.st.stm32cube.ide.mcu.externaltools.gnu-tools-for-stm32.12.3.rel1.win32_1.0.100.202403111256/tools/bin/../lib/gcc/arm-none-eabi/12.3.1/../../../../arm-none-eabi/lib/thumb/v7e-m+fp/hard\libstdc++_nano.a(del_op.o)
 .debug_frame   0x00002e24       0x30 D:/ST/STM32CubeIDE_1.6.1/STM32CubeIDE/plugins/com.st.stm32cube.ide.mcu.externaltools.gnu-tools-for-stm32.12.3.rel1.win32_1.0.100.202403111256/tools/bin/../lib/gcc/arm-none-eabi/12.3.1/../../../../arm-none-eabi/lib/thumb/v7e-m+fp/hard\libc_nano.a(libc_a-malloc.o)
 .debug_frame   0x00002e54       0x50 D:/ST/STM32CubeIDE_1.6.1/STM32CubeIDE/plugins/com.st.stm32cube.ide.mcu.externaltools.gnu-tools-for-stm32.12.3.rel1.win32_1.0.100.202403111256/tools/bin/../lib/gcc/arm-none-eabi/12.3.1/../../../../arm-none-eabi/lib/thumb/v7e-m+fp/hard\libc_nano.a(libc_a-mallocr.o)
 .debug_frame   0x00002ea4       0x30 D:/ST/STM32CubeIDE_1.6.1/STM32CubeIDE/plugins/com.st.stm32cube.ide.mcu.externaltools.gnu-tools-for-stm32.12.3.rel1.win32_1.0.100.202403111256/tools/bin/../lib/gcc/arm-none-eabi/12.3.1/../../../../arm-none-eabi/lib/thumb/v7e-m+fp/hard\libc_nano.a(libc_a-mlock.o)
 .debug_frame   0x00002ed4      0x144 D:/ST/STM32CubeIDE_1.6.1/STM32CubeIDE/plugins/com.st.stm32cube.ide.mcu.externaltools.gnu-tools-for-stm32.12.3.rel1.win32_1.0.100.202403111256/tools/bin/../lib/gcc/arm-none-eabi/12.3.1/../../../../arm-none-eabi/lib/thumb/v7e-m+fp/hard\libc_nano.a(libc_a-findfp.o)
 .debug_frame   0x00003018       0x20 D:/ST/STM32CubeIDE_1.6.1/STM32CubeIDE/plugins/com.st.stm32cube.ide.mcu.externaltools.gnu-tools-for-stm32.12.3.rel1.win32_1.0.100.202403111256/tools/bin/../lib/gcc/arm-none-eabi/12.3.1/../../../../arm-none-eabi/lib/thumb/v7e-m+fp/hard\libc_nano.a(libc_a-memset.o)
 .debug_frame   0x00003038       0x2c D:/ST/STM32CubeIDE_1.6.1/STM32CubeIDE/plugins/com.st.stm32cube.ide.mcu.externaltools.gnu-tools-for-stm32.12.3.rel1.win32_1.0.100.202403111256/tools/bin/../lib/gcc/arm-none-eabi/12.3.1/../../../../arm-none-eabi/lib/thumb/v7e-m+fp/hard\libc_nano.a(libc_a-init.o)
 .debug_frame   0x00003064       0xb0 D:/ST/STM32CubeIDE_1.6.1/STM32CubeIDE/plugins/com.st.stm32cube.ide.mcu.externaltools.gnu-tools-for-stm32.12.3.rel1.win32_1.0.100.202403111256/tools/bin/../lib/gcc/arm-none-eabi/12.3.1/../../../../arm-none-eabi/lib/thumb/v7e-m+fp/hard\libc_nano.a(libc_a-lock.o)
 .debug_frame   0x00003114       0x38 D:/ST/STM32CubeIDE_1.6.1/STM32CubeIDE/plugins/com.st.stm32cube.ide.mcu.externaltools.gnu-tools-for-stm32.12.3.rel1.win32_1.0.100.202403111256/tools/bin/../lib/gcc/arm-none-eabi/12.3.1/../../../../arm-none-eabi/lib/thumb/v7e-m+fp/hard\libc_nano.a(libc_a-freer.o)
 .debug_frame   0x0000314c       0x44 D:/ST/STM32CubeIDE_1.6.1/STM32CubeIDE/plugins/com.st.stm32cube.ide.mcu.externaltools.gnu-tools-for-stm32.12.3.rel1.win32_1.0.100.202403111256/tools/bin/../lib/gcc/arm-none-eabi/12.3.1/thumb/v7e-m+fp/hard\libgcc.a(_aeabi_ldivmod.o)
 .debug_frame   0x00003190       0x2c D:/ST/STM32CubeIDE_1.6.1/STM32CubeIDE/plugins/com.st.stm32cube.ide.mcu.externaltools.gnu-tools-for-stm32.12.3.rel1.win32_1.0.100.202403111256/tools/bin/../lib/gcc/arm-none-eabi/12.3.1/thumb/v7e-m+fp/hard\libgcc.a(_aeabi_uldivmod.o)
 .debug_frame   0x000031bc       0x34 D:/ST/STM32CubeIDE_1.6.1/STM32CubeIDE/plugins/com.st.stm32cube.ide.mcu.externaltools.gnu-tools-for-stm32.12.3.rel1.win32_1.0.100.202403111256/tools/bin/../lib/gcc/arm-none-eabi/12.3.1/thumb/v7e-m+fp/hard\libgcc.a(_udivmoddi4.o)

.debug_line_str
                0x00000000       0x5f
 .debug_line_str
                0x00000000       0x5f ./Core/Startup/startup_stm32f411ceux.o
